#
# There is insufficient memory for the Java Runtime Environment to continue.
# Native memory allocation (malloc) failed to allocate 1556496 bytes. Error detail: Chunk::new
# Possible reasons:
#   The system is out of physical RAM or swap space
#   This process is running with CompressedOops enabled, and the Java Heap may be blocking the growth of the native heap
# Possible solutions:
#   Reduce memory load on the system
#   Increase physical memory or swap space
#   Check if swap backing store is full
#   Decrease Java heap size (-Xmx/-Xms)
#   Decrease number of Java threads
#   Decrease Java thread stack sizes (-Xss)
#   Set larger code cache with -XX:ReservedCodeCacheSize=
#   JVM is running with Zero Based Compressed Oops mode in which the Java heap is
#     placed in the first 32GB address space. The Java Heap base address is the
#     maximum limit for the native heap growth. Please use -XX:HeapBaseMinAddress
#     to set the Java Heap base and to place the Java Heap above 32GB virtual address.
# This output file may be truncated or incomplete.
#
#  Out of Memory Error (arena.cpp:168), pid=7284, tid=24796
#
# JRE version: OpenJDK Runtime Environment Temurin-21.0.12.1+1 (21.0.12.1+1) (build 21.0.12.1+1-LTS)
# Java VM: OpenJDK 64-Bit Server VM Temurin-21.0.12.1+1 (21.0.12.1+1-LTS, mixed mode, sharing, tiered, compressed oops, compressed class ptrs, g1 gc, windows-amd64)
# No core dump will be written. Minidumps are not enabled by default on client versions of Windows
#

---------------  S U M M A R Y ------------

Command Line: --add-opens=java.base/java.util=ALL-UNNAMED --add-opens=java.base/java.lang=ALL-UNNAMED --add-opens=java.base/java.lang.invoke=ALL-UNNAMED --add-opens=java.prefs/java.util.prefs=ALL-UNNAMED --add-opens=java.base/java.nio.charset=ALL-UNNAMED --add-opens=java.base/java.net=ALL-UNNAMED --add-opens=java.base/java.util.concurrent.atomic=ALL-UNNAMED -Xmx3G -Dfile.encoding=utf8 -Duser.country=ID -Duser.language=en -Duser.variant -javaagent:C:\Users\aflahal01\.gradle\wrapper\dists\gradle-8.8-bin\dl7vupf4psengwqhwktix4v1\gradle-8.8\lib\agents\gradle-instrumentation-agent-8.8.jar org.gradle.launcher.daemon.bootstrap.GradleDaemon 8.8

Host: 12th Gen Intel(R) Core(TM) i5-12450H, 12 cores, 15G,  Windows 11 , 64 bit Build 26100 (10.0.26100.9444)
Time: Mon Sep 14 03:06:52 2026 SE Asia Standard Time elapsed time: 910.083553 seconds (0d 0h 15m 10s)

---------------  T H R E A D  ---------------

Current thread (0x000001a1a1323170):  JavaThread "C2 CompilerThread0" daemon [_thread_in_native, id=24796, stack(0x000000911df00000,0x000000911e000000) (1024K)]


Current CompileTask:
C2:910084 18396       4       java.lang.invoke.DelegatingMethodHandle::makeReinvokerForm (326 bytes)

Stack: [0x000000911df00000,0x000000911e000000]
Native frames: (J=compiled Java code, j=interpreted, Vv=VM code, C=native code)
V  [jvm.dll+0x6d83e9]
V  [jvm.dll+0x8b5736]
V  [jvm.dll+0x8b7cee]
V  [jvm.dll+0x8b83d3]
V  [jvm.dll+0x284596]
V  [jvm.dll+0xc685d]
V  [jvm.dll+0xc6da1]
V  [jvm.dll+0x3bf151]
V  [jvm.dll+0x38b6d2]
V  [jvm.dll+0x38ab1a]
V  [jvm.dll+0x24c700]
V  [jvm.dll+0x24bce0]
V  [jvm.dll+0x1cb4ae]
V  [jvm.dll+0x25baad]
V  [jvm.dll+0x25a03a]
V  [jvm.dll+0x3f8aae]
V  [jvm.dll+0x8600cd]
V  [jvm.dll+0x6d6c1d]
C  [ucrtbase.dll+0x2cd30]
C  [KERNEL32.DLL+0x2cd87]
C  [ntdll.dll+0xacaec]


---------------  P R O C E S S  ---------------

Threads class SMR info:
_java_thread_list=0x000001a1ec2b94e0, length=75, elements={
0x000001a18836e110, 0x000001a1a13118f0, 0x000001a1a1316370, 0x000001a1a1319930,
0x000001a1a131ace0, 0x000001a1a131b370, 0x000001a1a131ba00, 0x000001a1a1323170,
0x000001a1a13309f0, 0x000001a1a131c090, 0x000001a1a131c720, 0x000001a1a131cdb0,
0x000001a1a1319fc0, 0x000001a1e7ed51a0, 0x000001a1e7ed6550, 0x000001a1e7ed3df0,
0x000001a1e7ed9340, 0x000001a1e7ed8620, 0x000001a1e7eda060, 0x000001a1e9d1d4b0,
0x000001a1e9d1db40, 0x000001a1e9d1c790, 0x000001a1e9d20930, 0x000001a1e8281840,
0x000001a1e8281ed0, 0x000001a1e8b17190, 0x000001a1e8b13d10, 0x000001a1a131a650,
0x000001a1ec633e00, 0x000001a1ec6351b0, 0x000001a1ec634490, 0x000001a1e8b17820,
0x000001a1e8b17eb0, 0x000001a1e8b16b00, 0x000001a1e8b13680, 0x000001a1eab25c10,
0x000001a1e8b150c0, 0x000001a1e7ed7900, 0x000001a1e7ed4480, 0x000001a1e7ed2a40,
0x000001a1e7ed30d0, 0x000001a1e7ed6be0, 0x000001a1e7ed5830, 0x000001a1e7ed5ec0,
0x000001a1e7ed3760, 0x000001a1e7ed7f90, 0x000001a1e7ed7270, 0x000001a1eab28370,
0x000001a1eab24ef0, 0x000001a1eab25580, 0x000001a1eab26930, 0x000001a1eab29090,
0x000001a1eab29720, 0x000001a1eab26fc0, 0x000001a1eab262a0, 0x000001a1eab29db0,
0x000001a1eab2a440, 0x000001a1eab2aad0, 0x000001a1eab27650, 0x000001a1eab2b7f0,
0x000001a1eab2c510, 0x000001a1eab2be80, 0x000001a1eab2b160, 0x000001a1e827ea50,
0x000001a1e8280490, 0x000001a1e827f770, 0x000001a1e8280b20, 0x000001a1e8282560,
0x000001a1e8282bf0, 0x000001a1e8283280, 0x000001a1e827fe00, 0x000001a1e8283fa0,
0x000001a1e8286070, 0x000001a1e8284630, 0x000001a1e8284cc0
}

Java Threads: ( => current thread )
  0x000001a18836e110 JavaThread "main"                              [_thread_blocked, id=30608, stack(0x000000911d100000,0x000000911d200000) (1024K)]
  0x000001a1a13118f0 JavaThread "Reference Handler"          daemon [_thread_blocked, id=16804, stack(0x000000911d900000,0x000000911da00000) (1024K)]
  0x000001a1a1316370 JavaThread "Finalizer"                  daemon [_thread_blocked, id=17320, stack(0x000000911da00000,0x000000911db00000) (1024K)]
  0x000001a1a1319930 JavaThread "Signal Dispatcher"          daemon [_thread_blocked, id=5824, stack(0x000000911db00000,0x000000911dc00000) (1024K)]
  0x000001a1a131ace0 JavaThread "Attach Listener"            daemon [_thread_blocked, id=21992, stack(0x000000911dc00000,0x000000911dd00000) (1024K)]
  0x000001a1a131b370 JavaThread "Service Thread"             daemon [_thread_blocked, id=3828, stack(0x000000911dd00000,0x000000911de00000) (1024K)]
  0x000001a1a131ba00 JavaThread "Monitor Deflation Thread"   daemon [_thread_blocked, id=33580, stack(0x000000911de00000,0x000000911df00000) (1024K)]
=>0x000001a1a1323170 JavaThread "C2 CompilerThread0"         daemon [_thread_in_native, id=24796, stack(0x000000911df00000,0x000000911e000000) (1024K)]
  0x000001a1a13309f0 JavaThread "C1 CompilerThread0"         daemon [_thread_blocked, id=22876, stack(0x000000911e000000,0x000000911e100000) (1024K)]
  0x000001a1a131c090 JavaThread "Common-Cleaner"             daemon [_thread_blocked, id=7360, stack(0x000000911e100000,0x000000911e200000) (1024K)]
  0x000001a1a131c720 JavaThread "Notification Thread"        daemon [_thread_blocked, id=33092, stack(0x000000911e200000,0x000000911e300000) (1024K)]
  0x000001a1a131cdb0 JavaThread "Daemon health stats"               [_thread_blocked, id=34720, stack(0x000000911e800000,0x000000911e900000) (1024K)]
  0x000001a1a1319fc0 JavaThread "Incoming local TCP Connector on port 62645"        [_thread_in_native, id=20668, stack(0x000000911e900000,0x000000911ea00000) (1024K)]
  0x000001a1e7ed51a0 JavaThread "Daemon periodic checks"            [_thread_blocked, id=34736, stack(0x000000911ea00000,0x000000911eb00000) (1024K)]
  0x000001a1e7ed6550 JavaThread "Cache worker for journal cache (C:\Users\aflahal01\.gradle\caches\journal-1)"        [_thread_blocked, id=14448, stack(0x000000911f200000,0x000000911f300000) (1024K)]
  0x000001a1e7ed3df0 JavaThread "File lock request listener"        [_thread_in_native, id=2792, stack(0x000000911f300000,0x000000911f400000) (1024K)]
  0x000001a1e7ed9340 JavaThread "Cache worker for file hash cache (C:\Users\aflahal01\.gradle\caches\8.8\fileHashes)"        [_thread_blocked, id=33380, stack(0x000000911f400000,0x000000911f500000) (1024K)]
  0x000001a1e7ed8620 JavaThread "File watcher server"        daemon [_thread_in_native, id=30560, stack(0x000000911fc00000,0x000000911fd00000) (1024K)]
  0x000001a1e7eda060 JavaThread "File watcher consumer"      daemon [_thread_blocked, id=22380, stack(0x000000911fd00000,0x000000911fe00000) (1024K)]
  0x000001a1e9d1d4b0 JavaThread "Cache worker for file content cache (C:\Users\aflahal01\.gradle\caches\8.8\fileContent)"        [_thread_blocked, id=8436, stack(0x000000911ff00000,0x0000009120000000) (1024K)]
  0x000001a1e9d1db40 JavaThread "jar transforms"                    [_thread_blocked, id=33316, stack(0x0000009120200000,0x0000009120300000) (1024K)]
  0x000001a1e9d1c790 JavaThread "jar transforms Thread 2"           [_thread_blocked, id=25620, stack(0x0000009120400000,0x0000009120500000) (1024K)]
  0x000001a1e9d20930 JavaThread "jar transforms Thread 3"           [_thread_blocked, id=20272, stack(0x0000009120500000,0x0000009120600000) (1024K)]
  0x000001a1e8281840 JavaThread "jar transforms Thread 4"           [_thread_blocked, id=27744, stack(0x0000009120c00000,0x0000009120d00000) (1024K)]
  0x000001a1e8281ed0 JavaThread "jar transforms Thread 5"           [_thread_blocked, id=6668, stack(0x0000009120e00000,0x0000009120f00000) (1024K)]
  0x000001a1e8b17190 JavaThread "Memory manager"                    [_thread_blocked, id=16540, stack(0x0000009123100000,0x0000009123200000) (1024K)]
  0x000001a1e8b13d10 JavaThread "jar transforms Thread 6"           [_thread_blocked, id=18140, stack(0x0000009123200000,0x0000009123300000) (1024K)]
  0x000001a1a131a650 JavaThread "ForkJoinPool.commonPool-worker-5" daemon [_thread_blocked, id=26164, stack(0x0000009123e00000,0x0000009123f00000) (1024K)]
  0x000001a1ec633e00 JavaThread "ForkJoinPool.commonPool-worker-6" daemon [_thread_blocked, id=27232, stack(0x0000009123f00000,0x0000009124000000) (1024K)]
  0x000001a1ec6351b0 JavaThread "ForkJoinPool.commonPool-worker-9" daemon [_thread_blocked, id=33916, stack(0x0000009124200000,0x0000009124300000) (1024K)]
  0x000001a1ec634490 JavaThread "ForkJoinPool.commonPool-worker-10" daemon [_thread_blocked, id=27448, stack(0x0000009124300000,0x0000009124400000) (1024K)]
  0x000001a1e8b17820 JavaThread "ForkJoinPool.commonPool-worker-13" daemon [_thread_blocked, id=32004, stack(0x0000009123900000,0x0000009123a00000) (1024K)]
  0x000001a1e8b17eb0 JavaThread "ForkJoinPool.commonPool-worker-15" daemon [_thread_blocked, id=35544, stack(0x0000009123b00000,0x0000009123c00000) (1024K)]
  0x000001a1e8b16b00 JavaThread "ForkJoinPool.commonPool-worker-16" daemon [_thread_blocked, id=30964, stack(0x0000009124000000,0x0000009124100000) (1024K)]
  0x000001a1e8b13680 JavaThread "ForkJoinPool.commonPool-worker-18" daemon [_thread_blocked, id=23948, stack(0x0000009124700000,0x0000009124800000) (1024K)]
  0x000001a1eab25c10 JavaThread "File lock release action executor Thread 4"        [_thread_blocked, id=11348, stack(0x000000911ce00000,0x000000911cf00000) (1024K)]
  0x000001a1e8b150c0 JavaThread "ForkJoinPool.commonPool-worker-19" daemon [_thread_blocked, id=23540, stack(0x0000009123a00000,0x0000009123b00000) (1024K)]
  0x000001a1e7ed7900 JavaThread "ForkJoinPool.commonPool-worker-20" daemon [_thread_blocked, id=29312, stack(0x0000009123800000,0x0000009123900000) (1024K)]
  0x000001a1e7ed4480 JavaThread "Daemon Thread 7"                   [_thread_blocked, id=26696, stack(0x000000911cf00000,0x000000911d000000) (1024K)]
  0x000001a1e7ed2a40 JavaThread "Handler for socket connection from /127.0.0.1:62645 to /127.0.0.1:50639"        [_thread_in_native, id=16476, stack(0x000000911d000000,0x000000911d100000) (1024K)]
  0x000001a1e7ed30d0 JavaThread "Cancel handler"                    [_thread_blocked, id=21288, stack(0x000000911eb00000,0x000000911ec00000) (1024K)]
  0x000001a1e7ed6be0 JavaThread "Daemon worker Thread 5"            [_thread_in_native, id=3332, stack(0x000000911ec00000,0x000000911ed00000) (1024K)]
  0x000001a1e7ed5830 JavaThread "Asynchronous log dispatcher for DefaultDaemonConnection: socket connection from /127.0.0.1:62645 to /127.0.0.1:50639"        [_thread_blocked, id=29616, stack(0x000000911ed00000,0x000000911ee00000) (1024K)]
  0x000001a1e7ed5ec0 JavaThread "Stdin handler"                     [_thread_blocked, id=34200, stack(0x000000911ee00000,0x000000911ef00000) (1024K)]
  0x000001a1e7ed3760 JavaThread "Daemon client event forwarder"        [_thread_blocked, id=23288, stack(0x000000911ef00000,0x000000911f000000) (1024K)]
  0x000001a1e7ed7f90 JavaThread "Cache worker for file hash cache (C:\PROJECT\MINECRAFT\bedwars randomizer\.gradle\8.8\fileHashes)"        [_thread_blocked, id=26244, stack(0x000000911f000000,0x000000911f100000) (1024K)]
  0x000001a1e7ed7270 JavaThread "Cache worker for checksums cache (C:\PROJECT\MINECRAFT\bedwars randomizer\.gradle\8.8\checksums)"        [_thread_blocked, id=11244, stack(0x000000911f100000,0x000000911f200000) (1024K)]
  0x000001a1eab28370 JavaThread "Cache worker for cache directory md-rule (C:\Users\aflahal01\.gradle\caches\8.8\md-rule)"        [_thread_blocked, id=5892, stack(0x000000911f500000,0x000000911f600000) (1024K)]
  0x000001a1eab24ef0 JavaThread "Cache worker for cache directory md-supplier (C:\Users\aflahal01\.gradle\caches\8.8\md-supplier)"        [_thread_blocked, id=25932, stack(0x000000911fe00000,0x000000911ff00000) (1024K)]
  0x000001a1eab25580 JavaThread "Unconstrained build operations"        [_thread_blocked, id=19228, stack(0x0000009120000000,0x0000009120100000) (1024K)]
  0x000001a1eab26930 JavaThread "Unconstrained build operations Thread 2"        [_thread_blocked, id=33452, stack(0x0000009120100000,0x0000009120200000) (1024K)]
  0x000001a1eab29090 JavaThread "Unconstrained build operations Thread 3"        [_thread_blocked, id=34592, stack(0x0000009120300000,0x0000009120400000) (1024K)]
  0x000001a1eab29720 JavaThread "Unconstrained build operations Thread 4"        [_thread_blocked, id=19344, stack(0x0000009120600000,0x0000009120700000) (1024K)]
  0x000001a1eab26fc0 JavaThread "Cache worker for Build Output Cleanup Cache (C:\PROJECT\MINECRAFT\bedwars randomizer\.gradle\buildOutputCleanup)"        [_thread_blocked, id=19464, stack(0x0000009120700000,0x0000009120800000) (1024K)]
  0x000001a1eab262a0 JavaThread "Unconstrained build operations Thread 5"        [_thread_blocked, id=35052, stack(0x0000009120800000,0x0000009120900000) (1024K)]
  0x000001a1eab29db0 JavaThread "Unconstrained build operations Thread 6"        [_thread_blocked, id=10864, stack(0x0000009120900000,0x0000009120a00000) (1024K)]
  0x000001a1eab2a440 JavaThread "Unconstrained build operations Thread 7"        [_thread_blocked, id=28756, stack(0x0000009120a00000,0x0000009120b00000) (1024K)]
  0x000001a1eab2aad0 JavaThread "Unconstrained build operations Thread 8"        [_thread_blocked, id=18812, stack(0x0000009120b00000,0x0000009120c00000) (1024K)]
  0x000001a1eab27650 JavaThread "Unconstrained build operations Thread 9"        [_thread_blocked, id=35368, stack(0x0000009120d00000,0x0000009120e00000) (1024K)]
  0x000001a1eab2b7f0 JavaThread "Unconstrained build operations Thread 10"        [_thread_blocked, id=21680, stack(0x0000009120f00000,0x0000009121000000) (1024K)]
  0x000001a1eab2c510 JavaThread "Unconstrained build operations Thread 11"        [_thread_blocked, id=3152, stack(0x0000009121000000,0x0000009121100000) (1024K)]
  0x000001a1eab2be80 JavaThread "Unconstrained build operations Thread 12"        [_thread_blocked, id=22980, stack(0x0000009121100000,0x0000009121200000) (1024K)]
  0x000001a1eab2b160 JavaThread "Unconstrained build operations Thread 13"        [_thread_blocked, id=6156, stack(0x0000009121200000,0x0000009121300000) (1024K)]
  0x000001a1e827ea50 JavaThread "Unconstrained build operations Thread 14"        [_thread_blocked, id=2224, stack(0x0000009121300000,0x0000009121400000) (1024K)]
  0x000001a1e8280490 JavaThread "Unconstrained build operations Thread 15"        [_thread_blocked, id=19920, stack(0x0000009121400000,0x0000009121500000) (1024K)]
  0x000001a1e827f770 JavaThread "Unconstrained build operations Thread 16"        [_thread_blocked, id=28600, stack(0x0000009121500000,0x0000009121600000) (1024K)]
  0x000001a1e8280b20 JavaThread "Unconstrained build operations Thread 17"        [_thread_blocked, id=14532, stack(0x0000009121600000,0x0000009121700000) (1024K)]
  0x000001a1e8282560 JavaThread "Unconstrained build operations Thread 18"        [_thread_blocked, id=2716, stack(0x0000009121700000,0x0000009121800000) (1024K)]
  0x000001a1e8282bf0 JavaThread "Unconstrained build operations Thread 19"        [_thread_blocked, id=16380, stack(0x0000009121800000,0x0000009121900000) (1024K)]
  0x000001a1e8283280 JavaThread "Unconstrained build operations Thread 20"        [_thread_blocked, id=21056, stack(0x0000009121900000,0x0000009121a00000) (1024K)]
  0x000001a1e827fe00 JavaThread "Unconstrained build operations Thread 21"        [_thread_blocked, id=26684, stack(0x0000009121a00000,0x0000009121b00000) (1024K)]
  0x000001a1e8283fa0 JavaThread "Unconstrained build operations Thread 22"        [_thread_blocked, id=12276, stack(0x0000009121b00000,0x0000009121c00000) (1024K)]
  0x000001a1e8286070 JavaThread "Unconstrained build operations Thread 23"        [_thread_blocked, id=12520, stack(0x0000009121c00000,0x0000009121d00000) (1024K)]
  0x000001a1e8284630 JavaThread "Unconstrained build operations Thread 24"        [_thread_blocked, id=35364, stack(0x0000009121d00000,0x0000009121e00000) (1024K)]
  0x000001a1e8284cc0 JavaThread "Unconstrained build operations Thread 25"        [_thread_blocked, id=18236, stack(0x0000009121e00000,0x0000009121f00000) (1024K)]
Total: 75

Other Threads:
  0x000001a1a12f5260 VMThread "VM Thread"                           [id=19148, stack(0x000000911d800000,0x000000911d900000) (1024K)]
  0x000001a1a12ddff0 WatcherThread "VM Periodic Task Thread"        [id=15364, stack(0x000000911d700000,0x000000911d800000) (1024K)]
  0x000001a1883c3c40 WorkerThread "GC Thread#0"                     [id=25336, stack(0x000000911d200000,0x000000911d300000) (1024K)]
  0x000001a1a19350e0 WorkerThread "GC Thread#1"                     [id=1676, stack(0x000000911e300000,0x000000911e400000) (1024K)]
  0x000001a1a1935490 WorkerThread "GC Thread#2"                     [id=25812, stack(0x000000911e400000,0x000000911e500000) (1024K)]
  0x000001a1e7043fe0 WorkerThread "GC Thread#3"                     [id=16880, stack(0x000000911e500000,0x000000911e600000) (1024K)]
  0x000001a1a19d5fc0 WorkerThread "GC Thread#4"                     [id=5164, stack(0x000000911e600000,0x000000911e700000) (1024K)]
  0x000001a1a19d6b90 WorkerThread "GC Thread#5"                     [id=32176, stack(0x000000911e700000,0x000000911e800000) (1024K)]
  0x000001a1ea342520 WorkerThread "GC Thread#6"                     [id=32836, stack(0x000000911f600000,0x000000911f700000) (1024K)]
  0x000001a1ea346020 WorkerThread "GC Thread#7"                     [id=24912, stack(0x000000911f700000,0x000000911f800000) (1024K)]
  0x000001a1ea343790 WorkerThread "GC Thread#8"                     [id=11944, stack(0x000000911f800000,0x000000911f900000) (1024K)]
  0x000001a1ea343b40 WorkerThread "GC Thread#9"                     [id=12088, stack(0x000000911f900000,0x000000911fa00000) (1024K)]
  0x000001a1883d2570 ConcurrentGCThread "G1 Main Marker"            [id=3652, stack(0x000000911d300000,0x000000911d400000) (1024K)]
  0x000001a1883d2f90 WorkerThread "G1 Conc#0"                       [id=27136, stack(0x000000911d400000,0x000000911d500000) (1024K)]
  0x000001a1ea3428d0 WorkerThread "G1 Conc#1"                       [id=25248, stack(0x000000911fa00000,0x000000911fb00000) (1024K)]
  0x000001a1ea345160 WorkerThread "G1 Conc#2"                       [id=15164, stack(0x000000911fb00000,0x000000911fc00000) (1024K)]
  0x000001a18842e4e0 ConcurrentGCThread "G1 Refine#0"               [id=19872, stack(0x000000911d500000,0x000000911d600000) (1024K)]
  0x000001a1a11b1e90 ConcurrentGCThread "G1 Service"                [id=22680, stack(0x000000911d600000,0x000000911d700000) (1024K)]
Total: 18

Threads with active compile tasks:
C2 CompilerThread0  910131 18396       4       java.lang.invoke.DelegatingMethodHandle::makeReinvokerForm (326 bytes)
Total: 1

VM state: not at safepoint (normal execution)

VM Mutex/Monitor currently owned by a thread: None

OutOfMemory and StackOverflow Exception counts:
OutOfMemoryError java_heap_errors=1
LinkageErrors=213

Heap address: 0x0000000740000000, size: 3072 MB, Compressed Oops mode: Zero based, Oop shift amount: 3

CDS archive(s) mapped at: [0x000001a1a2000000-0x000001a1a2ba0000-0x000001a1a2ba0000), size 12189696, SharedBaseAddress: 0x000001a1a2000000, ArchiveRelocationMode: 1.
Compressed class space mapped at: 0x000001a1a3000000-0x000001a1e3000000, reserved size: 1073741824
Narrow klass base: 0x000001a1a2000000, Narrow klass shift: 0, Narrow klass range: 0x100000000

GC Precious Log:
 CardTable entry size: 512
 Card Set container configuration: InlinePtr #cards 4 size 8 Array Of Cards #cards 16 size 48 Howl #buckets 8 coarsen threshold 3686 Howl Bitmap #cards 512 size 80 coarsen threshold 460 Card regions per heap region 1 cards per card region 4096
 CPUs: 12 total, 12 available
 Memory: 16076M
 Large Page Support: Disabled
 NUMA Support: Disabled
 Compressed Oops: Enabled (Zero based)
 Heap Region Size: 2M
 Heap Min Capacity: 8M
 Heap Initial Capacity: 252M
 Heap Max Capacity: 3G
 Pre-touch: Disabled
 Parallel Workers: 10
 Concurrent Workers: 3
 Concurrent Refinement Workers: 10
 Periodic GC: Disabled

Heap:
 garbage-first heap   total 280576K, used 191140K [0x0000000740000000, 0x0000000800000000)
  region size 2048K, 20 young (40960K), 2 survivors (4096K)
 Metaspace       used 81041K, committed 83264K, reserved 1179648K
  class space    used 11189K, committed 12288K, reserved 1048576K

Heap Regions: E=young(eden), S=young(survivor), O=old, HS=humongous(starts), HC=humongous(continues), CS=collection set, F=free, TAMS=top-at-mark-start, PB=parsable bottom
|   0|0x0000000740000000, 0x0000000740200000, 0x0000000740200000|100%|HS|  |TAMS 0x0000000740000000| PB 0x0000000740000000| Complete 
|   1|0x0000000740200000, 0x0000000740400000, 0x0000000740400000|100%|HC|  |TAMS 0x0000000740200000| PB 0x0000000740200000| Complete 
|   2|0x0000000740400000, 0x0000000740600000, 0x0000000740600000|100%| O|  |TAMS 0x0000000740400000| PB 0x0000000740400000| Untracked 
|   3|0x0000000740600000, 0x0000000740800000, 0x0000000740800000|100%| O|  |TAMS 0x0000000740600000| PB 0x0000000740600000| Untracked 
|   4|0x0000000740800000, 0x0000000740a00000, 0x0000000740a00000|100%| O|  |TAMS 0x0000000740800000| PB 0x0000000740800000| Untracked 
|   5|0x0000000740a00000, 0x0000000740c00000, 0x0000000740c00000|100%| O|  |TAMS 0x0000000740a00000| PB 0x0000000740a00000| Untracked 
|   6|0x0000000740c00000, 0x0000000740e00000, 0x0000000740e00000|100%| O|  |TAMS 0x0000000740c00000| PB 0x0000000740c00000| Untracked 
|   7|0x0000000740e00000, 0x0000000741000000, 0x0000000741000000|100%| O|  |TAMS 0x0000000740e00000| PB 0x0000000740e00000| Untracked 
|   8|0x0000000741000000, 0x0000000741200000, 0x0000000741200000|100%| O|  |TAMS 0x0000000741000000| PB 0x0000000741000000| Untracked 
|   9|0x0000000741200000, 0x0000000741400000, 0x0000000741400000|100%| O|  |TAMS 0x0000000741200000| PB 0x0000000741200000| Untracked 
|  10|0x0000000741400000, 0x0000000741600000, 0x0000000741600000|100%|HS|  |TAMS 0x0000000741400000| PB 0x0000000741400000| Complete 
|  11|0x0000000741600000, 0x0000000741800000, 0x0000000741800000|100%| O|  |TAMS 0x0000000741600000| PB 0x0000000741600000| Untracked 
|  12|0x0000000741800000, 0x0000000741a00000, 0x0000000741a00000|100%| O|  |TAMS 0x0000000741800000| PB 0x0000000741800000| Untracked 
|  13|0x0000000741a00000, 0x0000000741c00000, 0x0000000741c00000|100%| O|  |TAMS 0x0000000741a00000| PB 0x0000000741a00000| Untracked 
|  14|0x0000000741c00000, 0x0000000741e00000, 0x0000000741e00000|100%| O|  |TAMS 0x0000000741c00000| PB 0x0000000741c00000| Untracked 
|  15|0x0000000741e00000, 0x0000000742000000, 0x0000000742000000|100%|HS|  |TAMS 0x0000000741e00000| PB 0x0000000741e00000| Complete 
|  16|0x0000000742000000, 0x0000000742200000, 0x0000000742200000|100%|HS|  |TAMS 0x0000000742000000| PB 0x0000000742000000| Complete 
|  17|0x0000000742200000, 0x0000000742400000, 0x0000000742400000|100%| O|  |TAMS 0x0000000742200000| PB 0x0000000742200000| Untracked 
|  18|0x0000000742400000, 0x0000000742600000, 0x0000000742600000|100%| O|  |TAMS 0x0000000742400000| PB 0x0000000742400000| Untracked 
|  19|0x0000000742600000, 0x0000000742800000, 0x0000000742800000|100%| O|  |TAMS 0x0000000742600000| PB 0x0000000742600000| Untracked 
|  20|0x0000000742800000, 0x0000000742a00000, 0x0000000742a00000|100%| O|  |TAMS 0x0000000742800000| PB 0x0000000742800000| Untracked 
|  21|0x0000000742a00000, 0x0000000742c00000, 0x0000000742c00000|100%| O|  |TAMS 0x0000000742a00000| PB 0x0000000742a00000| Untracked 
|  22|0x0000000742c00000, 0x0000000742e00000, 0x0000000742e00000|100%|HS|  |TAMS 0x0000000742c00000| PB 0x0000000742c00000| Complete 
|  23|0x0000000742e00000, 0x0000000743000000, 0x0000000743000000|100%|HC|  |TAMS 0x0000000742e00000| PB 0x0000000742e00000| Complete 
|  24|0x0000000743000000, 0x0000000743200000, 0x0000000743200000|100%|HC|  |TAMS 0x0000000743000000| PB 0x0000000743000000| Complete 
|  25|0x0000000743200000, 0x0000000743400000, 0x0000000743400000|100%|HC|  |TAMS 0x0000000743200000| PB 0x0000000743200000| Complete 
|  26|0x0000000743400000, 0x0000000743600000, 0x0000000743600000|100%|HC|  |TAMS 0x0000000743400000| PB 0x0000000743400000| Complete 
|  27|0x0000000743600000, 0x0000000743800000, 0x0000000743800000|100%|HC|  |TAMS 0x0000000743600000| PB 0x0000000743600000| Complete 
|  28|0x0000000743800000, 0x0000000743a00000, 0x0000000743a00000|100%|HC|  |TAMS 0x0000000743800000| PB 0x0000000743800000| Complete 
|  29|0x0000000743a00000, 0x0000000743c00000, 0x0000000743c00000|100%|HC|  |TAMS 0x0000000743a00000| PB 0x0000000743a00000| Complete 
|  30|0x0000000743c00000, 0x0000000743e00000, 0x0000000743e00000|100%|HC|  |TAMS 0x0000000743c00000| PB 0x0000000743c00000| Complete 
|  31|0x0000000743e00000, 0x0000000744000000, 0x0000000744000000|100%|HC|  |TAMS 0x0000000743e00000| PB 0x0000000743e00000| Complete 
|  32|0x0000000744000000, 0x0000000744200000, 0x0000000744200000|100%|HC|  |TAMS 0x0000000744000000| PB 0x0000000744000000| Complete 
|  33|0x0000000744200000, 0x0000000744400000, 0x0000000744400000|100%|HS|  |TAMS 0x0000000744200000| PB 0x0000000744200000| Complete 
|  34|0x0000000744400000, 0x0000000744600000, 0x0000000744600000|100%|HC|  |TAMS 0x0000000744400000| PB 0x0000000744400000| Complete 
|  35|0x0000000744600000, 0x0000000744800000, 0x0000000744800000|100%|HC|  |TAMS 0x0000000744600000| PB 0x0000000744600000| Complete 
|  36|0x0000000744800000, 0x0000000744a00000, 0x0000000744a00000|100%|HC|  |TAMS 0x0000000744800000| PB 0x0000000744800000| Complete 
|  37|0x0000000744a00000, 0x0000000744c00000, 0x0000000744c00000|100%|HC|  |TAMS 0x0000000744a00000| PB 0x0000000744a00000| Complete 
|  38|0x0000000744c00000, 0x0000000744e00000, 0x0000000744e00000|100%|HC|  |TAMS 0x0000000744c00000| PB 0x0000000744c00000| Complete 
|  39|0x0000000744e00000, 0x0000000745000000, 0x0000000745000000|100%|HC|  |TAMS 0x0000000744e00000| PB 0x0000000744e00000| Complete 
|  40|0x0000000745000000, 0x0000000745200000, 0x0000000745200000|100%|HC|  |TAMS 0x0000000745000000| PB 0x0000000745000000| Complete 
|  41|0x0000000745200000, 0x0000000745400000, 0x0000000745400000|100%|HC|  |TAMS 0x0000000745200000| PB 0x0000000745200000| Complete 
|  42|0x0000000745400000, 0x0000000745600000, 0x0000000745600000|100%|HC|  |TAMS 0x0000000745400000| PB 0x0000000745400000| Complete 
|  43|0x0000000745600000, 0x0000000745800000, 0x0000000745800000|100%|HC|  |TAMS 0x0000000745600000| PB 0x0000000745600000| Complete 
|  44|0x0000000745800000, 0x0000000745a00000, 0x0000000745a00000|100%|HS|  |TAMS 0x0000000745800000| PB 0x0000000745800000| Complete 
|  45|0x0000000745a00000, 0x0000000745c00000, 0x0000000745c00000|100%|HS|  |TAMS 0x0000000745a00000| PB 0x0000000745a00000| Complete 
|  46|0x0000000745c00000, 0x0000000745e00000, 0x0000000745e00000|100%|HC|  |TAMS 0x0000000745c00000| PB 0x0000000745c00000| Complete 
|  47|0x0000000745e00000, 0x0000000746000000, 0x0000000746000000|100%|HC|  |TAMS 0x0000000745e00000| PB 0x0000000745e00000| Complete 
|  48|0x0000000746000000, 0x0000000746200000, 0x0000000746200000|100%|HC|  |TAMS 0x0000000746000000| PB 0x0000000746000000| Complete 
|  49|0x0000000746200000, 0x0000000746400000, 0x0000000746400000|100%|HC|  |TAMS 0x0000000746200000| PB 0x0000000746200000| Complete 
|  50|0x0000000746400000, 0x0000000746600000, 0x0000000746600000|100%|HC|  |TAMS 0x0000000746400000| PB 0x0000000746400000| Complete 
|  51|0x0000000746600000, 0x0000000746800000, 0x0000000746800000|100%|HC|  |TAMS 0x0000000746600000| PB 0x0000000746600000| Complete 
|  52|0x0000000746800000, 0x0000000746a00000, 0x0000000746a00000|100%|HC|  |TAMS 0x0000000746800000| PB 0x0000000746800000| Complete 
|  53|0x0000000746a00000, 0x0000000746c00000, 0x0000000746c00000|100%|HC|  |TAMS 0x0000000746a00000| PB 0x0000000746a00000| Complete 
|  54|0x0000000746c00000, 0x0000000746e00000, 0x0000000746e00000|100%|HC|  |TAMS 0x0000000746c00000| PB 0x0000000746c00000| Complete 
|  55|0x0000000746e00000, 0x0000000747000000, 0x0000000747000000|100%|HC|  |TAMS 0x0000000746e00000| PB 0x0000000746e00000| Complete 
|  56|0x0000000747000000, 0x0000000747200000, 0x0000000747200000|100%|HS|  |TAMS 0x0000000747000000| PB 0x0000000747000000| Complete 
|  57|0x0000000747200000, 0x0000000747400000, 0x0000000747400000|100%|HC|  |TAMS 0x0000000747200000| PB 0x0000000747200000| Complete 
|  58|0x0000000747400000, 0x0000000747600000, 0x0000000747600000|100%|HC|  |TAMS 0x0000000747400000| PB 0x0000000747400000| Complete 
|  59|0x0000000747600000, 0x0000000747600000, 0x0000000747800000|  0%| F|  |TAMS 0x0000000747600000| PB 0x0000000747600000| Untracked 
|  60|0x0000000747800000, 0x0000000747800000, 0x0000000747a00000|  0%| F|  |TAMS 0x0000000747800000| PB 0x0000000747800000| Untracked 
|  61|0x0000000747a00000, 0x0000000747a00000, 0x0000000747c00000|  0%| F|  |TAMS 0x0000000747a00000| PB 0x0000000747a00000| Untracked 
|  62|0x0000000747c00000, 0x0000000747c00000, 0x0000000747e00000|  0%| F|  |TAMS 0x0000000747c00000| PB 0x0000000747c00000| Untracked 
|  63|0x0000000747e00000, 0x0000000747e00000, 0x0000000748000000|  0%| F|  |TAMS 0x0000000747e00000| PB 0x0000000747e00000| Untracked 
|  64|0x0000000748000000, 0x0000000748000000, 0x0000000748200000|  0%| F|  |TAMS 0x0000000748000000| PB 0x0000000748000000| Untracked 
|  65|0x0000000748200000, 0x0000000748200000, 0x0000000748400000|  0%| F|  |TAMS 0x0000000748200000| PB 0x0000000748200000| Untracked 
|  66|0x0000000748400000, 0x0000000748400000, 0x0000000748600000|  0%| F|  |TAMS 0x0000000748400000| PB 0x0000000748400000| Untracked 
|  67|0x0000000748600000, 0x0000000748600000, 0x0000000748800000|  0%| F|  |TAMS 0x0000000748600000| PB 0x0000000748600000| Untracked 
|  68|0x0000000748800000, 0x0000000748800000, 0x0000000748a00000|  0%| F|  |TAMS 0x0000000748800000| PB 0x0000000748800000| Untracked 
|  69|0x0000000748a00000, 0x0000000748a00000, 0x0000000748c00000|  0%| F|  |TAMS 0x0000000748a00000| PB 0x0000000748a00000| Untracked 
|  70|0x0000000748c00000, 0x0000000748c00000, 0x0000000748e00000|  0%| F|  |TAMS 0x0000000748c00000| PB 0x0000000748c00000| Untracked 
|  71|0x0000000748e00000, 0x0000000748e00000, 0x0000000749000000|  0%| F|  |TAMS 0x0000000748e00000| PB 0x0000000748e00000| Untracked 
|  72|0x0000000749000000, 0x0000000749000000, 0x0000000749200000|  0%| F|  |TAMS 0x0000000749000000| PB 0x0000000749000000| Untracked 
|  73|0x0000000749200000, 0x0000000749200000, 0x0000000749400000|  0%| F|  |TAMS 0x0000000749200000| PB 0x0000000749200000| Untracked 
|  74|0x0000000749400000, 0x0000000749400000, 0x0000000749600000|  0%| F|  |TAMS 0x0000000749400000| PB 0x0000000749400000| Untracked 
|  75|0x0000000749600000, 0x0000000749600000, 0x0000000749800000|  0%| F|  |TAMS 0x0000000749600000| PB 0x0000000749600000| Untracked 
|  76|0x0000000749800000, 0x0000000749800000, 0x0000000749a00000|  0%| F|  |TAMS 0x0000000749800000| PB 0x0000000749800000| Untracked 
|  77|0x0000000749a00000, 0x0000000749a00000, 0x0000000749c00000|  0%| F|  |TAMS 0x0000000749a00000| PB 0x0000000749a00000| Untracked 
|  78|0x0000000749c00000, 0x0000000749c00000, 0x0000000749e00000|  0%| F|  |TAMS 0x0000000749c00000| PB 0x0000000749c00000| Untracked 
|  79|0x0000000749e00000, 0x0000000749e00000, 0x000000074a000000|  0%| F|  |TAMS 0x0000000749e00000| PB 0x0000000749e00000| Untracked 
|  80|0x000000074a000000, 0x000000074a000000, 0x000000074a200000|  0%| F|  |TAMS 0x000000074a000000| PB 0x000000074a000000| Untracked 
|  81|0x000000074a200000, 0x000000074a200000, 0x000000074a400000|  0%| F|  |TAMS 0x000000074a200000| PB 0x000000074a200000| Untracked 
|  82|0x000000074a400000, 0x000000074a400000, 0x000000074a600000|  0%| F|  |TAMS 0x000000074a400000| PB 0x000000074a400000| Untracked 
|  83|0x000000074a600000, 0x000000074a600000, 0x000000074a800000|  0%| F|  |TAMS 0x000000074a600000| PB 0x000000074a600000| Untracked 
|  84|0x000000074a800000, 0x000000074a800000, 0x000000074aa00000|  0%| F|  |TAMS 0x000000074a800000| PB 0x000000074a800000| Untracked 
|  85|0x000000074aa00000, 0x000000074aa00000, 0x000000074ac00000|  0%| F|  |TAMS 0x000000074aa00000| PB 0x000000074aa00000| Untracked 
|  86|0x000000074ac00000, 0x000000074ac00000, 0x000000074ae00000|  0%| F|  |TAMS 0x000000074ac00000| PB 0x000000074ac00000| Untracked 
|  87|0x000000074ae00000, 0x000000074ae00000, 0x000000074b000000|  0%| F|  |TAMS 0x000000074ae00000| PB 0x000000074ae00000| Untracked 
|  88|0x000000074b000000, 0x000000074b000000, 0x000000074b200000|  0%| F|  |TAMS 0x000000074b000000| PB 0x000000074b000000| Untracked 
|  89|0x000000074b200000, 0x000000074b200000, 0x000000074b400000|  0%| F|  |TAMS 0x000000074b200000| PB 0x000000074b200000| Untracked 
|  90|0x000000074b400000, 0x000000074b400000, 0x000000074b600000|  0%| F|  |TAMS 0x000000074b400000| PB 0x000000074b400000| Untracked 
|  91|0x000000074b600000, 0x000000074b600000, 0x000000074b800000|  0%| F|  |TAMS 0x000000074b600000| PB 0x000000074b600000| Untracked 
|  92|0x000000074b800000, 0x000000074b800000, 0x000000074ba00000|  0%| F|  |TAMS 0x000000074b800000| PB 0x000000074b800000| Untracked 
|  93|0x000000074ba00000, 0x000000074ba00000, 0x000000074bc00000|  0%| F|  |TAMS 0x000000074ba00000| PB 0x000000074ba00000| Untracked 
|  94|0x000000074bc00000, 0x000000074bc00000, 0x000000074be00000|  0%| F|  |TAMS 0x000000074bc00000| PB 0x000000074bc00000| Untracked 
|  95|0x000000074be00000, 0x000000074be00000, 0x000000074c000000|  0%| F|  |TAMS 0x000000074be00000| PB 0x000000074be00000| Untracked 
|  96|0x000000074c000000, 0x000000074c000000, 0x000000074c200000|  0%| F|  |TAMS 0x000000074c000000| PB 0x000000074c000000| Untracked 
|  97|0x000000074c200000, 0x000000074c200000, 0x000000074c400000|  0%| F|  |TAMS 0x000000074c200000| PB 0x000000074c200000| Untracked 
|  98|0x000000074c400000, 0x000000074c400000, 0x000000074c600000|  0%| F|  |TAMS 0x000000074c400000| PB 0x000000074c400000| Untracked 
|  99|0x000000074c600000, 0x000000074c600000, 0x000000074c800000|  0%| F|  |TAMS 0x000000074c600000| PB 0x000000074c600000| Untracked 
| 100|0x000000074c800000, 0x000000074c9c9b88, 0x000000074ca00000| 89%| E|  |TAMS 0x000000074c800000| PB 0x000000074c800000| Complete 
| 101|0x000000074ca00000, 0x000000074cc00000, 0x000000074cc00000|100%| E|CS|TAMS 0x000000074ca00000| PB 0x000000074ca00000| Complete 
| 102|0x000000074cc00000, 0x000000074ce00000, 0x000000074ce00000|100%| E|CS|TAMS 0x000000074cc00000| PB 0x000000074cc00000| Complete 
| 103|0x000000074ce00000, 0x000000074d000000, 0x000000074d000000|100%| E|CS|TAMS 0x000000074ce00000| PB 0x000000074ce00000| Complete 
| 104|0x000000074d000000, 0x000000074d200000, 0x000000074d200000|100%| E|CS|TAMS 0x000000074d000000| PB 0x000000074d000000| Complete 
| 105|0x000000074d200000, 0x000000074d400000, 0x000000074d400000|100%| E|CS|TAMS 0x000000074d200000| PB 0x000000074d200000| Complete 
| 106|0x000000074d400000, 0x000000074d600000, 0x000000074d600000|100%| E|CS|TAMS 0x000000074d400000| PB 0x000000074d400000| Complete 
| 107|0x000000074d600000, 0x000000074d800000, 0x000000074d800000|100%| E|CS|TAMS 0x000000074d600000| PB 0x000000074d600000| Complete 
| 108|0x000000074d800000, 0x000000074da00000, 0x000000074da00000|100%| E|CS|TAMS 0x000000074d800000| PB 0x000000074d800000| Complete 
| 109|0x000000074da00000, 0x000000074dc00000, 0x000000074dc00000|100%| E|CS|TAMS 0x000000074da00000| PB 0x000000074da00000| Complete 
| 110|0x000000074dc00000, 0x000000074de00000, 0x000000074de00000|100%| E|CS|TAMS 0x000000074dc00000| PB 0x000000074dc00000| Complete 
| 111|0x000000074de00000, 0x000000074e000000, 0x000000074e000000|100%| E|CS|TAMS 0x000000074de00000| PB 0x000000074de00000| Complete 
| 112|0x000000074e000000, 0x000000074e200000, 0x000000074e200000|100%| E|CS|TAMS 0x000000074e000000| PB 0x000000074e000000| Complete 
| 113|0x000000074e200000, 0x000000074e400000, 0x000000074e400000|100%| E|CS|TAMS 0x000000074e200000| PB 0x000000074e200000| Complete 
| 114|0x000000074e400000, 0x000000074e600000, 0x000000074e600000|100%| E|CS|TAMS 0x000000074e400000| PB 0x000000074e400000| Complete 
| 130|0x0000000750400000, 0x00000007504b1810, 0x0000000750600000| 34%| S|CS|TAMS 0x0000000750400000| PB 0x0000000750400000| Complete 
| 138|0x0000000751400000, 0x0000000751600000, 0x0000000751600000|100%| S|CS|TAMS 0x0000000751400000| PB 0x0000000751400000| Complete 
| 139|0x0000000751600000, 0x0000000751800000, 0x0000000751800000|100%| E|CS|TAMS 0x0000000751600000| PB 0x0000000751600000| Complete 
|1517|0x00000007fda00000, 0x00000007fda3e820, 0x00000007fdc00000| 12%| O|Cm|TAMS 0x00000007fda00000| PB 0x00000007fda00000| Complete 
|1518|0x00000007fdc00000, 0x00000007fde00000, 0x00000007fde00000|100%| E|CS|TAMS 0x00000007fdc00000| PB 0x00000007fdc00000| Complete 
|1519|0x00000007fde00000, 0x00000007fe000000, 0x00000007fe000000|100%| O|  |TAMS 0x00000007fde00000| PB 0x00000007fde00000| Untracked 
|1520|0x00000007fe000000, 0x00000007fe200000, 0x00000007fe200000|100%| O|  |TAMS 0x00000007fe000000| PB 0x00000007fe000000| Untracked 
|1521|0x00000007fe200000, 0x00000007fe3cca48, 0x00000007fe400000| 89%| O|  |TAMS 0x00000007fe200000| PB 0x00000007fe200000| Untracked 
|1522|0x00000007fe400000, 0x00000007fe600000, 0x00000007fe600000|100%| O|  |TAMS 0x00000007fe400000| PB 0x00000007fe400000| Untracked 
|1523|0x00000007fe600000, 0x00000007fe7ec7d8, 0x00000007fe800000| 96%| O|  |TAMS 0x00000007fe600000| PB 0x00000007fe600000| Untracked 
|1524|0x00000007fe800000, 0x00000007fea00000, 0x00000007fea00000|100%| O|  |TAMS 0x00000007fe800000| PB 0x00000007fe800000| Untracked 
|1525|0x00000007fea00000, 0x00000007fec00000, 0x00000007fec00000|100%| O|  |TAMS 0x00000007fea00000| PB 0x00000007fea00000| Untracked 
|1526|0x00000007fec00000, 0x00000007fee00000, 0x00000007fee00000|100%| O|  |TAMS 0x00000007fec00000| PB 0x00000007fec00000| Untracked 
|1527|0x00000007fee00000, 0x00000007ff000000, 0x00000007ff000000|100%| O|  |TAMS 0x00000007fee00000| PB 0x00000007fee00000| Untracked 
|1528|0x00000007ff000000, 0x00000007ff200000, 0x00000007ff200000|100%| O|  |TAMS 0x00000007ff000000| PB 0x00000007ff000000| Untracked 
|1529|0x00000007ff200000, 0x00000007ff400000, 0x00000007ff400000|100%| E|CS|TAMS 0x00000007ff200000| PB 0x00000007ff200000| Complete 
|1530|0x00000007ff400000, 0x00000007ff600000, 0x00000007ff600000|100%| O|  |TAMS 0x00000007ff400000| PB 0x00000007ff400000| Untracked 
|1531|0x00000007ff600000, 0x00000007ff800000, 0x00000007ff800000|100%| O|  |TAMS 0x00000007ff600000| PB 0x00000007ff600000| Untracked 
|1532|0x00000007ff800000, 0x00000007ffa00000, 0x00000007ffa00000|100%| O|  |TAMS 0x00000007ff800000| PB 0x00000007ff800000| Untracked 
|1533|0x00000007ffa00000, 0x00000007ffc00000, 0x00000007ffc00000|100%| O|  |TAMS 0x00000007ffa00000| PB 0x00000007ffa00000| Untracked 
|1534|0x00000007ffc00000, 0x00000007ffe00000, 0x00000007ffe00000|100%| O|  |TAMS 0x00000007ffc00000| PB 0x00000007ffc00000| Untracked 
|1535|0x00000007ffe00000, 0x0000000800000000, 0x0000000800000000|100%| O|  |TAMS 0x00000007ffe00000| PB 0x00000007ffe00000| Untracked 

Card table byte_map: [0x000001a19b0c0000,0x000001a19b6c0000] _byte_map_base: 0x000001a1976c0000

Marking Bits: (CMBitMap*) 0x000001a1883c4260
 Bits: [0x000001a19b6c0000, 0x000001a19e6c0000)

Polling page: 0x000001a186170000

Metaspace:

Usage:
  Non-class:     68.22 MB used.
      Class:     10.93 MB used.
       Both:     79.15 MB used.

Virtual space:
  Non-class space:      128.00 MB reserved,      69.31 MB ( 54%) committed,  2 nodes.
      Class space:        1.00 GB reserved,      12.00 MB (  1%) committed,  1 nodes.
             Both:        1.12 GB reserved,      81.31 MB (  7%) committed. 

Chunk freelists:
   Non-Class:  10.69 MB
       Class:  4.00 MB
        Both:  14.70 MB

MaxMetaspaceSize: unlimited
CompressedClassSpaceSize: 1.00 GB
Initial GC threshold: 21.00 MB
Current GC threshold: 135.44 MB
CDS: on
 - commit_granule_bytes: 65536.
 - commit_granule_words: 8192.
 - virtual_space_node_default_size: 8388608.
 - enlarge_chunks_in_place: 1.
 - use_allocation_guard: 0.


Internal statistics:

num_allocs_failed_limit: 9.
num_arena_births: 3938.
num_arena_deaths: 2.
num_vsnodes_births: 3.
num_vsnodes_deaths: 0.
num_space_committed: 1301.
num_space_uncommitted: 0.
num_chunks_returned_to_freelist: 17.
num_chunks_taken_from_freelist: 7699.
num_chunk_merges: 6.
num_chunk_splits: 4854.
num_chunks_enlarged: 2902.
num_inconsistent_stats: 0.

CodeHeap 'non-profiled nmethods': size=120000Kb used=8496Kb max_used=8496Kb free=111503Kb
 bounds [0x000001a193040000, 0x000001a1938b0000, 0x000001a19a570000]
CodeHeap 'profiled nmethods': size=120000Kb used=16535Kb max_used=24733Kb free=103464Kb
 bounds [0x000001a18b570000, 0x000001a18cda0000, 0x000001a192aa0000]
CodeHeap 'non-nmethods': size=5760Kb used=2688Kb max_used=2745Kb free=3072Kb
 bounds [0x000001a192aa0000, 0x000001a192d60000, 0x000001a193040000]
CodeCache: size=245760Kb, used=27719Kb, max_used=35974Kb, free=218039Kb
 total_blobs=10154, nmethods=9212, adapters=844, full_count=0
Compilation: enabled, stopped_count=0, restarted_count=0

Compilation events (20 events):
Event: 909.978 Thread 0x000001a1a13309f0 18404       3       org.gradle.api.internal.artifacts.configurations.DefaultConfiguration$ArtifactViewConfiguration::componentFilter (6 bytes)
Event: 909.978 Thread 0x000001a1a13309f0 nmethod 18404 0x000001a18b93c990 code [0x000001a18b93cb60, 0x000001a18b93cf30]
Event: 909.978 Thread 0x000001a1a13309f0 18405       3       org.gradle.api.internal.artifacts.configurations.DefaultConfiguration$ArtifactViewConfiguration::componentFilter (11 bytes)
Event: 909.978 Thread 0x000001a1a13309f0 nmethod 18405 0x000001a18ba83510 code [0x000001a18ba836e0, 0x000001a18ba839d0]
Event: 909.978 Thread 0x000001a1a13309f0 18409       3       org.gradle.plugin.use.internal.PluginArtifactRepository::createResolver (10 bytes)
Event: 909.978 Thread 0x000001a1a13309f0 nmethod 18409 0x000001a18b9b4510 code [0x000001a18b9b46c0, 0x000001a18b9b48a0]
Event: 909.978 Thread 0x000001a1a13309f0 18410       1       org.gradle.api.internal.artifacts.ivyservice.ivyresolve.strategy.VersionRangeSelector::isDynamic (2 bytes)
Event: 909.978 Thread 0x000001a1a13309f0 nmethod 18410 0x000001a1934ec990 code [0x000001a1934ecb20, 0x000001a1934ecbe8]
Event: 910.066 Thread 0x000001a1a13309f0 18413       3       org.gradle.api.internal.attributes.DefaultOrderedCompatibilityRule::execute (60 bytes)
Event: 910.066 Thread 0x000001a1a13309f0 nmethod 18413 0x000001a18bfddc90 code [0x000001a18bfdde80, 0x000001a18bfde328]
Event: 910.068 Thread 0x000001a1a13309f0 18414   !   3       jdk.proxy1.$Proxy64::value (29 bytes)
Event: 910.068 Thread 0x000001a1a13309f0 nmethod 18414 0x000001a18caeeb90 code [0x000001a18caeed60, 0x000001a18caef168]
Event: 910.068 Thread 0x000001a1a13309f0 18415   !   3       org.gradle.internal.instantiation.generator.DefaultInstantiationScheme$DefaultDeserializationInstantiator::newInstance (66 bytes)
Event: 910.070 Thread 0x000001a1a13309f0 nmethod 18415 0x000001a18bc19510 code [0x000001a18bc197c0, 0x000001a18bc1a5b0]
Event: 910.070 Thread 0x000001a1a13309f0 18416       1       org.gradle.internal.properties.bean.DefaultPropertyWalker::access$100 (5 bytes)
Event: 910.070 Thread 0x000001a1a13309f0 nmethod 18416 0x000001a193512490 code [0x000001a193512620, 0x000001a1935126d0]
Event: 910.076 Thread 0x000001a1a13309f0 18417       1       org.gradle.api.internal.artifacts.ivyservice.resolutionstrategy.DefaultResolutionStrategy::setKeepStateRequiredForGraphResolution (6 bytes)
Event: 910.076 Thread 0x000001a1a13309f0 nmethod 18417 0x000001a1935e9a10 code [0x000001a1935e9ba0, 0x000001a1935e9c70]
Event: 910.078 Thread 0x000001a1a13309f0 18418       2       org.gradle.internal.operations.OperationFinishEvent::<init> (27 bytes)
Event: 910.078 Thread 0x000001a1a13309f0 nmethod 18418 0x000001a18bdefc90 code [0x000001a18bdefe40, 0x000001a18bdf0018]

GC Heap History (20 events):
Event: 557.487 GC heap before
{Heap before GC invocations=37 (full 0):
 garbage-first heap   total 321536K, used 99166K [0x0000000740000000, 0x0000000800000000)
  region size 2048K, 17 young (34816K), 6 survivors (12288K)
 Metaspace       used 80236K, committed 82432K, reserved 1179648K
  class space    used 11154K, committed 12224K, reserved 1048576K
}
Event: 557.498 GC heap after
{Heap after GC invocations=38 (full 0):
 garbage-first heap   total 321536K, used 77426K [0x0000000740000000, 0x0000000800000000)
  region size 2048K, 5 young (10240K), 5 survivors (10240K)
 Metaspace       used 80236K, committed 82432K, reserved 1179648K
  class space    used 11154K, committed 12224K, reserved 1048576K
}
Event: 703.387 GC heap before
{Heap before GC invocations=39 (full 0):
 garbage-first heap   total 296960K, used 296562K [0x0000000740000000, 0x0000000800000000)
  region size 2048K, 34 young (69632K), 5 survivors (10240K)
 Metaspace       used 80328K, committed 82496K, reserved 1179648K
  class space    used 11155K, committed 12224K, reserved 1048576K
}
Event: 703.394 GC heap after
{Heap after GC invocations=40 (full 0):
 garbage-first heap   total 309248K, used 78724K [0x0000000740000000, 0x0000000800000000)
  region size 2048K, 5 young (10240K), 5 survivors (10240K)
 Metaspace       used 80328K, committed 82496K, reserved 1179648K
  class space    used 11155K, committed 12224K, reserved 1048576K
}
Event: 736.294 GC heap before
{Heap before GC invocations=40 (full 0):
 garbage-first heap   total 309248K, used 306052K [0x0000000740000000, 0x0000000800000000)
  region size 2048K, 39 young (79872K), 5 survivors (10240K)
 Metaspace       used 80523K, committed 82752K, reserved 1179648K
  class space    used 11176K, committed 12288K, reserved 1048576K
}
Event: 736.301 GC heap after
{Heap after GC invocations=41 (full 0):
 garbage-first heap   total 321536K, used 77961K [0x0000000740000000, 0x0000000800000000)
  region size 2048K, 3 young (6144K), 3 survivors (6144K)
 Metaspace       used 80523K, committed 82752K, reserved 1179648K
  class space    used 11176K, committed 12288K, reserved 1048576K
}
Event: 737.640 GC heap before
{Heap before GC invocations=41 (full 0):
 garbage-first heap   total 321536K, used 96393K [0x0000000740000000, 0x0000000800000000)
  region size 2048K, 13 young (26624K), 3 survivors (6144K)
 Metaspace       used 80556K, committed 82816K, reserved 1179648K
  class space    used 11176K, committed 12288K, reserved 1048576K
}
Event: 737.646 GC heap after
{Heap after GC invocations=42 (full 0):
 garbage-first heap   total 321536K, used 77068K [0x0000000740000000, 0x0000000800000000)
  region size 2048K, 2 young (4096K), 2 survivors (4096K)
 Metaspace       used 80556K, committed 82816K, reserved 1179648K
  class space    used 11176K, committed 12288K, reserved 1048576K
}
Event: 776.035 GC heap before
{Heap before GC invocations=43 (full 0):
 garbage-first heap   total 303104K, used 298252K [0x0000000740000000, 0x0000000800000000)
  region size 2048K, 33 young (67584K), 2 survivors (4096K)
 Metaspace       used 80639K, committed 82880K, reserved 1179648K
  class space    used 11177K, committed 12288K, reserved 1048576K
}
Event: 776.037 GC heap after
{Heap after GC invocations=44 (full 0):
 garbage-first heap   total 309248K, used 76763K [0x0000000740000000, 0x0000000800000000)
  region size 2048K, 2 young (4096K), 2 survivors (4096K)
 Metaspace       used 80639K, committed 82880K, reserved 1179648K
  class space    used 11177K, committed 12288K, reserved 1048576K
}
Event: 795.427 GC heap before
{Heap before GC invocations=44 (full 0):
 garbage-first heap   total 309248K, used 302043K [0x0000000740000000, 0x0000000800000000)
  region size 2048K, 35 young (71680K), 2 survivors (4096K)
 Metaspace       used 80770K, committed 82944K, reserved 1179648K
  class space    used 11180K, committed 12288K, reserved 1048576K
}
Event: 795.432 GC heap after
{Heap after GC invocations=45 (full 0):
 garbage-first heap   total 313344K, used 76201K [0x0000000740000000, 0x0000000800000000)
  region size 2048K, 2 young (4096K), 2 survivors (4096K)
 Metaspace       used 80770K, committed 82944K, reserved 1179648K
  class space    used 11180K, committed 12288K, reserved 1048576K
}
Event: 796.739 GC heap before
{Heap before GC invocations=45 (full 0):
 garbage-first heap   total 313344K, used 80297K [0x0000000740000000, 0x0000000800000000)
  region size 2048K, 5 young (10240K), 2 survivors (4096K)
 Metaspace       used 80776K, committed 83008K, reserved 1179648K
  class space    used 11180K, committed 12288K, reserved 1048576K
}
Event: 796.742 GC heap after
{Heap after GC invocations=46 (full 0):
 garbage-first heap   total 313344K, used 76742K [0x0000000740000000, 0x0000000800000000)
  region size 2048K, 2 young (4096K), 2 survivors (4096K)
 Metaspace       used 80776K, committed 83008K, reserved 1179648K
  class space    used 11180K, committed 12288K, reserved 1048576K
}
Event: 811.727 GC heap before
{Heap before GC invocations=47 (full 0):
 garbage-first heap   total 303104K, used 297926K [0x0000000740000000, 0x0000000800000000)
  region size 2048K, 33 young (67584K), 2 survivors (4096K)
 Metaspace       used 80879K, committed 83136K, reserved 1179648K
  class space    used 11180K, committed 12288K, reserved 1048576K
}
Event: 811.729 GC heap after
{Heap after GC invocations=48 (full 0):
 garbage-first heap   total 309248K, used 76535K [0x0000000740000000, 0x0000000800000000)
  region size 2048K, 2 young (4096K), 2 survivors (4096K)
 Metaspace       used 80879K, committed 83136K, reserved 1179648K
  class space    used 11180K, committed 12288K, reserved 1048576K
}
Event: 827.596 GC heap before
{Heap before GC invocations=48 (full 0):
 garbage-first heap   total 309248K, used 301815K [0x0000000740000000, 0x0000000800000000)
  region size 2048K, 35 young (71680K), 2 survivors (4096K)
 Metaspace       used 80959K, committed 83200K, reserved 1179648K
  class space    used 11180K, committed 12288K, reserved 1048576K
}
Event: 827.598 GC heap after
{Heap after GC invocations=49 (full 0):
 garbage-first heap   total 313344K, used 76130K [0x0000000740000000, 0x0000000800000000)
  region size 2048K, 2 young (4096K), 2 survivors (4096K)
 Metaspace       used 80959K, committed 83200K, reserved 1179648K
  class space    used 11180K, committed 12288K, reserved 1048576K
}
Event: 829.079 GC heap before
{Heap before GC invocations=49 (full 0):
 garbage-first heap   total 313344K, used 80226K [0x0000000740000000, 0x0000000800000000)
  region size 2048K, 5 young (10240K), 2 survivors (4096K)
 Metaspace       used 80962K, committed 83200K, reserved 1179648K
  class space    used 11180K, committed 12288K, reserved 1048576K
}
Event: 829.082 GC heap after
{Heap after GC invocations=50 (full 0):
 garbage-first heap   total 313344K, used 76452K [0x0000000740000000, 0x0000000800000000)
  region size 2048K, 2 young (4096K), 2 survivors (4096K)
 Metaspace       used 80962K, committed 83200K, reserved 1179648K
  class space    used 11180K, committed 12288K, reserved 1048576K
}

Dll operation events (20 events):
Event: 0.126 Attempting to load shared library C:\Users\aflahal01\.vscode\extensions\redhat.java-1.56.0-win32-x64\jre\21.0.12.1-win32-x86_64\bin\nio.dll
Event: 0.127 Loaded shared library C:\Users\aflahal01\.vscode\extensions\redhat.java-1.56.0-win32-x64\jre\21.0.12.1-win32-x86_64\bin\nio.dll
Event: 0.132 Attempting to load shared library C:\Users\aflahal01\.vscode\extensions\redhat.java-1.56.0-win32-x64\jre\21.0.12.1-win32-x86_64\bin\zip.dll
Event: 0.132 Loaded shared library C:\Users\aflahal01\.vscode\extensions\redhat.java-1.56.0-win32-x64\jre\21.0.12.1-win32-x86_64\bin\zip.dll
Event: 0.497 Attempting to load shared library C:\Users\aflahal01\.vscode\extensions\redhat.java-1.56.0-win32-x64\jre\21.0.12.1-win32-x86_64\bin\jimage.dll
Event: 0.498 Loaded shared library C:\Users\aflahal01\.vscode\extensions\redhat.java-1.56.0-win32-x64\jre\21.0.12.1-win32-x86_64\bin\jimage.dll
Event: 0.590 Attempting to load shared library C:\Users\aflahal01\.vscode\extensions\redhat.java-1.56.0-win32-x64\jre\21.0.12.1-win32-x86_64\bin\verify.dll
Event: 0.591 Loaded shared library C:\Users\aflahal01\.vscode\extensions\redhat.java-1.56.0-win32-x64\jre\21.0.12.1-win32-x86_64\bin\verify.dll
Event: 0.746 Attempting to load shared library C:\Users\aflahal01\.gradle\native\c067742578af261105cb4f569cf0c3c89f3d7b1fecec35dd04571415982c5e48\windows-amd64\native-platform.dll
Event: 0.747 Loaded shared library C:\Users\aflahal01\.gradle\native\c067742578af261105cb4f569cf0c3c89f3d7b1fecec35dd04571415982c5e48\windows-amd64\native-platform.dll
Event: 0.752 Attempting to load shared library C:\Users\aflahal01\.gradle\native\100fb08df4bc3b14c8652ba06237920a3bd2aa13389f12d3474272988ae205f9\windows-amd64\native-platform-file-events.dll
Event: 0.753 Loaded shared library C:\Users\aflahal01\.gradle\native\100fb08df4bc3b14c8652ba06237920a3bd2aa13389f12d3474272988ae205f9\windows-amd64\native-platform-file-events.dll
Event: 1.848 Attempting to load shared library C:\Users\aflahal01\.vscode\extensions\redhat.java-1.56.0-win32-x64\jre\21.0.12.1-win32-x86_64\bin\management.dll
Event: 1.850 Loaded shared library C:\Users\aflahal01\.vscode\extensions\redhat.java-1.56.0-win32-x64\jre\21.0.12.1-win32-x86_64\bin\management.dll
Event: 1.853 Attempting to load shared library C:\Users\aflahal01\.vscode\extensions\redhat.java-1.56.0-win32-x64\jre\21.0.12.1-win32-x86_64\bin\management_ext.dll
Event: 1.855 Loaded shared library C:\Users\aflahal01\.vscode\extensions\redhat.java-1.56.0-win32-x64\jre\21.0.12.1-win32-x86_64\bin\management_ext.dll
Event: 2.076 Attempting to load shared library C:\Users\aflahal01\.vscode\extensions\redhat.java-1.56.0-win32-x64\jre\21.0.12.1-win32-x86_64\bin\extnet.dll
Event: 2.078 Loaded shared library C:\Users\aflahal01\.vscode\extensions\redhat.java-1.56.0-win32-x64\jre\21.0.12.1-win32-x86_64\bin\extnet.dll
Event: 2.222 Attempting to load shared library C:\Users\aflahal01\.vscode\extensions\redhat.java-1.56.0-win32-x64\jre\21.0.12.1-win32-x86_64\bin\sunmscapi.dll
Event: 2.225 Loaded shared library C:\Users\aflahal01\.vscode\extensions\redhat.java-1.56.0-win32-x64\jre\21.0.12.1-win32-x86_64\bin\sunmscapi.dll

Deoptimization events (20 events):
Event: 812.459 Thread 0x000001a1eab27650 Uncommon trap: trap_request=0xffffff66 fr.pc=0x000001a1932eefd8 relative=0x00000000000003f8
Event: 812.459 Thread 0x000001a1eab27650 Uncommon trap: reason=speculate_class_check action=maybe_recompile pc=0x000001a1932eefd8 method=com.google.gson.JsonElement.isJsonPrimitive()Z @ 1 c2
Event: 812.459 Thread 0x000001a1eab27650 DEOPT PACKING pc=0x000001a1932eefd8 sp=0x000000911ecf9c10
Event: 812.459 Thread 0x000001a1eab27650 DEOPT UNPACKING pc=0x000001a192af4422 sp=0x000000911ecf9a58 mode 2
Event: 910.075 Thread 0x000001a1e7ed6be0 Uncommon trap: trap_request=0xffffff45 fr.pc=0x000001a1932651b4 relative=0x0000000000001af4
Event: 910.075 Thread 0x000001a1e7ed6be0 Uncommon trap: reason=unstable_if action=reinterpret pc=0x000001a1932651b4 method=org.gradle.internal.operations.BuildOperationProgressEventListenerAdapter.stop(Lorg/gradle/internal/operations/BuildOperationDescriptor;Lorg/gradle/internal/operations/Build
Event: 910.075 Thread 0x000001a1e7ed6be0 DEOPT PACKING pc=0x000001a1932651b4 sp=0x000000911ecf94e0
Event: 910.075 Thread 0x000001a1e7ed6be0 DEOPT UNPACKING pc=0x000001a192af4422 sp=0x000000911ecf9478 mode 2
Event: 910.075 Thread 0x000001a1e7ed6be0 Uncommon trap: trap_request=0xffffff45 fr.pc=0x000001a1932708d4 relative=0x0000000000002d74
Event: 910.075 Thread 0x000001a1e7ed6be0 Uncommon trap: reason=unstable_if action=reinterpret pc=0x000001a1932708d4 method=org.gradle.internal.operations.DefaultBuildOperationRunner$2.execute(Lorg/gradle/internal/operations/BuildOperationDescriptor;Lorg/gradle/internal/operations/BuildOperationS
Event: 910.075 Thread 0x000001a1e7ed6be0 DEOPT PACKING pc=0x000001a1932708d4 sp=0x000000911ecf95c0
Event: 910.075 Thread 0x000001a1e7ed6be0 DEOPT UNPACKING pc=0x000001a192af4422 sp=0x000000911ecf9490 mode 2
Event: 910.075 Thread 0x000001a1e7ed6be0 Uncommon trap: trap_request=0xffffff45 fr.pc=0x000001a1932708d4 relative=0x0000000000002d74
Event: 910.076 Thread 0x000001a1e7ed6be0 Uncommon trap: reason=unstable_if action=reinterpret pc=0x000001a1932708d4 method=org.gradle.internal.operations.DefaultBuildOperationRunner$2.execute(Lorg/gradle/internal/operations/BuildOperationDescriptor;Lorg/gradle/internal/operations/BuildOperationS
Event: 910.076 Thread 0x000001a1e7ed6be0 DEOPT PACKING pc=0x000001a1932708d4 sp=0x000000911ecfa3e0
Event: 910.076 Thread 0x000001a1e7ed6be0 DEOPT UNPACKING pc=0x000001a192af4422 sp=0x000000911ecfa2b0 mode 2
Event: 910.077 Thread 0x000001a1e7ed6be0 Uncommon trap: trap_request=0xffffff45 fr.pc=0x000001a1932708d4 relative=0x0000000000002d74
Event: 910.077 Thread 0x000001a1e7ed6be0 Uncommon trap: reason=unstable_if action=reinterpret pc=0x000001a1932708d4 method=org.gradle.internal.operations.DefaultBuildOperationRunner$2.execute(Lorg/gradle/internal/operations/BuildOperationDescriptor;Lorg/gradle/internal/operations/BuildOperationS
Event: 910.077 Thread 0x000001a1e7ed6be0 DEOPT PACKING pc=0x000001a1932708d4 sp=0x000000911ecfb120
Event: 910.078 Thread 0x000001a1e7ed6be0 DEOPT UNPACKING pc=0x000001a192af4422 sp=0x000000911ecfaff0 mode 2

Classes loaded (20 events):
Event: 38.337 Loading class java/io/ObjectStreamClass$ExceptionInfo
Event: 38.337 Loading class java/io/ObjectStreamClass$ExceptionInfo done
Event: 38.434 Loading class java/io/ObjectStreamClass$1
Event: 38.434 Loading class java/io/ObjectStreamClass$1 done
Event: 38.434 Loading class java/io/ObjectStreamClass$MemberSignature
Event: 38.434 Loading class java/io/ObjectStreamClass$MemberSignature done
Event: 38.435 Loading class java/io/ObjectStreamClass$3
Event: 38.435 Loading class java/io/ObjectStreamClass$3 done
Event: 38.435 Loading class java/io/ObjectStreamClass$4
Event: 38.435 Loading class java/io/ObjectStreamClass$4 done
Event: 38.435 Loading class java/io/ObjectStreamClass$5
Event: 38.435 Loading class java/io/ObjectStreamClass$5 done
Event: 38.449 Loading class java/net/UrlDeserializedState
Event: 38.449 Loading class java/net/UrlDeserializedState done
Event: 42.222 Loading class java/lang/foreign/MemorySegment
Event: 42.225 Loading class java/lang/foreign/MemorySegment done
Event: 464.308 Loading class sun/net/ConnectionResetException
Event: 464.310 Loading class sun/net/ConnectionResetException done
Event: 734.844 Loading class java/lang/invoke/MethodHandleImpl$CountingWrapper$1
Event: 734.848 Loading class java/lang/invoke/MethodHandleImpl$CountingWrapper$1 done

Classes unloaded (14 events):
Event: 27.370 Thread 0x000001a1a12f5260 Unloading class 0x000001a1a3641f80 '_BuildScript_$_run_closure1$_closure2$_closure3$_closure4$_closure11$_closure13'
Event: 27.370 Thread 0x000001a1a12f5260 Unloading class 0x000001a1a3641b90 '_BuildScript_$_run_closure1$_closure2$_closure3$_closure4$_closure11'
Event: 27.370 Thread 0x000001a1a12f5260 Unloading class 0x000001a1a36417a0 '_BuildScript_$_run_closure1$_closure2$_closure3$_closure4$_closure10'
Event: 27.370 Thread 0x000001a1a12f5260 Unloading class 0x000001a1a36413b0 '_BuildScript_$_run_closure1$_closure2$_closure3$_closure4$_closure9'
Event: 27.370 Thread 0x000001a1a12f5260 Unloading class 0x000001a1a3640fc0 '_BuildScript_$_run_closure1$_closure2$_closure3$_closure4$_closure8$_closure12'
Event: 27.370 Thread 0x000001a1a12f5260 Unloading class 0x000001a1a3640bd0 '_BuildScript_$_run_closure1$_closure2$_closure3$_closure4$_closure8'
Event: 27.370 Thread 0x000001a1a12f5260 Unloading class 0x000001a1a36407e0 '_BuildScript_$_run_closure1$_closure2$_closure3$_closure4$_closure7'
Event: 27.370 Thread 0x000001a1a12f5260 Unloading class 0x000001a1a36403f0 '_BuildScript_$_run_closure1$_closure2$_closure3$_closure4$_closure6'
Event: 27.370 Thread 0x000001a1a12f5260 Unloading class 0x000001a1a3640000 '_BuildScript_$_run_closure1$_closure2$_closure3$_closure4$_closure5'
Event: 27.370 Thread 0x000001a1a12f5260 Unloading class 0x000001a1a36393f0 '_BuildScript_$_run_closure1$_closure2$_closure3$_closure4'
Event: 27.370 Thread 0x000001a1a12f5260 Unloading class 0x000001a1a3639000 '_BuildScript_$_run_closure1$_closure2$_closure3'
Event: 27.370 Thread 0x000001a1a12f5260 Unloading class 0x000001a1a3638928 '_BuildScript_$_run_closure1$_closure2'
Event: 27.370 Thread 0x000001a1a12f5260 Unloading class 0x000001a1a3638538 '_BuildScript_$_run_closure1'
Event: 27.370 Thread 0x000001a1a12f5260 Unloading class 0x000001a1a3638000 '_BuildScript_'

Classes redefined (0 events):
No events

Internal exceptions (20 events):
Event: 809.917 Thread 0x000001a1eab27650 Exception <a 'sun/nio/fs/WindowsException'{0x000000074d327ed8}> (0x000000074d327ed8) 
thrown [s\src\hotspot\share\prims\jni.cpp, line 520]
Event: 809.917 Thread 0x000001a1eab27650 Exception <a 'sun/nio/fs/WindowsException'{0x000000074d329308}> (0x000000074d329308) 
thrown [s\src\hotspot\share\prims\jni.cpp, line 520]
Event: 809.917 Thread 0x000001a1eab27650 Exception <a 'sun/nio/fs/WindowsException'{0x000000074d32a708}> (0x000000074d32a708) 
thrown [s\src\hotspot\share\prims\jni.cpp, line 520]
Event: 811.654 Thread 0x000001a1eab27650 Exception <a 'sun/nio/fs/WindowsException'{0x000000074b375358}> (0x000000074b375358) 
thrown [s\src\hotspot\share\prims\jni.cpp, line 520]
Event: 811.655 Thread 0x000001a1eab27650 Exception <a 'sun/nio/fs/WindowsException'{0x000000074b376798}> (0x000000074b376798) 
thrown [s\src\hotspot\share\prims\jni.cpp, line 520]
Event: 811.655 Thread 0x000001a1eab27650 Exception <a 'sun/nio/fs/WindowsException'{0x000000074b377bc8}> (0x000000074b377bc8) 
thrown [s\src\hotspot\share\prims\jni.cpp, line 520]
Event: 811.655 Thread 0x000001a1eab27650 Exception <a 'sun/nio/fs/WindowsException'{0x000000074b378fc8}> (0x000000074b378fc8) 
thrown [s\src\hotspot\share\prims\jni.cpp, line 520]
Event: 825.896 Thread 0x000001a1eab27650 Exception <a 'sun/nio/fs/WindowsException'{0x000000074e91e8b0}> (0x000000074e91e8b0) 
thrown [s\src\hotspot\share\prims\jni.cpp, line 520]
Event: 825.896 Thread 0x000001a1eab27650 Exception <a 'sun/nio/fs/WindowsException'{0x000000074e91fcf0}> (0x000000074e91fcf0) 
thrown [s\src\hotspot\share\prims\jni.cpp, line 520]
Event: 825.896 Thread 0x000001a1eab27650 Exception <a 'sun/nio/fs/WindowsException'{0x000000074e921120}> (0x000000074e921120) 
thrown [s\src\hotspot\share\prims\jni.cpp, line 520]
Event: 825.896 Thread 0x000001a1eab27650 Exception <a 'sun/nio/fs/WindowsException'{0x000000074e922520}> (0x000000074e922520) 
thrown [s\src\hotspot\share\prims\jni.cpp, line 520]
Event: 827.544 Thread 0x000001a1eab27650 Exception <a 'sun/nio/fs/WindowsException'{0x000000074c94b638}> (0x000000074c94b638) 
thrown [s\src\hotspot\share\prims\jni.cpp, line 520]
Event: 827.544 Thread 0x000001a1eab27650 Exception <a 'sun/nio/fs/WindowsException'{0x000000074c94ca78}> (0x000000074c94ca78) 
thrown [s\src\hotspot\share\prims\jni.cpp, line 520]
Event: 827.544 Thread 0x000001a1eab27650 Exception <a 'sun/nio/fs/WindowsException'{0x000000074c94dea8}> (0x000000074c94dea8) 
thrown [s\src\hotspot\share\prims\jni.cpp, line 520]
Event: 827.544 Thread 0x000001a1eab27650 Exception <a 'sun/nio/fs/WindowsException'{0x000000074c94f2a8}> (0x000000074c94f2a8) 
thrown [s\src\hotspot\share\prims\jni.cpp, line 520]
Event: 909.894 Thread 0x000001a1e7ed6be0 Exception <a 'sun/nio/fs/WindowsException'{0x000000074d169990}> (0x000000074d169990) 
thrown [s\src\hotspot\share\prims\jni.cpp, line 520]
Event: 909.895 Thread 0x000001a1e7ed6be0 Exception <a 'sun/nio/fs/WindowsException'{0x000000074d16add0}> (0x000000074d16add0) 
thrown [s\src\hotspot\share\prims\jni.cpp, line 520]
Event: 909.895 Thread 0x000001a1e7ed6be0 Exception <a 'sun/nio/fs/WindowsException'{0x000000074d16c200}> (0x000000074d16c200) 
thrown [s\src\hotspot\share\prims\jni.cpp, line 520]
Event: 909.896 Thread 0x000001a1e7ed6be0 Exception <a 'sun/nio/fs/WindowsException'{0x000000074d16d600}> (0x000000074d16d600) 
thrown [s\src\hotspot\share\prims\jni.cpp, line 520]
Event: 910.075 Thread 0x000001a1e7ed6be0 Exception <a 'java/lang/OutOfMemoryError'{0x000000074c881270}: unable to create native thread: possibly out of memory or process/resource limits reached> (0x000000074c881270) 
thrown [s\src\hotspot\share\prims\jvm.cpp, line 3026]

ZGC Phase Switch (0 events):
No events

VM Operations (20 events):
Event: 829.079 Executing safepoint VM operation: G1TryInitiateConcMark (G1 Humongous Allocation)
Event: 829.082 Executing safepoint VM operation: G1TryInitiateConcMark (G1 Humongous Allocation) done
Event: 829.122 Executing safepoint VM operation: G1PauseRemark
Event: 829.129 Executing safepoint VM operation: G1PauseRemark done
Event: 829.144 Executing safepoint VM operation: G1PauseCleanup
Event: 829.144 Executing safepoint VM operation: G1PauseCleanup done
Event: 830.151 Executing safepoint VM operation: Cleanup
Event: 830.151 Executing safepoint VM operation: Cleanup done
Event: 841.610 Executing non-safepoint VM operation: HandshakeAllThreads (HandshakeForDeflation)
Event: 841.610 Executing non-safepoint VM operation: HandshakeAllThreads (HandshakeForDeflation) done
Event: 841.610 Executing non-safepoint VM operation: RendezvousGCThreads
Event: 841.610 Executing non-safepoint VM operation: RendezvousGCThreads done
Event: 860.745 Executing safepoint VM operation: Cleanup
Event: 860.745 Executing safepoint VM operation: Cleanup done
Event: 884.971 Executing safepoint VM operation: Cleanup
Event: 884.971 Executing safepoint VM operation: Cleanup done
Event: 893.038 Executing safepoint VM operation: Cleanup
Event: 893.038 Executing safepoint VM operation: Cleanup done
Event: 903.123 Executing safepoint VM operation: Cleanup
Event: 903.123 Executing safepoint VM operation: Cleanup done

Memory protections (0 events):
No events

Nmethod flushes (20 events):
Event: 829.128 Thread 0x000001a1a12f5260 flushing  nmethod 0x000001a18bf7cf90
Event: 829.128 Thread 0x000001a1a12f5260 flushing  nmethod 0x000001a18bf83d10
Event: 829.128 Thread 0x000001a1a12f5260 flushing  nmethod 0x000001a18c118090
Event: 829.128 Thread 0x000001a1a12f5260 flushing  nmethod 0x000001a18c286e90
Event: 829.128 Thread 0x000001a1a12f5260 flushing  nmethod 0x000001a18c288290
Event: 829.128 Thread 0x000001a1a12f5260 flushing  nmethod 0x000001a18c288910
Event: 829.128 Thread 0x000001a1a12f5260 flushing  nmethod 0x000001a18c28c790
Event: 829.128 Thread 0x000001a1a12f5260 flushing  nmethod 0x000001a18c301990
Event: 829.128 Thread 0x000001a1a12f5260 flushing  nmethod 0x000001a18c310110
Event: 829.128 Thread 0x000001a1a12f5260 flushing  nmethod 0x000001a18c318b10
Event: 829.128 Thread 0x000001a1a12f5260 flushing  nmethod 0x000001a18c563e90
Event: 829.128 Thread 0x000001a1a12f5260 flushing  nmethod 0x000001a18c5afa90
Event: 829.128 Thread 0x000001a1a12f5260 flushing  nmethod 0x000001a18c5b0910
Event: 829.128 Thread 0x000001a1a12f5260 flushing  nmethod 0x000001a18c5f9010
Event: 829.128 Thread 0x000001a1a12f5260 flushing  nmethod 0x000001a18c5ffa10
Event: 829.128 Thread 0x000001a1a12f5260 flushing  nmethod 0x000001a18c953f90
Event: 829.128 Thread 0x000001a1a12f5260 flushing  nmethod 0x000001a18c957290
Event: 829.128 Thread 0x000001a1a12f5260 flushing  nmethod 0x000001a18c99e910
Event: 829.128 Thread 0x000001a1a12f5260 flushing  nmethod 0x000001a18c99f810
Event: 829.128 Thread 0x000001a1a12f5260 flushing  nmethod 0x000001a18caacb10

Events (20 events):
Event: 910.037 Thread 0x000001a1e7ed6be0 Thread added: 0x000001a1eab29db0
Event: 910.037 Thread 0x000001a1e7ed6be0 Thread added: 0x000001a1eab2a440
Event: 910.038 Thread 0x000001a1e7ed6be0 Thread added: 0x000001a1eab2aad0
Event: 910.038 Thread 0x000001a1e7ed6be0 Thread added: 0x000001a1eab27650
Event: 910.038 Thread 0x000001a1e7ed6be0 Thread added: 0x000001a1eab2b7f0
Event: 910.038 Thread 0x000001a1e7ed6be0 Thread added: 0x000001a1eab2c510
Event: 910.038 Thread 0x000001a1e7ed6be0 Thread added: 0x000001a1eab2be80
Event: 910.038 Thread 0x000001a1e7ed6be0 Thread added: 0x000001a1eab2b160
Event: 910.038 Thread 0x000001a1e7ed6be0 Thread added: 0x000001a1e827ea50
Event: 910.038 Thread 0x000001a1e7ed6be0 Thread added: 0x000001a1e8280490
Event: 910.069 Thread 0x000001a1e7ed6be0 Thread added: 0x000001a1e827f770
Event: 910.069 Thread 0x000001a1e7ed6be0 Thread added: 0x000001a1e8280b20
Event: 910.069 Thread 0x000001a1e7ed6be0 Thread added: 0x000001a1e8282560
Event: 910.069 Thread 0x000001a1e7ed6be0 Thread added: 0x000001a1e8282bf0
Event: 910.069 Thread 0x000001a1e7ed6be0 Thread added: 0x000001a1e8283280
Event: 910.070 Thread 0x000001a1e7ed6be0 Thread added: 0x000001a1e827fe00
Event: 910.070 Thread 0x000001a1e7ed6be0 Thread added: 0x000001a1e8283fa0
Event: 910.070 Thread 0x000001a1e7ed6be0 Thread added: 0x000001a1e8286070
Event: 910.070 Thread 0x000001a1e7ed6be0 Thread added: 0x000001a1e8284630
Event: 910.070 Thread 0x000001a1e7ed6be0 Thread added: 0x000001a1e8284cc0


Dynamic libraries:
0x00007ff65d0d0000 - 0x00007ff65d0de000 	C:\Users\aflahal01\.vscode\extensions\redhat.java-1.56.0-win32-x64\jre\21.0.12.1-win32-x86_64\bin\java.exe
0x00007fff2d920000 - 0x00007fff2db87000 	C:\WINDOWS\SYSTEM32\ntdll.dll
0x00007fff2c0e0000 - 0x00007fff2c1ab000 	C:\WINDOWS\System32\KERNEL32.DLL
0x00007fff2ae00000 - 0x00007fff2b202000 	C:\WINDOWS\System32\KERNELBASE.dll
0x00007fff2b210000 - 0x00007fff2b35c000 	C:\WINDOWS\System32\ucrtbase.dll
0x00007ffeec3c0000 - 0x00007ffeec3d8000 	C:\Users\aflahal01\.vscode\extensions\redhat.java-1.56.0-win32-x64\jre\21.0.12.1-win32-x86_64\bin\jli.dll
0x00007ffeec230000 - 0x00007ffeec24e000 	C:\Users\aflahal01\.vscode\extensions\redhat.java-1.56.0-win32-x64\jre\21.0.12.1-win32-x86_64\bin\VCRUNTIME140.dll
0x00007fff2cbb0000 - 0x00007fff2cd7f000 	C:\WINDOWS\System32\USER32.dll
0x00007fff2b370000 - 0x00007fff2b397000 	C:\WINDOWS\System32\win32u.dll
0x00007fff0c890000 - 0x00007fff0cb20000 	C:\WINDOWS\WinSxS\amd64_microsoft.windows.common-controls_6595b64144ccf1df_6.0.26100.9278_none_3e0d1ba8e3303201\COMCTL32.dll
0x00007fff2ca60000 - 0x00007fff2ca8b000 	C:\WINDOWS\System32\GDI32.dll
0x00007fff2d4c0000 - 0x00007fff2d569000 	C:\WINDOWS\System32\msvcrt.dll
0x00007fff2b460000 - 0x00007fff2b589000 	C:\WINDOWS\System32\gdi32full.dll
0x00007fff2b590000 - 0x00007fff2b633000 	C:\WINDOWS\System32\msvcp_win.dll
0x00007fff2d2d0000 - 0x00007fff2d301000 	C:\WINDOWS\System32\IMM32.DLL
0x00007ffeec3f0000 - 0x00007ffeec3fc000 	C:\Users\aflahal01\.vscode\extensions\redhat.java-1.56.0-win32-x64\jre\21.0.12.1-win32-x86_64\bin\vcruntime140_1.dll
0x00007ffec5210000 - 0x00007ffec529d000 	C:\Users\aflahal01\.vscode\extensions\redhat.java-1.56.0-win32-x64\jre\21.0.12.1-win32-x86_64\bin\msvcp140.dll
0x00007ffe2f330000 - 0x00007ffe300d2000 	C:\Users\aflahal01\.vscode\extensions\redhat.java-1.56.0-win32-x64\jre\21.0.12.1-win32-x86_64\bin\server\jvm.dll
0x00007fff2c010000 - 0x00007fff2c0cc000 	C:\WINDOWS\System32\ADVAPI32.dll
0x00007fff2cd90000 - 0x00007fff2ce39000 	C:\WINDOWS\System32\sechost.dll
0x00007fff2ca90000 - 0x00007fff2cba8000 	C:\WINDOWS\System32\RPCRT4.dll
0x00007fff2d310000 - 0x00007fff2d390000 	C:\WINDOWS\System32\WS2_32.dll
0x00007fff2a980000 - 0x00007fff2a9de000 	C:\WINDOWS\SYSTEM32\POWRPROF.dll
0x00007fff25060000 - 0x00007fff25096000 	C:\WINDOWS\SYSTEM32\WINMM.dll
0x00007fff0cb40000 - 0x00007fff0cb4b000 	C:\WINDOWS\SYSTEM32\VERSION.dll
0x00007fff2a960000 - 0x00007fff2a975000 	C:\WINDOWS\SYSTEM32\UMPDC.dll
0x00007fff297f0000 - 0x00007fff2980b000 	C:\WINDOWS\SYSTEM32\kernel.appcore.dll
0x00007ffeec380000 - 0x00007ffeec38a000 	C:\Users\aflahal01\.vscode\extensions\redhat.java-1.56.0-win32-x64\jre\21.0.12.1-win32-x86_64\bin\jimage.dll
0x00007fff27ec0000 - 0x00007fff2810c000 	C:\WINDOWS\SYSTEM32\DBGHELP.DLL
0x00007fff2b8e0000 - 0x00007fff2bc65000 	C:\WINDOWS\System32\combase.dll
0x00007fff2c980000 - 0x00007fff2ca59000 	C:\WINDOWS\System32\OLEAUT32.dll
0x00007fff14d80000 - 0x00007fff14dbb000 	C:\WINDOWS\SYSTEM32\dbgcore.DLL
0x00007fff2ab20000 - 0x00007fff2abcc000 	C:\WINDOWS\System32\bcryptPrimitives.dll
0x00007ffeec1f0000 - 0x00007ffeec1ff000 	C:\Users\aflahal01\.vscode\extensions\redhat.java-1.56.0-win32-x64\jre\21.0.12.1-win32-x86_64\bin\instrument.dll
0x00007ffeec170000 - 0x00007ffeec190000 	C:\Users\aflahal01\.vscode\extensions\redhat.java-1.56.0-win32-x64\jre\21.0.12.1-win32-x86_64\bin\java.dll
0x00007fff2c1b0000 - 0x00007fff2c948000 	C:\WINDOWS\System32\SHELL32.dll
0x00007fff28550000 - 0x00007fff28dfe000 	C:\WINDOWS\SYSTEM32\windows.storage.dll
0x00007fff2d3b0000 - 0x00007fff2d4ab000 	C:\WINDOWS\System32\SHCORE.dll
0x00007fff2bfa0000 - 0x00007fff2c006000 	C:\WINDOWS\System32\shlwapi.dll
0x00007fff2aa40000 - 0x00007fff2aa69000 	C:\WINDOWS\SYSTEM32\profapi.dll
0x00007ffeec000000 - 0x00007ffeec018000 	C:\Users\aflahal01\.vscode\extensions\redhat.java-1.56.0-win32-x64\jre\21.0.12.1-win32-x86_64\bin\zip.dll
0x00007ffee1040000 - 0x00007ffee1050000 	C:\Users\aflahal01\.vscode\extensions\redhat.java-1.56.0-win32-x64\jre\21.0.12.1-win32-x86_64\bin\net.dll
0x00007fff19b00000 - 0x00007fff19c2a000 	C:\WINDOWS\SYSTEM32\WINHTTP.dll
0x00007fff29db0000 - 0x00007fff29e1c000 	C:\WINDOWS\system32\mswsock.dll
0x00007ffee1020000 - 0x00007ffee1036000 	C:\Users\aflahal01\.vscode\extensions\redhat.java-1.56.0-win32-x64\jre\21.0.12.1-win32-x86_64\bin\nio.dll
0x00007ffedf1d0000 - 0x00007ffedf1e0000 	C:\Users\aflahal01\.vscode\extensions\redhat.java-1.56.0-win32-x64\jre\21.0.12.1-win32-x86_64\bin\verify.dll
0x00007ffef73a0000 - 0x00007ffef73c7000 	C:\Users\aflahal01\.gradle\native\c067742578af261105cb4f569cf0c3c89f3d7b1fecec35dd04571415982c5e48\windows-amd64\native-platform.dll
0x00007ffef7220000 - 0x00007ffef7364000 	C:\Users\aflahal01\.gradle\native\100fb08df4bc3b14c8652ba06237920a3bd2aa13389f12d3474272988ae205f9\windows-amd64\native-platform-file-events.dll
0x00007ffede710000 - 0x00007ffede71a000 	C:\Users\aflahal01\.vscode\extensions\redhat.java-1.56.0-win32-x64\jre\21.0.12.1-win32-x86_64\bin\management.dll
0x00007ffede700000 - 0x00007ffede70c000 	C:\Users\aflahal01\.vscode\extensions\redhat.java-1.56.0-win32-x64\jre\21.0.12.1-win32-x86_64\bin\management_ext.dll
0x00007fff2d3a0000 - 0x00007fff2d3a8000 	C:\WINDOWS\System32\PSAPI.DLL
0x00007fff2a0a0000 - 0x00007fff2a0bb000 	C:\WINDOWS\SYSTEM32\CRYPTSP.dll
0x00007fff29750000 - 0x00007fff29789000 	C:\WINDOWS\system32\rsaenh.dll
0x00007fff29e60000 - 0x00007fff29e94000 	C:\WINDOWS\SYSTEM32\USERENV.dll
0x00007fff2aa10000 - 0x00007fff2aa3a000 	C:\WINDOWS\SYSTEM32\bcrypt.dll
0x00007fff2a0c0000 - 0x00007fff2a0cc000 	C:\WINDOWS\SYSTEM32\CRYPTBASE.dll
0x00007fff29230000 - 0x00007fff29263000 	C:\WINDOWS\SYSTEM32\IPHLPAPI.DLL
0x00007fff2b640000 - 0x00007fff2b64a000 	C:\WINDOWS\System32\NSI.dll
0x00007ffeebea0000 - 0x00007ffeebea9000 	C:\Users\aflahal01\.vscode\extensions\redhat.java-1.56.0-win32-x64\jre\21.0.12.1-win32-x86_64\bin\extnet.dll
0x00007ffeebeb0000 - 0x00007ffeebebe000 	C:\Users\aflahal01\.vscode\extensions\redhat.java-1.56.0-win32-x64\jre\21.0.12.1-win32-x86_64\bin\sunmscapi.dll
0x00007fff2abe0000 - 0x00007fff2ad5e000 	C:\WINDOWS\System32\CRYPT32.dll
0x00007fff2a2e0000 - 0x00007fff2a310000 	C:\WINDOWS\SYSTEM32\ncrypt.dll
0x00007fff2a290000 - 0x00007fff2a2cf000 	C:\WINDOWS\SYSTEM32\NTASN1.dll
0x00007ffefa930000 - 0x00007ffefa938000 	C:\WINDOWS\system32\wshunix.dll
0x00007fff29270000 - 0x00007fff293c8000 	C:\WINDOWS\SYSTEM32\DNSAPI.dll
0x00007fff29b90000 - 0x00007fff29b9d000 	C:\WINDOWS\SYSTEM32\DSPARSE.dll
0x00007fff1f7e0000 - 0x00007fff1f7eb000 	C:\Windows\System32\rasadhlp.dll
0x00007fff216c0000 - 0x00007fff21746000 	C:\WINDOWS\System32\fwpuclnt.dll

JVMTI agents:
C:\Users\aflahal01\.gradle\wrapper\dists\gradle-8.8-bin\dl7vupf4psengwqhwktix4v1\gradle-8.8\lib\agents\gradle-instrumentation-agent-8.8.jar path:C:\Users\aflahal01\.vscode\extensions\redhat.java-1.56.0-win32-x64\jre\21.0.12.1-win32-x86_64\bin\instrument.dll, loaded, initialized, instrumentlib options:none

dbghelp: loaded successfully - version: 4.0.5 - missing functions: none
symbol engine: initialized successfully - sym options: 0x614 - pdb path: .;C:\Users\aflahal01\.vscode\extensions\redhat.java-1.56.0-win32-x64\jre\21.0.12.1-win32-x86_64\bin;C:\WINDOWS\SYSTEM32;C:\WINDOWS\WinSxS\amd64_microsoft.windows.common-controls_6595b64144ccf1df_6.0.26100.9278_none_3e0d1ba8e3303201;C:\Users\aflahal01\.vscode\extensions\redhat.java-1.56.0-win32-x64\jre\21.0.12.1-win32-x86_64\bin\server;C:\Users\aflahal01\.gradle\native\c067742578af261105cb4f569cf0c3c89f3d7b1fecec35dd04571415982c5e48\windows-amd64;C:\Users\aflahal01\.gradle\native\100fb08df4bc3b14c8652ba06237920a3bd2aa13389f12d3474272988ae205f9\windows-amd64

VM Arguments:
jvm_args: --add-opens=java.base/java.util=ALL-UNNAMED --add-opens=java.base/java.lang=ALL-UNNAMED --add-opens=java.base/java.lang.invoke=ALL-UNNAMED --add-opens=java.prefs/java.util.prefs=ALL-UNNAMED --add-opens=java.base/java.nio.charset=ALL-UNNAMED --add-opens=java.base/java.net=ALL-UNNAMED --add-opens=java.base/java.util.concurrent.atomic=ALL-UNNAMED -Xmx3G -Dfile.encoding=utf8 -Duser.country=ID -Duser.language=en -Duser.variant -javaagent:C:\Users\aflahal01\.gradle\wrapper\dists\gradle-8.8-bin\dl7vupf4psengwqhwktix4v1\gradle-8.8\lib\agents\gradle-instrumentation-agent-8.8.jar 
java_command: org.gradle.launcher.daemon.bootstrap.GradleDaemon 8.8
java_class_path (initial): C:\Users\aflahal01\.gradle\wrapper\dists\gradle-8.8-bin\dl7vupf4psengwqhwktix4v1\gradle-8.8\lib\gradle-launcher-8.8.jar
Launcher Type: SUN_STANDARD

[Global flags]
     intx CICompilerCount                          = 4                                         {product} {ergonomic}
     uint ConcGCThreads                            = 3                                         {product} {ergonomic}
     uint G1ConcRefinementThreads                  = 10                                        {product} {ergonomic}
   size_t G1HeapRegionSize                         = 2097152                                   {product} {ergonomic}
    uintx GCDrainStackTargetSize                   = 64                                        {product} {ergonomic}
   size_t InitialHeapSize                          = 264241152                                 {product} {ergonomic}
   size_t MarkStackSize                            = 4194304                                   {product} {ergonomic}
   size_t MaxHeapSize                              = 3221225472                                {product} {command line}
   size_t MaxNewSize                               = 1931476992                                {product} {ergonomic}
   size_t MinHeapDeltaBytes                        = 2097152                                   {product} {ergonomic}
   size_t MinHeapSize                              = 8388608                                   {product} {ergonomic}
    uintx NonNMethodCodeHeapSize                   = 5839372                                {pd product} {ergonomic}
    uintx NonProfiledCodeHeapSize                  = 122909434                              {pd product} {ergonomic}
    uintx ProfiledCodeHeapSize                     = 122909434                              {pd product} {ergonomic}
    uintx ReservedCodeCacheSize                    = 251658240                              {pd product} {ergonomic}
     bool SegmentedCodeCache                       = true                                      {product} {ergonomic}
   size_t SoftMaxHeapSize                          = 3221225472                             {manageable} {ergonomic}
     bool UseCompressedOops                        = true                           {product lp64_product} {ergonomic}
     bool UseG1GC                                  = true                                      {product} {ergonomic}
     bool UseLargePagesIndividualAllocation        = false                                  {pd product} {ergonomic}

Logging:
Log output configuration:
 #0: stdout all=warning uptime,level,tags foldmultilines=false
 #1: stderr all=off uptime,level,tags foldmultilines=false

Release file:
JAVA_VERSION="21.0.12.1" 
MODULES="java.base java.compiler java.datatransfer java.xml java.prefs java.desktop java.instrument java.logging java.management java.security.sasl java.naming java.rmi java.management.rmi java.net.http java.scripting java.security.jgss java.transaction.xa java.sql java.sql.rowset java.xml.crypto java.se java.smartcardio jdk.accessibility jdk.internal.jvmstat jdk.attach jdk.charsets jdk.internal.opt jdk.zipfs jdk.compiler jdk.crypto.ec jdk.crypto.cryptoki jdk.crypto.mscapi jdk.dynalink jdk.internal.ed jdk.editpad jdk.hotspot.agent jdk.httpserver jdk.internal.le jdk.internal.vm.ci jdk.internal.vm.compiler jdk.internal.vm.compiler.management jdk.jartool jdk.javadoc jdk.jcmd jdk.management jdk.management.agent jdk.jconsole jdk.jdeps jdk.jdwp.agent jdk.jdi jdk.jfr jdk.jshell jdk.jsobject jdk.jstatd jdk.localedata jdk.management.jfr jdk.naming.dns jdk.naming.rmi jdk.net jdk.nio.mapmode jdk.random jdk.sctp jdk.security.auth jdk.security.jgss jdk.unsupported jdk.unsupported.desktop jdk.xml.dom" 

Environment Variables:
JAVA_HOME=C:\Program Files\Microsoft\jdk-17.0.18.8-hotspot
PATH=C:\Program Files\Microsoft\jdk-17.0.18.8-hotspot\bin;C:\WINDOWS\system32;C:\WINDOWS;C:\WINDOWS\System32\Wbem;C:\WINDOWS\System32\WindowsPowerShell\v1.0\;C:\WINDOWS\System32\OpenSSH\;C:\MinGW\bin;C:\Program Files\nodejs\;C:\Program Files\Git\cmd;C:\Program Files\Microsoft\jdk-17.0.18.8-hotspot\bin;C:\Users\aflahal01\AppData\Local\Android\Sdk\platform-tools;C:\xampp\php;C:\Program Files\Common Files\Oracle\Java\javapath;C:\ProgramData\chocolatey\bin;C:\ProgramData\chocolatey\lib\maven\apache-maven-3.9.15\bin;C:\Program Files\Cloudflare\Cloudflare WARP\;C:\Program Files\dotnet\;C:\Users\aflahal01\AppData\Local\Programs\Python\Python312\Scripts\;C:\Users\aflahal01\AppData\Local\Programs\Python\Python312\;C:\Users\aflahal01\AppData\Local\Microsoft\WindowsApps;C:\Users\aflahal01\AppData\Local\Programs\Microsoft VS Code\bin;C:\Users\aflahal01\AppData\Roaming\npm;C:\Users\aflahal01\AppData\Local\Programs\Antigravity\bin;C:\src\flutter\bin;C:\Gradle\gradle-8.5\bin
USERNAME=aflahal01
OS=Windows_NT
PROCESSOR_IDENTIFIER=Intel64 Family 6 Model 154 Stepping 3, GenuineIntel
TMP=C:\Users\AFLAHA~1\AppData\Local\Temp
TEMP=C:\Users\AFLAHA~1\AppData\Local\Temp




Periodic native trim disabled

---------------  S Y S T E M  ---------------

OS:
 Windows 11 , 64 bit Build 26100 (10.0.26100.9444)
OS uptime: 2 days 9:29 hours
Hyper-V role detected

CPU: total 12 (initial active 12) (6 cores per cpu, 2 threads per core) family 6 model 154 stepping 3 microcode 0x429, cx8, cmov, fxsr, ht, mmx, 3dnowpref, sse, sse2, sse3, ssse3, sse4.1, sse4.2, popcnt, lzcnt, tsc, tscinvbit, avx, avx2, aes, erms, clmul, bmi1, bmi2, adx, sha, fma, vzeroupper, clflush, clflushopt, clwb, hv, serialize, rdtscp, rdpid, fsrm, f16c, cet_ibt, cet_ss
Processor Information for processor 0
  Max Mhz: 2000, Current Mhz: 2000, Mhz Limit: 2000
Processor Information for processor 1
  Max Mhz: 2000, Current Mhz: 2000, Mhz Limit: 2000
Processor Information for processor 2
  Max Mhz: 2000, Current Mhz: 2000, Mhz Limit: 2000
Processor Information for processor 3
  Max Mhz: 2000, Current Mhz: 2000, Mhz Limit: 2000
Processor Information for processor 4
  Max Mhz: 2000, Current Mhz: 1520, Mhz Limit: 2000
Processor Information for processor 5
  Max Mhz: 2000, Current Mhz: 2000, Mhz Limit: 2000
Processor Information for processor 6
  Max Mhz: 2000, Current Mhz: 2000, Mhz Limit: 2000
Processor Information for processor 7
  Max Mhz: 2000, Current Mhz: 2000, Mhz Limit: 2000
Processor Information for processor 8
  Max Mhz: 2000, Current Mhz: 1500, Mhz Limit: 1500
Processor Information for processor 9
  Max Mhz: 2000, Current Mhz: 1500, Mhz Limit: 1500
Processor Information for processor 10
  Max Mhz: 2000, Current Mhz: 1500, Mhz Limit: 1500
Processor Information for processor 11
  Max Mhz: 2000, Current Mhz: 1500, Mhz Limit: 1500

Memory: 4k page, system-wide physical 16076M (137M free)
TotalPageFile size 32460M (AvailPageFile size 6M)
current process WorkingSet (physical memory assigned to process): 440M, peak: 532M
current process commit charge ("private bytes"): 563M, peak: 654M

vm_info: OpenJDK 64-Bit Server VM (21.0.12.1+1-LTS) for windows-amd64 JRE (21.0.12.1+1-LTS), built on 2026-08-18T00:00:00Z by "admin" with MS VC++ 17.12 (VS2022)

END.
