#
# There is insufficient memory for the Java Runtime Environment to continue.
# Native memory allocation (malloc) failed to allocate 1047776 bytes. Error detail: Chunk::new
# Possible reasons:
#   The system is out of physical RAM or swap space
#   This process is running with CompressedOops enabled, and the Java Heap may be blocking the growth of the native heap
# Possible solutions:
#   Reduce memory load on the system
#   Increase physical memory or swap space
#   Check if swap backing store is full
#   Decrease Java heap size (-Xmx/-Xms)
#   Decrease number of Java threads
#   Decrease Java thread stack sizes (-Xss)
#   Set larger code cache with -XX:ReservedCodeCacheSize=
#   JVM is running with Zero Based Compressed Oops mode in which the Java heap is
#     placed in the first 32GB address space. The Java Heap base address is the
#     maximum limit for the native heap growth. Please use -XX:HeapBaseMinAddress
#     to set the Java Heap base and to place the Java Heap above 32GB virtual address.
# This output file may be truncated or incomplete.
#
#  Out of Memory Error (arena.cpp:168), pid=26140, tid=35380
#
# JRE version: OpenJDK Runtime Environment Temurin-21.0.12.1+1 (21.0.12.1+1) (build 21.0.12.1+1-LTS)
# Java VM: OpenJDK 64-Bit Server VM Temurin-21.0.12.1+1 (21.0.12.1+1-LTS, mixed mode, sharing, tiered, compressed oops, compressed class ptrs, g1 gc, windows-amd64)
# No core dump will be written. Minidumps are not enabled by default on client versions of Windows
#

---------------  S U M M A R Y ------------

Command Line: --add-opens=java.base/java.util=ALL-UNNAMED --add-opens=java.base/java.lang=ALL-UNNAMED --add-opens=java.base/java.lang.invoke=ALL-UNNAMED --add-opens=java.prefs/java.util.prefs=ALL-UNNAMED --add-opens=java.base/java.nio.charset=ALL-UNNAMED --add-opens=java.base/java.net=ALL-UNNAMED --add-opens=java.base/java.util.concurrent.atomic=ALL-UNNAMED -Xmx3G -Dfile.encoding=utf8 -Duser.country=ID -Duser.language=en -Duser.variant -javaagent:C:\Users\aflahal01\.gradle\wrapper\dists\gradle-8.8-bin\dl7vupf4psengwqhwktix4v1\gradle-8.8\lib\agents\gradle-instrumentation-agent-8.8.jar org.gradle.launcher.daemon.bootstrap.GradleDaemon 8.8

Host: 12th Gen Intel(R) Core(TM) i5-12450H, 12 cores, 15G,  Windows 11 , 64 bit Build 26100 (10.0.26100.9444)
Time: Mon Sep 14 03:04:39 2026 SE Asia Standard Time elapsed time: 3.472968 seconds (0d 0h 0m 3s)

---------------  T H R E A D  ---------------

Current thread (0x0000022fe48e4490):  JavaThread "C2 CompilerThread1" daemon [_thread_in_native, id=35380, stack(0x000000f475c00000,0x000000f475d00000) (1024K)]


Current CompileTask:
C2:3473 2820       4       java.lang.invoke.MethodType::makeImpl (109 bytes)

Stack: [0x000000f475c00000,0x000000f475d00000]
Native frames: (J=compiled Java code, j=interpreted, Vv=VM code, C=native code)
V  [jvm.dll+0x6d83e9]
V  [jvm.dll+0x8b5736]
V  [jvm.dll+0x8b7cee]
V  [jvm.dll+0x8b83d3]
V  [jvm.dll+0x284596]
V  [jvm.dll+0xc685d]
V  [jvm.dll+0xc6da1]
V  [jvm.dll+0x2fb5ae]
V  [jvm.dll+0x5fee94]
V  [jvm.dll+0x255d67]
V  [jvm.dll+0x24e3bf]
V  [jvm.dll+0x24bbe6]
V  [jvm.dll+0x1cb4ae]
V  [jvm.dll+0x25baad]
V  [jvm.dll+0x25a03a]
V  [jvm.dll+0x3f8aae]
V  [jvm.dll+0x8600cd]
V  [jvm.dll+0x6d6c1d]
C  [ucrtbase.dll+0x2cd30]
C  [KERNEL32.DLL+0x2cd87]
C  [ntdll.dll+0xacaec]


---------------  P R O C E S S  ---------------

Threads class SMR info:
_java_thread_list=0x0000022fe4dcefe0, length=26, elements={
0x0000022fc3a17d30, 0x0000022fded07280, 0x0000022fded07ce0, 0x0000022fded0d770,
0x0000022fded0e300, 0x0000022fded0ed60, 0x0000022fded0f7c0, 0x0000022fded23670,
0x0000022fded27130, 0x0000022fe31bb0d0, 0x0000022fe323df30, 0x0000022fe48e4490,
0x0000022fe47e9f90, 0x0000022fe46ff1b0, 0x0000022fe3da49b0, 0x0000022fe4aa52a0,
0x0000022fe4a99600, 0x0000022fe4c9cac0, 0x0000022fe4c9b080, 0x0000022fe4c99640,
0x0000022fe4c99cd0, 0x0000022fe4c9a360, 0x0000022fe4c9bda0, 0x0000022fe4c9a9f0,
0x0000022fe4c9c430, 0x0000022fe4c9b710
}

Java Threads: ( => current thread )
  0x0000022fc3a17d30 JavaThread "main"                              [_thread_blocked, id=10800, stack(0x000000f474a00000,0x000000f474b00000) (1024K)]
  0x0000022fded07280 JavaThread "Reference Handler"          daemon [_thread_blocked, id=32616, stack(0x000000f475200000,0x000000f475300000) (1024K)]
  0x0000022fded07ce0 JavaThread "Finalizer"                  daemon [_thread_blocked, id=24312, stack(0x000000f475300000,0x000000f475400000) (1024K)]
  0x0000022fded0d770 JavaThread "Signal Dispatcher"          daemon [_thread_blocked, id=27708, stack(0x000000f475400000,0x000000f475500000) (1024K)]
  0x0000022fded0e300 JavaThread "Attach Listener"            daemon [_thread_blocked, id=25200, stack(0x000000f475500000,0x000000f475600000) (1024K)]
  0x0000022fded0ed60 JavaThread "Service Thread"             daemon [_thread_blocked, id=21288, stack(0x000000f475600000,0x000000f475700000) (1024K)]
  0x0000022fded0f7c0 JavaThread "Monitor Deflation Thread"   daemon [_thread_blocked, id=17300, stack(0x000000f475700000,0x000000f475800000) (1024K)]
  0x0000022fded23670 JavaThread "C2 CompilerThread0"         daemon [_thread_in_native, id=33496, stack(0x000000f475800000,0x000000f475900000) (1024K)]
  0x0000022fded27130 JavaThread "C1 CompilerThread0"         daemon [_thread_blocked, id=9680, stack(0x000000f475900000,0x000000f475a00000) (1024K)]
  0x0000022fe31bb0d0 JavaThread "Common-Cleaner"             daemon [_thread_blocked, id=21844, stack(0x000000f475a00000,0x000000f475b00000) (1024K)]
  0x0000022fe323df30 JavaThread "Notification Thread"        daemon [_thread_blocked, id=28792, stack(0x000000f475b00000,0x000000f475c00000) (1024K)]
=>0x0000022fe48e4490 JavaThread "C2 CompilerThread1"         daemon [_thread_in_native, id=35380, stack(0x000000f475c00000,0x000000f475d00000) (1024K)]
  0x0000022fe47e9f90 JavaThread "Daemon health stats"               [_thread_blocked, id=35788, stack(0x000000f476200000,0x000000f476300000) (1024K)]
  0x0000022fe46ff1b0 JavaThread "Incoming local TCP Connector on port 57428"        [_thread_in_native, id=35080, stack(0x000000f476300000,0x000000f476400000) (1024K)]
  0x0000022fe3da49b0 JavaThread "Daemon periodic checks"            [_thread_blocked, id=35012, stack(0x000000f476400000,0x000000f476500000) (1024K)]
  0x0000022fe4aa52a0 JavaThread "Daemon"                            [_thread_blocked, id=35832, stack(0x000000f476500000,0x000000f476600000) (1024K)]
  0x0000022fe4a99600 JavaThread "Daemon worker"                     [_thread_in_native, id=8016, stack(0x000000f476800000,0x000000f476900000) (1024K)]
  0x0000022fe4c9cac0 JavaThread "Handler for socket connection from /127.0.0.1:57428 to /127.0.0.1:57432"        [_thread_in_native, id=13228, stack(0x000000f476600000,0x000000f476700000) (1024K)]
  0x0000022fe4c9b080 JavaThread "Cancel handler"                    [_thread_blocked, id=17960, stack(0x000000f476700000,0x000000f476800000) (1024K)]
  0x0000022fe4c99640 JavaThread "Asynchronous log dispatcher for DefaultDaemonConnection: socket connection from /127.0.0.1:57428 to /127.0.0.1:57432"        [_thread_blocked, id=35144, stack(0x000000f476900000,0x000000f476a00000) (1024K)]
  0x0000022fe4c99cd0 JavaThread "Stdin handler"                     [_thread_blocked, id=35388, stack(0x000000f476a00000,0x000000f476b00000) (1024K)]
  0x0000022fe4c9a360 JavaThread "Daemon client event forwarder"        [_thread_blocked, id=34296, stack(0x000000f476b00000,0x000000f476c00000) (1024K)]
  0x0000022fe4c9bda0 JavaThread "Cache worker for journal cache (C:\Users\aflahal01\.gradle\caches\journal-1)"        [_thread_blocked, id=3976, stack(0x000000f476c00000,0x000000f476d00000) (1024K)]
  0x0000022fe4c9a9f0 JavaThread "File lock request listener"        [_thread_in_native, id=12276, stack(0x000000f476d00000,0x000000f476e00000) (1024K)]
  0x0000022fe4c9c430 JavaThread "Cache worker for file hash cache (C:\Users\aflahal01\.gradle\caches\8.8\fileHashes)"        [_thread_blocked, id=28384, stack(0x000000f476e00000,0x000000f476f00000) (1024K)]
  0x0000022fe4c9b710 JavaThread "File lock release action executor"        [_thread_blocked, id=14740, stack(0x000000f476f00000,0x000000f477000000) (1024K)]
Total: 26

Other Threads:
  0x0000022fdecec810 VMThread "VM Thread"                           [id=33060, stack(0x000000f475100000,0x000000f475200000) (1024K)]
  0x0000022fdecdcd40 WatcherThread "VM Periodic Task Thread"        [id=16140, stack(0x000000f475000000,0x000000f475100000) (1024K)]
  0x0000022fc5d82190 WorkerThread "GC Thread#0"                     [id=9980, stack(0x000000f474b00000,0x000000f474c00000) (1024K)]
  0x0000022fe363c600 WorkerThread "GC Thread#1"                     [id=14380, stack(0x000000f475d00000,0x000000f475e00000) (1024K)]
  0x0000022fe363c9b0 WorkerThread "GC Thread#2"                     [id=3680, stack(0x000000f475e00000,0x000000f475f00000) (1024K)]
  0x0000022fe363cd60 WorkerThread "GC Thread#3"                     [id=13316, stack(0x000000f475f00000,0x000000f476000000) (1024K)]
  0x0000022fe3d43d30 WorkerThread "GC Thread#4"                     [id=35364, stack(0x000000f476000000,0x000000f476100000) (1024K)]
  0x0000022fe3d440e0 WorkerThread "GC Thread#5"                     [id=25472, stack(0x000000f476100000,0x000000f476200000) (1024K)]
  0x0000022fc5d8f090 ConcurrentGCThread "G1 Main Marker"            [id=35660, stack(0x000000f474c00000,0x000000f474d00000) (1024K)]
  0x0000022fc5d90930 WorkerThread "G1 Conc#0"                       [id=34884, stack(0x000000f474d00000,0x000000f474e00000) (1024K)]
  0x0000022fdeba19e0 ConcurrentGCThread "G1 Refine#0"               [id=28936, stack(0x000000f474e00000,0x000000f474f00000) (1024K)]
  0x0000022fdeba6340 ConcurrentGCThread "G1 Service"                [id=30240, stack(0x000000f474f00000,0x000000f475000000) (1024K)]
Total: 12

Threads with active compile tasks:
C2 CompilerThread0  3515 2701   !   4       java.lang.ClassLoader::loadClass (121 bytes)
C2 CompilerThread1  3515 2820       4       java.lang.invoke.MethodType::makeImpl (109 bytes)
Total: 2

VM state: not at safepoint (normal execution)

VM Mutex/Monitor currently owned by a thread: None

Heap address: 0x0000000740000000, size: 3072 MB, Compressed Oops mode: Zero based, Oop shift amount: 3

CDS archive(s) mapped at: [0x0000022f80000000-0x0000022f80ba0000-0x0000022f80ba0000), size 12189696, SharedBaseAddress: 0x0000022f80000000, ArchiveRelocationMode: 1.
Compressed class space mapped at: 0x0000022f81000000-0x0000022fc1000000, reserved size: 1073741824
Narrow klass base: 0x0000022f80000000, Narrow klass shift: 0, Narrow klass range: 0x100000000

GC Precious Log:
 CardTable entry size: 512
 Card Set container configuration: InlinePtr #cards 4 size 8 Array Of Cards #cards 16 size 48 Howl #buckets 8 coarsen threshold 3686 Howl Bitmap #cards 512 size 80 coarsen threshold 460 Card regions per heap region 1 cards per card region 4096
 CPUs: 12 total, 12 available
 Memory: 16076M
 Large Page Support: Disabled
 NUMA Support: Disabled
 Compressed Oops: Enabled (Zero based)
 Heap Region Size: 2M
 Heap Min Capacity: 8M
 Heap Initial Capacity: 252M
 Heap Max Capacity: 3G
 Pre-touch: Disabled
 Parallel Workers: 10
 Concurrent Workers: 3
 Concurrent Refinement Workers: 10
 Periodic GC: Disabled

Heap:
 garbage-first heap   total 258048K, used 110148K [0x0000000740000000, 0x0000000800000000)
  region size 2048K, 51 young (104448K), 1 survivors (2048K)
 Metaspace       used 17597K, committed 18176K, reserved 1114112K
  class space    used 2505K, committed 2816K, reserved 1048576K

Heap Regions: E=young(eden), S=young(survivor), O=old, HS=humongous(starts), HC=humongous(continues), CS=collection set, F=free, TAMS=top-at-mark-start, PB=parsable bottom
|   0|0x0000000740000000, 0x0000000740200000, 0x0000000740200000|100%|HS|  |TAMS 0x0000000740000000| PB 0x0000000740000000| Complete 
|   1|0x0000000740200000, 0x0000000740400000, 0x0000000740400000|100%|HC|  |TAMS 0x0000000740200000| PB 0x0000000740200000| Complete 
|   2|0x0000000740400000, 0x0000000740600000, 0x0000000740600000|100%| O|  |TAMS 0x0000000740400000| PB 0x0000000740400000| Untracked 
|   3|0x0000000740600000, 0x0000000740800000, 0x0000000740800000|100%| O|  |TAMS 0x0000000740600000| PB 0x0000000740600000| Untracked 
|   4|0x0000000740800000, 0x0000000740a00000, 0x0000000740a00000|100%| O|  |TAMS 0x0000000740800000| PB 0x0000000740800000| Untracked 
|   5|0x0000000740a00000, 0x0000000740a28b20, 0x0000000740c00000|  7%| O|  |TAMS 0x0000000740a00000| PB 0x0000000740a00000| Untracked 
|   6|0x0000000740c00000, 0x0000000740c00000, 0x0000000740e00000|  0%| F|  |TAMS 0x0000000740c00000| PB 0x0000000740c00000| Untracked 
|   7|0x0000000740e00000, 0x0000000740e00000, 0x0000000741000000|  0%| F|  |TAMS 0x0000000740e00000| PB 0x0000000740e00000| Untracked 
|   8|0x0000000741000000, 0x0000000741000000, 0x0000000741200000|  0%| F|  |TAMS 0x0000000741000000| PB 0x0000000741000000| Untracked 
|   9|0x0000000741200000, 0x0000000741200000, 0x0000000741400000|  0%| F|  |TAMS 0x0000000741200000| PB 0x0000000741200000| Untracked 
|  10|0x0000000741400000, 0x0000000741400000, 0x0000000741600000|  0%| F|  |TAMS 0x0000000741400000| PB 0x0000000741400000| Untracked 
|  11|0x0000000741600000, 0x0000000741600000, 0x0000000741800000|  0%| F|  |TAMS 0x0000000741600000| PB 0x0000000741600000| Untracked 
|  12|0x0000000741800000, 0x0000000741800000, 0x0000000741a00000|  0%| F|  |TAMS 0x0000000741800000| PB 0x0000000741800000| Untracked 
|  13|0x0000000741a00000, 0x0000000741a00000, 0x0000000741c00000|  0%| F|  |TAMS 0x0000000741a00000| PB 0x0000000741a00000| Untracked 
|  14|0x0000000741c00000, 0x0000000741c00000, 0x0000000741e00000|  0%| F|  |TAMS 0x0000000741c00000| PB 0x0000000741c00000| Untracked 
|  15|0x0000000741e00000, 0x0000000741e00000, 0x0000000742000000|  0%| F|  |TAMS 0x0000000741e00000| PB 0x0000000741e00000| Untracked 
|  16|0x0000000742000000, 0x0000000742000000, 0x0000000742200000|  0%| F|  |TAMS 0x0000000742000000| PB 0x0000000742000000| Untracked 
|  17|0x0000000742200000, 0x0000000742200000, 0x0000000742400000|  0%| F|  |TAMS 0x0000000742200000| PB 0x0000000742200000| Untracked 
|  18|0x0000000742400000, 0x0000000742400000, 0x0000000742600000|  0%| F|  |TAMS 0x0000000742400000| PB 0x0000000742400000| Untracked 
|  19|0x0000000742600000, 0x0000000742600000, 0x0000000742800000|  0%| F|  |TAMS 0x0000000742600000| PB 0x0000000742600000| Untracked 
|  20|0x0000000742800000, 0x0000000742800000, 0x0000000742a00000|  0%| F|  |TAMS 0x0000000742800000| PB 0x0000000742800000| Untracked 
|  21|0x0000000742a00000, 0x0000000742a00000, 0x0000000742c00000|  0%| F|  |TAMS 0x0000000742a00000| PB 0x0000000742a00000| Untracked 
|  22|0x0000000742c00000, 0x0000000742c00000, 0x0000000742e00000|  0%| F|  |TAMS 0x0000000742c00000| PB 0x0000000742c00000| Untracked 
|  23|0x0000000742e00000, 0x0000000742e00000, 0x0000000743000000|  0%| F|  |TAMS 0x0000000742e00000| PB 0x0000000742e00000| Untracked 
|  24|0x0000000743000000, 0x0000000743000000, 0x0000000743200000|  0%| F|  |TAMS 0x0000000743000000| PB 0x0000000743000000| Untracked 
|  25|0x0000000743200000, 0x0000000743200000, 0x0000000743400000|  0%| F|  |TAMS 0x0000000743200000| PB 0x0000000743200000| Untracked 
|  26|0x0000000743400000, 0x0000000743400000, 0x0000000743600000|  0%| F|  |TAMS 0x0000000743400000| PB 0x0000000743400000| Untracked 
|  27|0x0000000743600000, 0x0000000743600000, 0x0000000743800000|  0%| F|  |TAMS 0x0000000743600000| PB 0x0000000743600000| Untracked 
|  28|0x0000000743800000, 0x0000000743800000, 0x0000000743a00000|  0%| F|  |TAMS 0x0000000743800000| PB 0x0000000743800000| Untracked 
|  29|0x0000000743a00000, 0x0000000743a00000, 0x0000000743c00000|  0%| F|  |TAMS 0x0000000743a00000| PB 0x0000000743a00000| Untracked 
|  30|0x0000000743c00000, 0x0000000743c00000, 0x0000000743e00000|  0%| F|  |TAMS 0x0000000743c00000| PB 0x0000000743c00000| Untracked 
|  31|0x0000000743e00000, 0x0000000743e00000, 0x0000000744000000|  0%| F|  |TAMS 0x0000000743e00000| PB 0x0000000743e00000| Untracked 
|  32|0x0000000744000000, 0x0000000744000000, 0x0000000744200000|  0%| F|  |TAMS 0x0000000744000000| PB 0x0000000744000000| Untracked 
|  33|0x0000000744200000, 0x0000000744200000, 0x0000000744400000|  0%| F|  |TAMS 0x0000000744200000| PB 0x0000000744200000| Untracked 
|  34|0x0000000744400000, 0x0000000744400000, 0x0000000744600000|  0%| F|  |TAMS 0x0000000744400000| PB 0x0000000744400000| Untracked 
|  35|0x0000000744600000, 0x0000000744600000, 0x0000000744800000|  0%| F|  |TAMS 0x0000000744600000| PB 0x0000000744600000| Untracked 
|  36|0x0000000744800000, 0x0000000744800000, 0x0000000744a00000|  0%| F|  |TAMS 0x0000000744800000| PB 0x0000000744800000| Untracked 
|  37|0x0000000744a00000, 0x0000000744a00000, 0x0000000744c00000|  0%| F|  |TAMS 0x0000000744a00000| PB 0x0000000744a00000| Untracked 
|  38|0x0000000744c00000, 0x0000000744c00000, 0x0000000744e00000|  0%| F|  |TAMS 0x0000000744c00000| PB 0x0000000744c00000| Untracked 
|  39|0x0000000744e00000, 0x0000000744e00000, 0x0000000745000000|  0%| F|  |TAMS 0x0000000744e00000| PB 0x0000000744e00000| Untracked 
|  40|0x0000000745000000, 0x0000000745000000, 0x0000000745200000|  0%| F|  |TAMS 0x0000000745000000| PB 0x0000000745000000| Untracked 
|  41|0x0000000745200000, 0x0000000745200000, 0x0000000745400000|  0%| F|  |TAMS 0x0000000745200000| PB 0x0000000745200000| Untracked 
|  42|0x0000000745400000, 0x0000000745400000, 0x0000000745600000|  0%| F|  |TAMS 0x0000000745400000| PB 0x0000000745400000| Untracked 
|  43|0x0000000745600000, 0x0000000745600000, 0x0000000745800000|  0%| F|  |TAMS 0x0000000745600000| PB 0x0000000745600000| Untracked 
|  44|0x0000000745800000, 0x0000000745800000, 0x0000000745a00000|  0%| F|  |TAMS 0x0000000745800000| PB 0x0000000745800000| Untracked 
|  45|0x0000000745a00000, 0x0000000745a00000, 0x0000000745c00000|  0%| F|  |TAMS 0x0000000745a00000| PB 0x0000000745a00000| Untracked 
|  46|0x0000000745c00000, 0x0000000745c00000, 0x0000000745e00000|  0%| F|  |TAMS 0x0000000745c00000| PB 0x0000000745c00000| Untracked 
|  47|0x0000000745e00000, 0x0000000745e00000, 0x0000000746000000|  0%| F|  |TAMS 0x0000000745e00000| PB 0x0000000745e00000| Untracked 
|  48|0x0000000746000000, 0x0000000746000000, 0x0000000746200000|  0%| F|  |TAMS 0x0000000746000000| PB 0x0000000746000000| Untracked 
|  49|0x0000000746200000, 0x0000000746200000, 0x0000000746400000|  0%| F|  |TAMS 0x0000000746200000| PB 0x0000000746200000| Untracked 
|  50|0x0000000746400000, 0x0000000746400000, 0x0000000746600000|  0%| F|  |TAMS 0x0000000746400000| PB 0x0000000746400000| Untracked 
|  51|0x0000000746600000, 0x0000000746600000, 0x0000000746800000|  0%| F|  |TAMS 0x0000000746600000| PB 0x0000000746600000| Untracked 
|  52|0x0000000746800000, 0x0000000746800000, 0x0000000746a00000|  0%| F|  |TAMS 0x0000000746800000| PB 0x0000000746800000| Untracked 
|  53|0x0000000746a00000, 0x0000000746a00000, 0x0000000746c00000|  0%| F|  |TAMS 0x0000000746a00000| PB 0x0000000746a00000| Untracked 
|  54|0x0000000746c00000, 0x0000000746c00000, 0x0000000746e00000|  0%| F|  |TAMS 0x0000000746c00000| PB 0x0000000746c00000| Untracked 
|  55|0x0000000746e00000, 0x0000000746e00000, 0x0000000747000000|  0%| F|  |TAMS 0x0000000746e00000| PB 0x0000000746e00000| Untracked 
|  56|0x0000000747000000, 0x0000000747000000, 0x0000000747200000|  0%| F|  |TAMS 0x0000000747000000| PB 0x0000000747000000| Untracked 
|  57|0x0000000747200000, 0x0000000747200000, 0x0000000747400000|  0%| F|  |TAMS 0x0000000747200000| PB 0x0000000747200000| Untracked 
|  58|0x0000000747400000, 0x0000000747400000, 0x0000000747600000|  0%| F|  |TAMS 0x0000000747400000| PB 0x0000000747400000| Untracked 
|  59|0x0000000747600000, 0x0000000747600000, 0x0000000747800000|  0%| F|  |TAMS 0x0000000747600000| PB 0x0000000747600000| Untracked 
|  60|0x0000000747800000, 0x0000000747800000, 0x0000000747a00000|  0%| F|  |TAMS 0x0000000747800000| PB 0x0000000747800000| Untracked 
|  61|0x0000000747a00000, 0x0000000747a00000, 0x0000000747c00000|  0%| F|  |TAMS 0x0000000747a00000| PB 0x0000000747a00000| Untracked 
|  62|0x0000000747c00000, 0x0000000747c00000, 0x0000000747e00000|  0%| F|  |TAMS 0x0000000747c00000| PB 0x0000000747c00000| Untracked 
|  63|0x0000000747e00000, 0x0000000747e00000, 0x0000000748000000|  0%| F|  |TAMS 0x0000000747e00000| PB 0x0000000747e00000| Untracked 
|  64|0x0000000748000000, 0x0000000748000000, 0x0000000748200000|  0%| F|  |TAMS 0x0000000748000000| PB 0x0000000748000000| Untracked 
|  65|0x0000000748200000, 0x0000000748200000, 0x0000000748400000|  0%| F|  |TAMS 0x0000000748200000| PB 0x0000000748200000| Untracked 
|  66|0x0000000748400000, 0x0000000748400000, 0x0000000748600000|  0%| F|  |TAMS 0x0000000748400000| PB 0x0000000748400000| Untracked 
|  67|0x0000000748600000, 0x0000000748600000, 0x0000000748800000|  0%| F|  |TAMS 0x0000000748600000| PB 0x0000000748600000| Untracked 
|  68|0x0000000748800000, 0x0000000748800000, 0x0000000748a00000|  0%| F|  |TAMS 0x0000000748800000| PB 0x0000000748800000| Untracked 
|  69|0x0000000748a00000, 0x0000000748a00000, 0x0000000748c00000|  0%| F|  |TAMS 0x0000000748a00000| PB 0x0000000748a00000| Untracked 
|  70|0x0000000748c00000, 0x0000000748c00000, 0x0000000748e00000|  0%| F|  |TAMS 0x0000000748c00000| PB 0x0000000748c00000| Untracked 
|  71|0x0000000748e00000, 0x0000000748e00000, 0x0000000749000000|  0%| F|  |TAMS 0x0000000748e00000| PB 0x0000000748e00000| Untracked 
|  72|0x0000000749000000, 0x0000000749000000, 0x0000000749200000|  0%| F|  |TAMS 0x0000000749000000| PB 0x0000000749000000| Untracked 
|  73|0x0000000749200000, 0x0000000749200000, 0x0000000749400000|  0%| F|  |TAMS 0x0000000749200000| PB 0x0000000749200000| Untracked 
|  74|0x0000000749400000, 0x0000000749400000, 0x0000000749600000|  0%| F|  |TAMS 0x0000000749400000| PB 0x0000000749400000| Untracked 
|  75|0x0000000749600000, 0x0000000749785258, 0x0000000749800000| 76%| E|  |TAMS 0x0000000749600000| PB 0x0000000749600000| Complete 
|  76|0x0000000749800000, 0x0000000749a00000, 0x0000000749a00000|100%| E|CS|TAMS 0x0000000749800000| PB 0x0000000749800000| Complete 
|  77|0x0000000749a00000, 0x0000000749c00000, 0x0000000749c00000|100%| E|CS|TAMS 0x0000000749a00000| PB 0x0000000749a00000| Complete 
|  78|0x0000000749c00000, 0x0000000749e00000, 0x0000000749e00000|100%| E|CS|TAMS 0x0000000749c00000| PB 0x0000000749c00000| Complete 
|  79|0x0000000749e00000, 0x000000074a000000, 0x000000074a000000|100%| E|CS|TAMS 0x0000000749e00000| PB 0x0000000749e00000| Complete 
|  80|0x000000074a000000, 0x000000074a200000, 0x000000074a200000|100%| E|CS|TAMS 0x000000074a000000| PB 0x000000074a000000| Complete 
|  81|0x000000074a200000, 0x000000074a400000, 0x000000074a400000|100%| E|CS|TAMS 0x000000074a200000| PB 0x000000074a200000| Complete 
|  82|0x000000074a400000, 0x000000074a600000, 0x000000074a600000|100%| E|CS|TAMS 0x000000074a400000| PB 0x000000074a400000| Complete 
|  83|0x000000074a600000, 0x000000074a800000, 0x000000074a800000|100%| E|CS|TAMS 0x000000074a600000| PB 0x000000074a600000| Complete 
|  84|0x000000074a800000, 0x000000074aa00000, 0x000000074aa00000|100%| E|CS|TAMS 0x000000074a800000| PB 0x000000074a800000| Complete 
|  85|0x000000074aa00000, 0x000000074ac00000, 0x000000074ac00000|100%| E|CS|TAMS 0x000000074aa00000| PB 0x000000074aa00000| Complete 
|  86|0x000000074ac00000, 0x000000074ae00000, 0x000000074ae00000|100%| E|CS|TAMS 0x000000074ac00000| PB 0x000000074ac00000| Complete 
|  87|0x000000074ae00000, 0x000000074b000000, 0x000000074b000000|100%| E|CS|TAMS 0x000000074ae00000| PB 0x000000074ae00000| Complete 
|  88|0x000000074b000000, 0x000000074b200000, 0x000000074b200000|100%| E|CS|TAMS 0x000000074b000000| PB 0x000000074b000000| Complete 
|  89|0x000000074b200000, 0x000000074b400000, 0x000000074b400000|100%| E|CS|TAMS 0x000000074b200000| PB 0x000000074b200000| Complete 
|  90|0x000000074b400000, 0x000000074b600000, 0x000000074b600000|100%| E|CS|TAMS 0x000000074b400000| PB 0x000000074b400000| Complete 
|  91|0x000000074b600000, 0x000000074b800000, 0x000000074b800000|100%| E|CS|TAMS 0x000000074b600000| PB 0x000000074b600000| Complete 
|  92|0x000000074b800000, 0x000000074ba00000, 0x000000074ba00000|100%| E|CS|TAMS 0x000000074b800000| PB 0x000000074b800000| Complete 
|  93|0x000000074ba00000, 0x000000074bc00000, 0x000000074bc00000|100%| E|CS|TAMS 0x000000074ba00000| PB 0x000000074ba00000| Complete 
|  94|0x000000074bc00000, 0x000000074be00000, 0x000000074be00000|100%| E|CS|TAMS 0x000000074bc00000| PB 0x000000074bc00000| Complete 
|  95|0x000000074be00000, 0x000000074c000000, 0x000000074c000000|100%| E|CS|TAMS 0x000000074be00000| PB 0x000000074be00000| Complete 
|  96|0x000000074c000000, 0x000000074c200000, 0x000000074c200000|100%| E|CS|TAMS 0x000000074c000000| PB 0x000000074c000000| Complete 
|  97|0x000000074c200000, 0x000000074c400000, 0x000000074c400000|100%| E|CS|TAMS 0x000000074c200000| PB 0x000000074c200000| Complete 
|  98|0x000000074c400000, 0x000000074c600000, 0x000000074c600000|100%| E|CS|TAMS 0x000000074c400000| PB 0x000000074c400000| Complete 
|  99|0x000000074c600000, 0x000000074c800000, 0x000000074c800000|100%| E|CS|TAMS 0x000000074c600000| PB 0x000000074c600000| Complete 
| 100|0x000000074c800000, 0x000000074ca00000, 0x000000074ca00000|100%| E|CS|TAMS 0x000000074c800000| PB 0x000000074c800000| Complete 
| 101|0x000000074ca00000, 0x000000074cc00000, 0x000000074cc00000|100%| E|CS|TAMS 0x000000074ca00000| PB 0x000000074ca00000| Complete 
| 102|0x000000074cc00000, 0x000000074ce00000, 0x000000074ce00000|100%| E|CS|TAMS 0x000000074cc00000| PB 0x000000074cc00000| Complete 
| 103|0x000000074ce00000, 0x000000074d000000, 0x000000074d000000|100%| E|CS|TAMS 0x000000074ce00000| PB 0x000000074ce00000| Complete 
| 104|0x000000074d000000, 0x000000074d200000, 0x000000074d200000|100%| E|CS|TAMS 0x000000074d000000| PB 0x000000074d000000| Complete 
| 105|0x000000074d200000, 0x000000074d400000, 0x000000074d400000|100%| E|CS|TAMS 0x000000074d200000| PB 0x000000074d200000| Complete 
| 106|0x000000074d400000, 0x000000074d600000, 0x000000074d600000|100%| E|CS|TAMS 0x000000074d400000| PB 0x000000074d400000| Complete 
| 107|0x000000074d600000, 0x000000074d800000, 0x000000074d800000|100%| E|CS|TAMS 0x000000074d600000| PB 0x000000074d600000| Complete 
| 108|0x000000074d800000, 0x000000074da00000, 0x000000074da00000|100%| E|CS|TAMS 0x000000074d800000| PB 0x000000074d800000| Complete 
| 109|0x000000074da00000, 0x000000074db68520, 0x000000074dc00000| 70%| S|CS|TAMS 0x000000074da00000| PB 0x000000074da00000| Complete 
| 110|0x000000074dc00000, 0x000000074de00000, 0x000000074de00000|100%| E|CS|TAMS 0x000000074dc00000| PB 0x000000074dc00000| Complete 
| 111|0x000000074de00000, 0x000000074e000000, 0x000000074e000000|100%| E|CS|TAMS 0x000000074de00000| PB 0x000000074de00000| Complete 
| 112|0x000000074e000000, 0x000000074e200000, 0x000000074e200000|100%| E|CS|TAMS 0x000000074e000000| PB 0x000000074e000000| Complete 
| 113|0x000000074e200000, 0x000000074e400000, 0x000000074e400000|100%| E|CS|TAMS 0x000000074e200000| PB 0x000000074e200000| Complete 
| 114|0x000000074e400000, 0x000000074e600000, 0x000000074e600000|100%| E|CS|TAMS 0x000000074e400000| PB 0x000000074e400000| Complete 
| 115|0x000000074e600000, 0x000000074e800000, 0x000000074e800000|100%| E|CS|TAMS 0x000000074e600000| PB 0x000000074e600000| Complete 
| 116|0x000000074e800000, 0x000000074ea00000, 0x000000074ea00000|100%| E|CS|TAMS 0x000000074e800000| PB 0x000000074e800000| Complete 
| 117|0x000000074ea00000, 0x000000074ec00000, 0x000000074ec00000|100%| E|CS|TAMS 0x000000074ea00000| PB 0x000000074ea00000| Complete 
| 118|0x000000074ec00000, 0x000000074ee00000, 0x000000074ee00000|100%| E|CS|TAMS 0x000000074ec00000| PB 0x000000074ec00000| Complete 
| 119|0x000000074ee00000, 0x000000074f000000, 0x000000074f000000|100%| E|  |TAMS 0x000000074ee00000| PB 0x000000074ee00000| Complete 
| 120|0x000000074f000000, 0x000000074f200000, 0x000000074f200000|100%| E|CS|TAMS 0x000000074f000000| PB 0x000000074f000000| Complete 
| 121|0x000000074f200000, 0x000000074f400000, 0x000000074f400000|100%| E|CS|TAMS 0x000000074f200000| PB 0x000000074f200000| Complete 
| 122|0x000000074f400000, 0x000000074f600000, 0x000000074f600000|100%| E|CS|TAMS 0x000000074f400000| PB 0x000000074f400000| Complete 
| 123|0x000000074f600000, 0x000000074f800000, 0x000000074f800000|100%| E|CS|TAMS 0x000000074f600000| PB 0x000000074f600000| Complete 
| 124|0x000000074f800000, 0x000000074fa00000, 0x000000074fa00000|100%| E|CS|TAMS 0x000000074f800000| PB 0x000000074f800000| Complete 
| 125|0x000000074fa00000, 0x000000074fc00000, 0x000000074fc00000|100%| E|CS|TAMS 0x000000074fa00000| PB 0x000000074fa00000| Complete 

Card table byte_map: [0x0000022fd8a90000,0x0000022fd9090000] _byte_map_base: 0x0000022fd5090000

Marking Bits: (CMBitMap*) 0x0000022fc5d827b0
 Bits: [0x0000022fd9090000, 0x0000022fdc090000)

Polling page: 0x0000022fc3b70000

Metaspace:

Usage:
  Non-class:     14.75 MB used.
      Class:      2.45 MB used.
       Both:     17.20 MB used.

Virtual space:
  Non-class space:       64.00 MB reserved,      15.06 MB ( 24%) committed,  1 nodes.
      Class space:        1.00 GB reserved,       2.75 MB ( <1%) committed,  1 nodes.
             Both:        1.06 GB reserved,      17.81 MB (  2%) committed. 

Chunk freelists:
   Non-Class:  304.00 KB
       Class:  13.12 MB
        Both:  13.42 MB

MaxMetaspaceSize: unlimited
CompressedClassSpaceSize: 1.00 GB
Initial GC threshold: 21.00 MB
Current GC threshold: 21.00 MB
CDS: on
 - commit_granule_bytes: 65536.
 - commit_granule_words: 8192.
 - virtual_space_node_default_size: 8388608.
 - enlarge_chunks_in_place: 1.
 - use_allocation_guard: 0.


Internal statistics:

num_allocs_failed_limit: 0.
num_arena_births: 690.
num_arena_deaths: 0.
num_vsnodes_births: 2.
num_vsnodes_deaths: 0.
num_space_committed: 285.
num_space_uncommitted: 0.
num_chunks_returned_to_freelist: 0.
num_chunks_taken_from_freelist: 1324.
num_chunk_merges: 0.
num_chunk_splits: 857.
num_chunks_enlarged: 574.
num_inconsistent_stats: 0.

CodeHeap 'non-profiled nmethods': size=120000Kb used=1430Kb max_used=1430Kb free=118570Kb
 bounds [0x0000022fd0a00000, 0x0000022fd0c70000, 0x0000022fd7f30000]
CodeHeap 'profiled nmethods': size=120000Kb used=5575Kb max_used=5575Kb free=114424Kb
 bounds [0x0000022fc8f30000, 0x0000022fc94b0000, 0x0000022fd0460000]
CodeHeap 'non-nmethods': size=5760Kb used=1417Kb max_used=1439Kb free=4342Kb
 bounds [0x0000022fd0460000, 0x0000022fd06d0000, 0x0000022fd0a00000]
CodeCache: size=245760Kb, used=8422Kb, max_used=8444Kb, free=237336Kb
 total_blobs=3443, nmethods=2869, adapters=478, full_count=0
Compilation: enabled, stopped_count=0, restarted_count=0

Compilation events (20 events):
Event: 3.380 Thread 0x0000022fded27130 2858       3       sun.reflect.generics.visitor.Reifier::make (9 bytes)
Event: 3.380 Thread 0x0000022fded27130 nmethod 2858 0x0000022fc9498490 code [0x0000022fc9498640, 0x0000022fc94988a8]
Event: 3.380 Thread 0x0000022fded27130 2859       3       sun.reflect.generics.visitor.Reifier::<init> (10 bytes)
Event: 3.381 Thread 0x0000022fded27130 nmethod 2859 0x0000022fc9498990 code [0x0000022fc9498b40, 0x0000022fc9498d00]
Event: 3.386 Thread 0x0000022fded27130 2860       3       sun.reflect.annotation.AnnotationInvocationHandler::invoke (182 bytes)
Event: 3.387 Thread 0x0000022fded27130 nmethod 2860 0x0000022fc9498d90 code [0x0000022fc94990e0, 0x0000022fc949a1f0]
Event: 3.406 Thread 0x0000022fded27130 2861       3       java.lang.Package$VersionInfo::<init> (44 bytes)
Event: 3.406 Thread 0x0000022fded27130 nmethod 2861 0x0000022fc949a710 code [0x0000022fc949a8e0, 0x0000022fc949ad10]
Event: 3.422 Thread 0x0000022fded27130 2862   !   3       org.gradle.internal.classloader.TransformingClassLoader::findClass (203 bytes)
Event: 3.424 Thread 0x0000022fded27130 nmethod 2862 0x0000022fc949ae10 code [0x0000022fc949b320, 0x0000022fc949d6c0]
Event: 3.424 Thread 0x0000022fded27130 2863       3       org.gradle.initialization.MixInLegacyTypesClassLoader::shouldTransform (42 bytes)
Event: 3.424 Thread 0x0000022fded27130 nmethod 2863 0x0000022fc949e610 code [0x0000022fc949e7e0, 0x0000022fc949ebe0]
Event: 3.424 Thread 0x0000022fded27130 2864   !   3       java.nio.ByteBuffer::wrap (21 bytes)
Event: 3.425 Thread 0x0000022fded27130 nmethod 2864 0x0000022fc949ed90 code [0x0000022fc949ef60, 0x0000022fc949f210]
Event: 3.435 Thread 0x0000022fded27130 2865       3       java.lang.System$2::getAnnotationType (5 bytes)
Event: 3.435 Thread 0x0000022fded27130 nmethod 2865 0x0000022fc949f390 code [0x0000022fc949f520, 0x0000022fc949f650]
Event: 3.460 Thread 0x0000022fded27130 2866       3       jdk.internal.loader.AbstractClassLoaderValue::extractValue (17 bytes)
Event: 3.460 Thread 0x0000022fded27130 nmethod 2866 0x0000022fc949f710 code [0x0000022fc949f8e0, 0x0000022fc949fc68]
Event: 3.460 Thread 0x0000022fded27130 2867       3       java.lang.invoke.LambdaFormEditor::bindArgumentL (59 bytes)
Event: 3.467 Thread 0x0000022fded27130 nmethod 2867 0x0000022fc949fd90 code [0x0000022fc949ff60, 0x0000022fc94a0210]

GC Heap History (4 events):
Event: 0.746 GC heap before
{Heap before GC invocations=0 (full 0):
 garbage-first heap   total 258048K, used 26624K [0x0000000740000000, 0x0000000800000000)
  region size 2048K, 11 young (22528K), 0 survivors (0K)
 Metaspace       used 1626K, committed 1856K, reserved 1114112K
  class space    used 156K, committed 256K, reserved 1048576K
}
Event: 0.754 GC heap after
{Heap after GC invocations=1 (full 0):
 garbage-first heap   total 258048K, used 10453K [0x0000000740000000, 0x0000000800000000)
  region size 2048K, 2 young (4096K), 2 survivors (4096K)
 Metaspace       used 1626K, committed 1856K, reserved 1114112K
  class space    used 156K, committed 256K, reserved 1048576K
}
Event: 1.434 GC heap before
{Heap before GC invocations=1 (full 0):
 garbage-first heap   total 258048K, used 37077K [0x0000000740000000, 0x0000000800000000)
  region size 2048K, 16 young (32768K), 2 survivors (4096K)
 Metaspace       used 4132K, committed 4352K, reserved 1114112K
  class space    used 526K, committed 640K, reserved 1048576K
}
Event: 1.437 GC heap after
{Heap after GC invocations=2 (full 0):
 garbage-first heap   total 258048K, used 11844K [0x0000000740000000, 0x0000000800000000)
  region size 2048K, 1 young (2048K), 1 survivors (2048K)
 Metaspace       used 4132K, committed 4352K, reserved 1114112K
  class space    used 526K, committed 640K, reserved 1048576K
}

Dll operation events (20 events):
Event: 0.105 Attempting to load shared library C:\Users\aflahal01\.vscode\extensions\redhat.java-1.56.0-win32-x64\jre\21.0.12.1-win32-x86_64\bin\nio.dll
Event: 0.105 Loaded shared library C:\Users\aflahal01\.vscode\extensions\redhat.java-1.56.0-win32-x64\jre\21.0.12.1-win32-x86_64\bin\nio.dll
Event: 0.111 Attempting to load shared library C:\Users\aflahal01\.vscode\extensions\redhat.java-1.56.0-win32-x64\jre\21.0.12.1-win32-x86_64\bin\zip.dll
Event: 0.111 Loaded shared library C:\Users\aflahal01\.vscode\extensions\redhat.java-1.56.0-win32-x64\jre\21.0.12.1-win32-x86_64\bin\zip.dll
Event: 0.507 Attempting to load shared library C:\Users\aflahal01\.vscode\extensions\redhat.java-1.56.0-win32-x64\jre\21.0.12.1-win32-x86_64\bin\jimage.dll
Event: 0.507 Loaded shared library C:\Users\aflahal01\.vscode\extensions\redhat.java-1.56.0-win32-x64\jre\21.0.12.1-win32-x86_64\bin\jimage.dll
Event: 0.635 Attempting to load shared library C:\Users\aflahal01\.vscode\extensions\redhat.java-1.56.0-win32-x64\jre\21.0.12.1-win32-x86_64\bin\verify.dll
Event: 0.636 Loaded shared library C:\Users\aflahal01\.vscode\extensions\redhat.java-1.56.0-win32-x64\jre\21.0.12.1-win32-x86_64\bin\verify.dll
Event: 0.836 Attempting to load shared library C:\Users\aflahal01\.gradle\native\c067742578af261105cb4f569cf0c3c89f3d7b1fecec35dd04571415982c5e48\windows-amd64\native-platform.dll
Event: 0.838 Loaded shared library C:\Users\aflahal01\.gradle\native\c067742578af261105cb4f569cf0c3c89f3d7b1fecec35dd04571415982c5e48\windows-amd64\native-platform.dll
Event: 0.848 Attempting to load shared library C:\Users\aflahal01\.gradle\native\100fb08df4bc3b14c8652ba06237920a3bd2aa13389f12d3474272988ae205f9\windows-amd64\native-platform-file-events.dll
Event: 0.855 Loaded shared library C:\Users\aflahal01\.gradle\native\100fb08df4bc3b14c8652ba06237920a3bd2aa13389f12d3474272988ae205f9\windows-amd64\native-platform-file-events.dll
Event: 2.098 Attempting to load shared library C:\Users\aflahal01\.vscode\extensions\redhat.java-1.56.0-win32-x64\jre\21.0.12.1-win32-x86_64\bin\management.dll
Event: 2.099 Loaded shared library C:\Users\aflahal01\.vscode\extensions\redhat.java-1.56.0-win32-x64\jre\21.0.12.1-win32-x86_64\bin\management.dll
Event: 2.103 Attempting to load shared library C:\Users\aflahal01\.vscode\extensions\redhat.java-1.56.0-win32-x64\jre\21.0.12.1-win32-x86_64\bin\management_ext.dll
Event: 2.104 Loaded shared library C:\Users\aflahal01\.vscode\extensions\redhat.java-1.56.0-win32-x64\jre\21.0.12.1-win32-x86_64\bin\management_ext.dll
Event: 2.312 Attempting to load shared library C:\Users\aflahal01\.vscode\extensions\redhat.java-1.56.0-win32-x64\jre\21.0.12.1-win32-x86_64\bin\extnet.dll
Event: 2.313 Loaded shared library C:\Users\aflahal01\.vscode\extensions\redhat.java-1.56.0-win32-x64\jre\21.0.12.1-win32-x86_64\bin\extnet.dll
Event: 2.419 Attempting to load shared library C:\Users\aflahal01\.vscode\extensions\redhat.java-1.56.0-win32-x64\jre\21.0.12.1-win32-x86_64\bin\sunmscapi.dll
Event: 2.423 Loaded shared library C:\Users\aflahal01\.vscode\extensions\redhat.java-1.56.0-win32-x64\jre\21.0.12.1-win32-x86_64\bin\sunmscapi.dll

Deoptimization events (20 events):
Event: 3.073 Thread 0x0000022fe4a99600 DEOPT PACKING pc=0x0000022fd0afd824 sp=0x000000f4768fc050
Event: 3.073 Thread 0x0000022fe4a99600 DEOPT UNPACKING pc=0x0000022fd04b4422 sp=0x000000f4768fc018 mode 2
Event: 3.183 Thread 0x0000022fe4a99600 Uncommon trap: trap_request=0xffffff45 fr.pc=0x0000022fd0a2aed0 relative=0x0000000000000d50
Event: 3.183 Thread 0x0000022fe4a99600 Uncommon trap: reason=unstable_if action=reinterpret pc=0x0000022fd0a2aed0 method=java.io.WinNTFileSystem.resolve(Ljava/lang/String;Ljava/lang/String;)Ljava/lang/String; @ 19 c2
Event: 3.183 Thread 0x0000022fe4a99600 DEOPT PACKING pc=0x0000022fd0a2aed0 sp=0x000000f4768fb6d0
Event: 3.183 Thread 0x0000022fe4a99600 DEOPT UNPACKING pc=0x0000022fd04b4422 sp=0x000000f4768fb668 mode 2
Event: 3.184 Thread 0x0000022fe4a99600 Uncommon trap: trap_request=0xffffff45 fr.pc=0x0000022fd0a8b924 relative=0x0000000000000644
Event: 3.184 Thread 0x0000022fe4a99600 Uncommon trap: reason=unstable_if action=reinterpret pc=0x0000022fd0a8b924 method=java.io.File.getName()Ljava/lang/String; @ 16 c2
Event: 3.184 Thread 0x0000022fe4a99600 DEOPT PACKING pc=0x0000022fd0a8b924 sp=0x000000f4768fb680
Event: 3.184 Thread 0x0000022fe4a99600 DEOPT UNPACKING pc=0x0000022fd04b4422 sp=0x000000f4768fb650 mode 2
Event: 3.213 Thread 0x0000022fe4a99600 DEOPT PACKING pc=0x0000022fc941f4d5 sp=0x000000f4768fa5a0
Event: 3.213 Thread 0x0000022fe4a99600 DEOPT UNPACKING pc=0x0000022fd04b4bc2 sp=0x000000f4768f9ab0 mode 0
Event: 3.242 Thread 0x0000022fe4a99600 Uncommon trap: trap_request=0xffffff45 fr.pc=0x0000022fd0a2ce94 relative=0x00000000000000f4
Event: 3.242 Thread 0x0000022fe4a99600 Uncommon trap: reason=unstable_if action=reinterpret pc=0x0000022fd0a2ce94 method=java.util.HashMap.hash(Ljava/lang/Object;)I @ 1 c2
Event: 3.242 Thread 0x0000022fe4a99600 DEOPT PACKING pc=0x0000022fd0a2ce94 sp=0x000000f4768fc530
Event: 3.242 Thread 0x0000022fe4a99600 DEOPT UNPACKING pc=0x0000022fd04b4422 sp=0x000000f4768fc470 mode 2
Event: 3.285 Thread 0x0000022fe4a99600 Uncommon trap: trap_request=0xffffff45 fr.pc=0x0000022fd0aba520 relative=0x00000000000007c0
Event: 3.285 Thread 0x0000022fe4a99600 Uncommon trap: reason=unstable_if action=reinterpret pc=0x0000022fd0aba520 method=java.util.ArrayList.grow(I)[Ljava/lang/Object; @ 17 c2
Event: 3.285 Thread 0x0000022fe4a99600 DEOPT PACKING pc=0x0000022fd0aba520 sp=0x000000f4768fd0f0
Event: 3.285 Thread 0x0000022fe4a99600 DEOPT UNPACKING pc=0x0000022fd04b4422 sp=0x000000f4768fcf88 mode 2

Classes loaded (20 events):
Event: 3.310 Loading class java/lang/invoke/BoundMethodHandle$Species_LLLLLLLLLLLLLLL
Event: 3.310 Loading class java/lang/invoke/BoundMethodHandle$Species_LLLLLLLLLLLLLLL done
Event: 3.313 Loading class java/lang/invoke/BoundMethodHandle$Species_LLLLLLLLLLLLLLLL
Event: 3.313 Loading class java/lang/invoke/BoundMethodHandle$Species_LLLLLLLLLLLLLLLL done
Event: 3.314 Loading class java/lang/invoke/BoundMethodHandle$Species_LLLLLLLLLLLLLLLLL
Event: 3.314 Loading class java/lang/invoke/BoundMethodHandle$Species_LLLLLLLLLLLLLLLLL done
Event: 3.316 Loading class java/lang/invoke/BoundMethodHandle$Species_LLLLLLLLLLLLLLLLLL
Event: 3.316 Loading class java/lang/invoke/BoundMethodHandle$Species_LLLLLLLLLLLLLLLLLL done
Event: 3.318 Loading class java/lang/invoke/BoundMethodHandle$Species_LLLLLLLLLLLLLLLLLLL
Event: 3.318 Loading class java/lang/invoke/BoundMethodHandle$Species_LLLLLLLLLLLLLLLLLLL done
Event: 3.320 Loading class java/lang/invoke/BoundMethodHandle$Species_LLLLLLLLLLLLLLLLLLLL
Event: 3.320 Loading class java/lang/invoke/BoundMethodHandle$Species_LLLLLLLLLLLLLLLLLLLL done
Event: 3.321 Loading class java/lang/invoke/BoundMethodHandle$Species_LLLLLLLLLLLLLLLLLLLLL
Event: 3.321 Loading class java/lang/invoke/BoundMethodHandle$Species_LLLLLLLLLLLLLLLLLLLLL done
Event: 3.322 Loading class java/lang/invoke/BoundMethodHandle$Species_LLLLLLLLLLLLLLLLLLLLLL
Event: 3.322 Loading class java/lang/invoke/BoundMethodHandle$Species_LLLLLLLLLLLLLLLLLLLLLL done
Event: 3.325 Loading class java/lang/invoke/BoundMethodHandle$Species_LLLLLLLLLLLLLLLLLLLLLLL
Event: 3.325 Loading class java/lang/invoke/BoundMethodHandle$Species_LLLLLLLLLLLLLLLLLLLLLLL done
Event: 3.444 Loading class java/util/function/LongFunction
Event: 3.444 Loading class java/util/function/LongFunction done

Classes unloaded (0 events):
No events

Classes redefined (0 events):
No events

Internal exceptions (20 events):
Event: 3.180 Thread 0x0000022fe4a99600 Exception <a 'java/lang/NoSuchMethodError'{0x000000074a426c58}: 'java.lang.Object java.lang.invoke.DirectMethodHandle$Holder.invokeVirtual(java.lang.Object, java.lang.Object, java.lang.Object, java.lang.Object, java.lang.Object, java.lang.Object, java.lang.Object, java.lang.Object, java.lang.Object)'> (0x000000074a426c58) 
thrown [s\src\hotspot\share\interpreter\linkResolver.cpp, line 773]
Event: 3.206 Thread 0x0000022fe4a99600 Exception <a 'java/lang/NoSuchMethodError'{0x000000074a526010}: 'int java.lang.invoke.DirectMethodHandle$Holder.invokeVirtual(java.lang.Object, java.lang.Object, java.lang.Object)'> (0x000000074a526010) 
thrown [s\src\hotspot\share\interpreter\linkResolver.cpp, line 773]
Event: 3.224 Thread 0x0000022fe4a99600 Exception <a 'java/lang/NoSuchMethodError'{0x000000074a24da18}: 'int java.lang.invoke.DirectMethodHandle$Holder.invokeSpecialIFC(java.lang.Object, java.lang.Object, java.lang.Object, java.lang.Object)'> (0x000000074a24da18) 
thrown [s\src\hotspot\share\interpreter\linkResolver.cpp, line 773]
Event: 3.225 Thread 0x0000022fe4a99600 Exception <a 'java/lang/NoSuchMethodError'{0x000000074a25aeb0}: 'java.lang.Object java.lang.invoke.DirectMethodHandle$Holder.invokeInterface(java.lang.Object, java.lang.Object, java.lang.Object)'> (0x000000074a25aeb0) 
thrown [s\src\hotspot\share\interpreter\linkResolver.cpp, line 773]
Event: 3.225 Thread 0x0000022fe4a99600 Exception <a 'java/lang/IncompatibleClassChangeError'{0x000000074a25e818}: Found class java.lang.Object, but interface was expected> (0x000000074a25e818) 
thrown [s\src\hotspot\share\interpreter\linkResolver.cpp, line 840]
Event: 3.242 Thread 0x0000022fe4a99600 Implicit null exception at 0x0000022fd0a2cde6 to 0x0000022fd0a2ce8a
Event: 3.259 Thread 0x0000022fe4a99600 Exception <a 'java/lang/NoSuchMethodError'{0x000000074a046558}: 'int java.lang.invoke.DirectMethodHandle$Holder.invokeStatic(java.lang.Object, java.lang.Object, java.lang.Object, java.lang.Object)'> (0x000000074a046558) 
thrown [s\src\hotspot\share\interpreter\linkResolver.cpp, line 773]
Event: 3.300 Thread 0x0000022fe4a99600 Exception <a 'java/lang/NoSuchMethodError'{0x000000074a1fe558}: 'java.lang.Object java.lang.invoke.DelegatingMethodHandle$Holder.reinvoke_L(java.lang.Object, java.lang.Object, java.lang.Object, java.lang.Object, java.lang.Object, java.lang.Object, java.lang.Object, java.lang.Object, java.lang.Object, java.lang.Object, java.lang.Object, java.lang.Object, java.lang.Object, java.lang.Object, java.lang.Object, java.lang.Object, java.lang.Object, java.lang.Object, java.lang.Object, java.lang.Object, java.lang.O
Event: 3.306 Thread 0x0000022fe4a99600 Exception <a 'java/lang/NoSuchMethodError'{0x0000000749e58828}: 'java.lang.Object java.lang.invoke.DirectMethodHandle$Holder.invokeStatic(java.lang.Object, java.lang.Object, java.lang.Object, java.lang.Object, java.lang.Object, java.lang.Object, java.lang.Object, java.lang.Object, java.lang.Object, java.lang.Object, java.lang.Object, java.lang.Object, java.lang.Object, java.lang.Object, java.lang.Object)'> (0x0000000749e58828) 
thrown [s\src\hotspot\share\interpreter\linkResolver.cpp, line 773]
Event: 3.307 Thread 0x0000022fe4a99600 Exception <a 'java/lang/NoSuchMethodError'{0x0000000749e7d138}: 'java.lang.Object java.lang.invoke.DirectMethodHandle$Holder.invokeStatic(java.lang.Object, java.lang.Object, java.lang.Object, java.lang.Object, java.lang.Object, java.lang.Object, java.lang.Object, java.lang.Object, java.lang.Object, java.lang.Object, java.lang.Object, java.lang.Object, java.lang.Object, java.lang.Object, java.lang.Object, java.lang.Object)'> (0x0000000749e7d138) 
thrown [s\src\hotspot\share\interpreter\linkResolver.cpp, lin
Event: 3.309 Thread 0x0000022fe4a99600 Exception <a 'java/lang/NoSuchMethodError'{0x0000000749ea4bb8}: 'java.lang.Object java.lang.invoke.DirectMethodHandle$Holder.invokeStatic(java.lang.Object, java.lang.Object, java.lang.Object, java.lang.Object, java.lang.Object, java.lang.Object, java.lang.Object, java.lang.Object, java.lang.Object, java.lang.Object, java.lang.Object, java.lang.Object, java.lang.Object, java.lang.Object, java.lang.Object, java.lang.Object, java.lang.Object)'> (0x0000000749ea4bb8) 
thrown [s\src\hotspot\share\interpreter\lin
Event: 3.312 Thread 0x0000022fe4a99600 Exception <a 'java/lang/NoSuchMethodError'{0x0000000749ecdbb0}: 'java.lang.Object java.lang.invoke.DirectMethodHandle$Holder.invokeStatic(java.lang.Object, java.lang.Object, java.lang.Object, java.lang.Object, java.lang.Object, java.lang.Object, java.lang.Object, java.lang.Object, java.lang.Object, java.lang.Object, java.lang.Object, java.lang.Object, java.lang.Object, java.lang.Object, java.lang.Object, java.lang.Object, java.lang.Object, java.lang.Object)'> (0x0000000749ecdbb0) 
thrown [s\src\hotspot\sha
Event: 3.313 Thread 0x0000022fe4a99600 Exception <a 'java/lang/NoSuchMethodError'{0x0000000749ef7c40}: 'java.lang.Object java.lang.invoke.DirectMethodHandle$Holder.invokeStatic(java.lang.Object, java.lang.Object, java.lang.Object, java.lang.Object, java.lang.Object, java.lang.Object, java.lang.Object, java.lang.Object, java.lang.Object, java.lang.Object, java.lang.Object, java.lang.Object, java.lang.Object, java.lang.Object, java.lang.Object, java.lang.Object, java.lang.Object, java.lang.Object, java.lang.Object)'> (0x0000000749ef7c40) 
thrown 
Event: 3.315 Thread 0x0000022fe4a99600 Exception <a 'java/lang/NoSuchMethodError'{0x0000000749f23168}: 'java.lang.Object java.lang.invoke.DirectMethodHandle$Holder.invokeStatic(java.lang.Object, java.lang.Object, java.lang.Object, java.lang.Object, java.lang.Object, java.lang.Object, java.lang.Object, java.lang.Object, java.lang.Object, java.lang.Object, java.lang.Object, java.lang.Object, java.lang.Object, java.lang.Object, java.lang.Object, java.lang.Object, java.lang.Object, java.lang.Object, java.lang.Object, java.lang.Object)'> (0x00000007
Event: 3.317 Thread 0x0000022fe4a99600 Exception <a 'java/lang/NoSuchMethodError'{0x0000000749f4f8a0}: 'java.lang.Object java.lang.invoke.DirectMethodHandle$Holder.invokeStatic(java.lang.Object, java.lang.Object, java.lang.Object, java.lang.Object, java.lang.Object, java.lang.Object, java.lang.Object, java.lang.Object, java.lang.Object, java.lang.Object, java.lang.Object, java.lang.Object, java.lang.Object, java.lang.Object, java.lang.Object, java.lang.Object, java.lang.Object, java.lang.Object, java.lang.Object, java.lang.Object, java.lang.Obj
Event: 3.319 Thread 0x0000022fe4a99600 Exception <a 'java/lang/NoSuchMethodError'{0x0000000749f7d0b8}: 'java.lang.Object java.lang.invoke.DirectMethodHandle$Holder.invokeStatic(java.lang.Object, java.lang.Object, java.lang.Object, java.lang.Object, java.lang.Object, java.lang.Object, java.lang.Object, java.lang.Object, java.lang.Object, java.lang.Object, java.lang.Object, java.lang.Object, java.lang.Object, java.lang.Object, java.lang.Object, java.lang.Object, java.lang.Object, java.lang.Object, java.lang.Object, java.lang.Object, java.lang.Obj
Event: 3.321 Thread 0x0000022fe4a99600 Exception <a 'java/lang/NoSuchMethodError'{0x0000000749fab5c0}: 'java.lang.Object java.lang.invoke.DirectMethodHandle$Holder.invokeStatic(java.lang.Object, java.lang.Object, java.lang.Object, java.lang.Object, java.lang.Object, java.lang.Object, java.lang.Object, java.lang.Object, java.lang.Object, java.lang.Object, java.lang.Object, java.lang.Object, java.lang.Object, java.lang.Object, java.lang.Object, java.lang.Object, java.lang.Object, java.lang.Object, java.lang.Object, java.lang.Object, java.lang.Obj
Event: 3.322 Thread 0x0000022fe4a99600 Exception <a 'java/lang/NoSuchMethodError'{0x0000000749fda7f0}: 'java.lang.Object java.lang.invoke.DirectMethodHandle$Holder.invokeStatic(java.lang.Object, java.lang.Object, java.lang.Object, java.lang.Object, java.lang.Object, java.lang.Object, java.lang.Object, java.lang.Object, java.lang.Object, java.lang.Object, java.lang.Object, java.lang.Object, java.lang.Object, java.lang.Object, java.lang.Object, java.lang.Object, java.lang.Object, java.lang.Object, java.lang.Object, java.lang.Object, java.lang.Obj
Event: 3.323 Thread 0x0000022fe4a99600 Exception <a 'java/lang/NoSuchMethodError'{0x0000000749ccd168}: 'java.lang.Object java.lang.invoke.DirectMethodHandle$Holder.invokeStatic(java.lang.Object, java.lang.Object, java.lang.Object, java.lang.Object, java.lang.Object, java.lang.Object, java.lang.Object, java.lang.Object, java.lang.Object, java.lang.Object, java.lang.Object, java.lang.Object, java.lang.Object, java.lang.Object, java.lang.Object, java.lang.Object, java.lang.Object, java.lang.Object, java.lang.Object, java.lang.Object, java.lang.Obj
Event: 3.326 Thread 0x0000022fe4a99600 Exception <a 'java/lang/NoSuchMethodError'{0x0000000749cfead0}: 'java.lang.Object java.lang.invoke.DirectMethodHandle$Holder.invokeStatic(java.lang.Object, java.lang.Object, java.lang.Object, java.lang.Object, java.lang.Object, java.lang.Object, java.lang.Object, java.lang.Object, java.lang.Object, java.lang.Object, java.lang.Object, java.lang.Object, java.lang.Object, java.lang.Object, java.lang.Object, java.lang.Object, java.lang.Object, java.lang.Object, java.lang.Object, java.lang.Object, java.lang.Obj

ZGC Phase Switch (0 events):
No events

VM Operations (20 events):
Event: 2.232 Executing non-safepoint VM operation: HandshakeAllThreads (Deoptimize)
Event: 2.232 Executing non-safepoint VM operation: HandshakeAllThreads (Deoptimize) done
Event: 2.271 Executing non-safepoint VM operation: HandshakeAllThreads (Deoptimize)
Event: 2.271 Executing non-safepoint VM operation: HandshakeAllThreads (Deoptimize) done
Event: 2.343 Executing safepoint VM operation: ICBufferFull
Event: 2.343 Executing safepoint VM operation: ICBufferFull done
Event: 2.376 Executing non-safepoint VM operation: HandshakeAllThreads (Deoptimize)
Event: 2.376 Executing non-safepoint VM operation: HandshakeAllThreads (Deoptimize) done
Event: 2.434 Executing non-safepoint VM operation: HandshakeAllThreads (Deoptimize)
Event: 2.434 Executing non-safepoint VM operation: HandshakeAllThreads (Deoptimize) done
Event: 2.542 Executing non-safepoint VM operation: HandshakeAllThreads (Deoptimize)
Event: 2.542 Executing non-safepoint VM operation: HandshakeAllThreads (Deoptimize) done
Event: 2.542 Executing non-safepoint VM operation: HandshakeAllThreads (Deoptimize)
Event: 2.542 Executing non-safepoint VM operation: HandshakeAllThreads (Deoptimize) done
Event: 2.548 Executing non-safepoint VM operation: HandshakeAllThreads (Deoptimize)
Event: 2.548 Executing non-safepoint VM operation: HandshakeAllThreads (Deoptimize) done
Event: 2.901 Executing safepoint VM operation: ICBufferFull
Event: 2.901 Executing safepoint VM operation: ICBufferFull done
Event: 3.087 Executing non-safepoint VM operation: HandshakeAllThreads (Deoptimize)
Event: 3.087 Executing non-safepoint VM operation: HandshakeAllThreads (Deoptimize) done

Memory protections (0 events):
No events

Nmethod flushes (0 events):
No events

Events (20 events):
Event: 2.465 Thread 0x0000022fe4aa52a0 Thread added: 0x0000022fe4a98f90
Event: 2.498 Thread 0x0000022fe4aa52a0 Thread added: 0x0000022fe46f7560
Event: 2.505 Thread 0x0000022fe4aa52a0 Thread added: 0x0000022fe4a99600
Event: 2.516 Thread 0x0000022fe4a99600 Thread added: 0x0000022fe4c9b710
Event: 2.520 Thread 0x0000022fe4a99600 Thread added: 0x0000022fe4c9a360
Event: 2.521 Thread 0x0000022fe4a99600 Thread added: 0x0000022fe4c9c430
Event: 2.568 Thread 0x0000022fe4c9c430 Thread exited: 0x0000022fe4c9c430
Event: 2.569 Thread 0x0000022fe4c9a360 Thread exited: 0x0000022fe4c9a360
Event: 2.583 Thread 0x0000022fe4c9b710 Thread exited: 0x0000022fe4c9b710
Event: 2.613 Thread 0x0000022fe46f7560 Thread exited: 0x0000022fe46f7560
Event: 2.617 Thread 0x0000022fe4a98f90 Thread exited: 0x0000022fe4a98f90
Event: 2.637 Thread 0x0000022fe4aa52a0 Thread added: 0x0000022fe4c9cac0
Event: 2.641 Thread 0x0000022fe4aa52a0 Thread added: 0x0000022fe4c9b080
Event: 2.652 Thread 0x0000022fe4a99600 Thread added: 0x0000022fe4c99640
Event: 2.653 Thread 0x0000022fe4a99600 Thread added: 0x0000022fe4c99cd0
Event: 2.654 Thread 0x0000022fe4a99600 Thread added: 0x0000022fe4c9a360
Event: 3.087 Thread 0x0000022fe4a99600 Thread added: 0x0000022fe4c9bda0
Event: 3.097 Thread 0x0000022fe4a99600 Thread added: 0x0000022fe4c9a9f0
Event: 3.140 Thread 0x0000022fe4a99600 Thread added: 0x0000022fe4c9c430
Event: 3.321 Thread 0x0000022fe4c9a9f0 Thread added: 0x0000022fe4c9b710


Dynamic libraries:
0x00007ff65d0d0000 - 0x00007ff65d0de000 	C:\Users\aflahal01\.vscode\extensions\redhat.java-1.56.0-win32-x64\jre\21.0.12.1-win32-x86_64\bin\java.exe
0x00007fff2d920000 - 0x00007fff2db87000 	C:\WINDOWS\SYSTEM32\ntdll.dll
0x00007fff2c0e0000 - 0x00007fff2c1ab000 	C:\WINDOWS\System32\KERNEL32.DLL
0x00007fff2ae00000 - 0x00007fff2b202000 	C:\WINDOWS\System32\KERNELBASE.dll
0x00007fff2b210000 - 0x00007fff2b35c000 	C:\WINDOWS\System32\ucrtbase.dll
0x00007ffeec3c0000 - 0x00007ffeec3d8000 	C:\Users\aflahal01\.vscode\extensions\redhat.java-1.56.0-win32-x64\jre\21.0.12.1-win32-x86_64\bin\jli.dll
0x00007ffeec230000 - 0x00007ffeec24e000 	C:\Users\aflahal01\.vscode\extensions\redhat.java-1.56.0-win32-x64\jre\21.0.12.1-win32-x86_64\bin\VCRUNTIME140.dll
0x00007fff2cbb0000 - 0x00007fff2cd7f000 	C:\WINDOWS\System32\USER32.dll
0x00007fff2b370000 - 0x00007fff2b397000 	C:\WINDOWS\System32\win32u.dll
0x00007fff0c890000 - 0x00007fff0cb20000 	C:\WINDOWS\WinSxS\amd64_microsoft.windows.common-controls_6595b64144ccf1df_6.0.26100.9278_none_3e0d1ba8e3303201\COMCTL32.dll
0x00007fff2ca60000 - 0x00007fff2ca8b000 	C:\WINDOWS\System32\GDI32.dll
0x00007fff2d4c0000 - 0x00007fff2d569000 	C:\WINDOWS\System32\msvcrt.dll
0x00007fff2b460000 - 0x00007fff2b589000 	C:\WINDOWS\System32\gdi32full.dll
0x00007fff2b590000 - 0x00007fff2b633000 	C:\WINDOWS\System32\msvcp_win.dll
0x00007fff2d2d0000 - 0x00007fff2d301000 	C:\WINDOWS\System32\IMM32.DLL
0x00007ffeec3f0000 - 0x00007ffeec3fc000 	C:\Users\aflahal01\.vscode\extensions\redhat.java-1.56.0-win32-x64\jre\21.0.12.1-win32-x86_64\bin\vcruntime140_1.dll
0x00007ffec5210000 - 0x00007ffec529d000 	C:\Users\aflahal01\.vscode\extensions\redhat.java-1.56.0-win32-x64\jre\21.0.12.1-win32-x86_64\bin\msvcp140.dll
0x00007ffe2f330000 - 0x00007ffe300d2000 	C:\Users\aflahal01\.vscode\extensions\redhat.java-1.56.0-win32-x64\jre\21.0.12.1-win32-x86_64\bin\server\jvm.dll
0x00007fff2c010000 - 0x00007fff2c0cc000 	C:\WINDOWS\System32\ADVAPI32.dll
0x00007fff2cd90000 - 0x00007fff2ce39000 	C:\WINDOWS\System32\sechost.dll
0x00007fff2ca90000 - 0x00007fff2cba8000 	C:\WINDOWS\System32\RPCRT4.dll
0x00007fff2d310000 - 0x00007fff2d390000 	C:\WINDOWS\System32\WS2_32.dll
0x00007fff0cb40000 - 0x00007fff0cb4b000 	C:\WINDOWS\SYSTEM32\VERSION.dll
0x00007fff25060000 - 0x00007fff25096000 	C:\WINDOWS\SYSTEM32\WINMM.dll
0x00007fff2a980000 - 0x00007fff2a9de000 	C:\WINDOWS\SYSTEM32\POWRPROF.dll
0x00007fff2a960000 - 0x00007fff2a975000 	C:\WINDOWS\SYSTEM32\UMPDC.dll
0x00007fff297f0000 - 0x00007fff2980b000 	C:\WINDOWS\SYSTEM32\kernel.appcore.dll
0x00007ffeec380000 - 0x00007ffeec38a000 	C:\Users\aflahal01\.vscode\extensions\redhat.java-1.56.0-win32-x64\jre\21.0.12.1-win32-x86_64\bin\jimage.dll
0x00007fff27ec0000 - 0x00007fff2810c000 	C:\WINDOWS\SYSTEM32\DBGHELP.DLL
0x00007fff2b8e0000 - 0x00007fff2bc65000 	C:\WINDOWS\System32\combase.dll
0x00007fff2c980000 - 0x00007fff2ca59000 	C:\WINDOWS\System32\OLEAUT32.dll
0x00007fff14d80000 - 0x00007fff14dbb000 	C:\WINDOWS\SYSTEM32\dbgcore.DLL
0x00007fff2ab20000 - 0x00007fff2abcc000 	C:\WINDOWS\System32\bcryptPrimitives.dll
0x00007ffeec1f0000 - 0x00007ffeec1ff000 	C:\Users\aflahal01\.vscode\extensions\redhat.java-1.56.0-win32-x64\jre\21.0.12.1-win32-x86_64\bin\instrument.dll
0x00007ffeec170000 - 0x00007ffeec190000 	C:\Users\aflahal01\.vscode\extensions\redhat.java-1.56.0-win32-x64\jre\21.0.12.1-win32-x86_64\bin\java.dll
0x00007fff2c1b0000 - 0x00007fff2c948000 	C:\WINDOWS\System32\SHELL32.dll
0x00007fff28550000 - 0x00007fff28dfe000 	C:\WINDOWS\SYSTEM32\windows.storage.dll
0x00007fff2d3b0000 - 0x00007fff2d4ab000 	C:\WINDOWS\System32\SHCORE.dll
0x00007fff2bfa0000 - 0x00007fff2c006000 	C:\WINDOWS\System32\shlwapi.dll
0x00007fff2aa40000 - 0x00007fff2aa69000 	C:\WINDOWS\SYSTEM32\profapi.dll
0x00007ffeec000000 - 0x00007ffeec018000 	C:\Users\aflahal01\.vscode\extensions\redhat.java-1.56.0-win32-x64\jre\21.0.12.1-win32-x86_64\bin\zip.dll
0x00007ffee1040000 - 0x00007ffee1050000 	C:\Users\aflahal01\.vscode\extensions\redhat.java-1.56.0-win32-x64\jre\21.0.12.1-win32-x86_64\bin\net.dll
0x00007fff19b00000 - 0x00007fff19c2a000 	C:\WINDOWS\SYSTEM32\WINHTTP.dll
0x00007fff29db0000 - 0x00007fff29e1c000 	C:\WINDOWS\system32\mswsock.dll
0x00007ffee1020000 - 0x00007ffee1036000 	C:\Users\aflahal01\.vscode\extensions\redhat.java-1.56.0-win32-x64\jre\21.0.12.1-win32-x86_64\bin\nio.dll
0x00007ffedf1d0000 - 0x00007ffedf1e0000 	C:\Users\aflahal01\.vscode\extensions\redhat.java-1.56.0-win32-x64\jre\21.0.12.1-win32-x86_64\bin\verify.dll
0x00007ffef73a0000 - 0x00007ffef73c7000 	C:\Users\aflahal01\.gradle\native\c067742578af261105cb4f569cf0c3c89f3d7b1fecec35dd04571415982c5e48\windows-amd64\native-platform.dll
0x00007ffef7220000 - 0x00007ffef7364000 	C:\Users\aflahal01\.gradle\native\100fb08df4bc3b14c8652ba06237920a3bd2aa13389f12d3474272988ae205f9\windows-amd64\native-platform-file-events.dll
0x00007ffede710000 - 0x00007ffede71a000 	C:\Users\aflahal01\.vscode\extensions\redhat.java-1.56.0-win32-x64\jre\21.0.12.1-win32-x86_64\bin\management.dll
0x00007ffede700000 - 0x00007ffede70c000 	C:\Users\aflahal01\.vscode\extensions\redhat.java-1.56.0-win32-x64\jre\21.0.12.1-win32-x86_64\bin\management_ext.dll
0x00007fff2d3a0000 - 0x00007fff2d3a8000 	C:\WINDOWS\System32\PSAPI.DLL
0x00007fff2a0a0000 - 0x00007fff2a0bb000 	C:\WINDOWS\SYSTEM32\CRYPTSP.dll
0x00007fff29750000 - 0x00007fff29789000 	C:\WINDOWS\system32\rsaenh.dll
0x00007fff29e60000 - 0x00007fff29e94000 	C:\WINDOWS\SYSTEM32\USERENV.dll
0x00007fff2aa10000 - 0x00007fff2aa3a000 	C:\WINDOWS\SYSTEM32\bcrypt.dll
0x00007fff2a0c0000 - 0x00007fff2a0cc000 	C:\WINDOWS\SYSTEM32\CRYPTBASE.dll
0x00007fff29230000 - 0x00007fff29263000 	C:\WINDOWS\SYSTEM32\IPHLPAPI.DLL
0x00007fff2b640000 - 0x00007fff2b64a000 	C:\WINDOWS\System32\NSI.dll
0x00007ffeebea0000 - 0x00007ffeebea9000 	C:\Users\aflahal01\.vscode\extensions\redhat.java-1.56.0-win32-x64\jre\21.0.12.1-win32-x86_64\bin\extnet.dll
0x00007ffeebeb0000 - 0x00007ffeebebe000 	C:\Users\aflahal01\.vscode\extensions\redhat.java-1.56.0-win32-x64\jre\21.0.12.1-win32-x86_64\bin\sunmscapi.dll
0x00007fff2abe0000 - 0x00007fff2ad5e000 	C:\WINDOWS\System32\CRYPT32.dll
0x00007fff2a2e0000 - 0x00007fff2a310000 	C:\WINDOWS\SYSTEM32\ncrypt.dll
0x00007fff2a290000 - 0x00007fff2a2cf000 	C:\WINDOWS\SYSTEM32\NTASN1.dll
0x00007ffefa930000 - 0x00007ffefa938000 	C:\WINDOWS\system32\wshunix.dll

JVMTI agents:
C:\Users\aflahal01\.gradle\wrapper\dists\gradle-8.8-bin\dl7vupf4psengwqhwktix4v1\gradle-8.8\lib\agents\gradle-instrumentation-agent-8.8.jar path:C:\Users\aflahal01\.vscode\extensions\redhat.java-1.56.0-win32-x64\jre\21.0.12.1-win32-x86_64\bin\instrument.dll, loaded, initialized, instrumentlib options:none

dbghelp: loaded successfully - version: 4.0.5 - missing functions: none
symbol engine: initialized successfully - sym options: 0x614 - pdb path: .;C:\Users\aflahal01\.vscode\extensions\redhat.java-1.56.0-win32-x64\jre\21.0.12.1-win32-x86_64\bin;C:\WINDOWS\SYSTEM32;C:\WINDOWS\WinSxS\amd64_microsoft.windows.common-controls_6595b64144ccf1df_6.0.26100.9278_none_3e0d1ba8e3303201;C:\Users\aflahal01\.vscode\extensions\redhat.java-1.56.0-win32-x64\jre\21.0.12.1-win32-x86_64\bin\server;C:\Users\aflahal01\.gradle\native\c067742578af261105cb4f569cf0c3c89f3d7b1fecec35dd04571415982c5e48\windows-amd64;C:\Users\aflahal01\.gradle\native\100fb08df4bc3b14c8652ba06237920a3bd2aa13389f12d3474272988ae205f9\windows-amd64

VM Arguments:
jvm_args: --add-opens=java.base/java.util=ALL-UNNAMED --add-opens=java.base/java.lang=ALL-UNNAMED --add-opens=java.base/java.lang.invoke=ALL-UNNAMED --add-opens=java.prefs/java.util.prefs=ALL-UNNAMED --add-opens=java.base/java.nio.charset=ALL-UNNAMED --add-opens=java.base/java.net=ALL-UNNAMED --add-opens=java.base/java.util.concurrent.atomic=ALL-UNNAMED -Xmx3G -Dfile.encoding=utf8 -Duser.country=ID -Duser.language=en -Duser.variant -javaagent:C:\Users\aflahal01\.gradle\wrapper\dists\gradle-8.8-bin\dl7vupf4psengwqhwktix4v1\gradle-8.8\lib\agents\gradle-instrumentation-agent-8.8.jar 
java_command: org.gradle.launcher.daemon.bootstrap.GradleDaemon 8.8
java_class_path (initial): C:\Users\aflahal01\.gradle\wrapper\dists\gradle-8.8-bin\dl7vupf4psengwqhwktix4v1\gradle-8.8\lib\gradle-launcher-8.8.jar
Launcher Type: SUN_STANDARD

[Global flags]
     intx CICompilerCount                          = 4                                         {product} {ergonomic}
     uint ConcGCThreads                            = 3                                         {product} {ergonomic}
     uint G1ConcRefinementThreads                  = 10                                        {product} {ergonomic}
   size_t G1HeapRegionSize                         = 2097152                                   {product} {ergonomic}
    uintx GCDrainStackTargetSize                   = 64                                        {product} {ergonomic}
   size_t InitialHeapSize                          = 264241152                                 {product} {ergonomic}
   size_t MarkStackSize                            = 4194304                                   {product} {ergonomic}
   size_t MaxHeapSize                              = 3221225472                                {product} {command line}
   size_t MaxNewSize                               = 1931476992                                {product} {ergonomic}
   size_t MinHeapDeltaBytes                        = 2097152                                   {product} {ergonomic}
   size_t MinHeapSize                              = 8388608                                   {product} {ergonomic}
    uintx NonNMethodCodeHeapSize                   = 5839372                                {pd product} {ergonomic}
    uintx NonProfiledCodeHeapSize                  = 122909434                              {pd product} {ergonomic}
    uintx ProfiledCodeHeapSize                     = 122909434                              {pd product} {ergonomic}
    uintx ReservedCodeCacheSize                    = 251658240                              {pd product} {ergonomic}
     bool SegmentedCodeCache                       = true                                      {product} {ergonomic}
   size_t SoftMaxHeapSize                          = 3221225472                             {manageable} {ergonomic}
     bool UseCompressedOops                        = true                           {product lp64_product} {ergonomic}
     bool UseG1GC                                  = true                                      {product} {ergonomic}
     bool UseLargePagesIndividualAllocation        = false                                  {pd product} {ergonomic}

Logging:
Log output configuration:
 #0: stdout all=warning uptime,level,tags foldmultilines=false
 #1: stderr all=off uptime,level,tags foldmultilines=false

Release file:
JAVA_VERSION="21.0.12.1" 
MODULES="java.base java.compiler java.datatransfer java.xml java.prefs java.desktop java.instrument java.logging java.management java.security.sasl java.naming java.rmi java.management.rmi java.net.http java.scripting java.security.jgss java.transaction.xa java.sql java.sql.rowset java.xml.crypto java.se java.smartcardio jdk.accessibility jdk.internal.jvmstat jdk.attach jdk.charsets jdk.internal.opt jdk.zipfs jdk.compiler jdk.crypto.ec jdk.crypto.cryptoki jdk.crypto.mscapi jdk.dynalink jdk.internal.ed jdk.editpad jdk.hotspot.agent jdk.httpserver jdk.internal.le jdk.internal.vm.ci jdk.internal.vm.compiler jdk.internal.vm.compiler.management jdk.jartool jdk.javadoc jdk.jcmd jdk.management jdk.management.agent jdk.jconsole jdk.jdeps jdk.jdwp.agent jdk.jdi jdk.jfr jdk.jshell jdk.jsobject jdk.jstatd jdk.localedata jdk.management.jfr jdk.naming.dns jdk.naming.rmi jdk.net jdk.nio.mapmode jdk.random jdk.sctp jdk.security.auth jdk.security.jgss jdk.unsupported jdk.unsupported.desktop jdk.xml.dom" 

Environment Variables:
JAVA_HOME=C:\Program Files\Microsoft\jdk-17.0.18.8-hotspot
PATH=C:\Program Files\Microsoft\jdk-17.0.18.8-hotspot\bin;C:\WINDOWS\system32;C:\WINDOWS;C:\WINDOWS\System32\Wbem;C:\WINDOWS\System32\WindowsPowerShell\v1.0\;C:\WINDOWS\System32\OpenSSH\;C:\MinGW\bin;C:\Program Files\nodejs\;C:\Program Files\Git\cmd;C:\Program Files\Microsoft\jdk-17.0.18.8-hotspot\bin;C:\Users\aflahal01\AppData\Local\Android\Sdk\platform-tools;C:\xampp\php;C:\Program Files\Common Files\Oracle\Java\javapath;C:\ProgramData\chocolatey\bin;C:\ProgramData\chocolatey\lib\maven\apache-maven-3.9.15\bin;C:\Program Files\Cloudflare\Cloudflare WARP\;C:\Program Files\dotnet\;C:\Users\aflahal01\AppData\Local\Programs\Python\Python312\Scripts\;C:\Users\aflahal01\AppData\Local\Programs\Python\Python312\;C:\Users\aflahal01\AppData\Local\Microsoft\WindowsApps;C:\Users\aflahal01\AppData\Local\Programs\Microsoft VS Code\bin;C:\Users\aflahal01\AppData\Roaming\npm;C:\Users\aflahal01\AppData\Local\Programs\Antigravity\bin;C:\src\flutter\bin;C:\Gradle\gradle-8.5\bin
USERNAME=aflahal01
OS=Windows_NT
PROCESSOR_IDENTIFIER=Intel64 Family 6 Model 154 Stepping 3, GenuineIntel
TMP=C:\Users\AFLAHA~1\AppData\Local\Temp
TEMP=C:\Users\AFLAHA~1\AppData\Local\Temp




Periodic native trim disabled

---------------  S Y S T E M  ---------------

OS:
 Windows 11 , 64 bit Build 26100 (10.0.26100.9444)
OS uptime: 2 days 9:27 hours
Hyper-V role detected

CPU: total 12 (initial active 12) (6 cores per cpu, 2 threads per core) family 6 model 154 stepping 3 microcode 0x429, cx8, cmov, fxsr, ht, mmx, 3dnowpref, sse, sse2, sse3, ssse3, sse4.1, sse4.2, popcnt, lzcnt, tsc, tscinvbit, avx, avx2, aes, erms, clmul, bmi1, bmi2, adx, sha, fma, vzeroupper, clflush, clflushopt, clwb, hv, serialize, rdtscp, rdpid, fsrm, f16c, cet_ibt, cet_ss
Processor Information for processor 0
  Max Mhz: 2000, Current Mhz: 2000, Mhz Limit: 2000
Processor Information for processor 1
  Max Mhz: 2000, Current Mhz: 2000, Mhz Limit: 2000
Processor Information for processor 2
  Max Mhz: 2000, Current Mhz: 2000, Mhz Limit: 2000
Processor Information for processor 3
  Max Mhz: 2000, Current Mhz: 2000, Mhz Limit: 2000
Processor Information for processor 4
  Max Mhz: 2000, Current Mhz: 2000, Mhz Limit: 2000
Processor Information for processor 5
  Max Mhz: 2000, Current Mhz: 2000, Mhz Limit: 2000
Processor Information for processor 6
  Max Mhz: 2000, Current Mhz: 2000, Mhz Limit: 2000
Processor Information for processor 7
  Max Mhz: 2000, Current Mhz: 2000, Mhz Limit: 2000
Processor Information for processor 8
  Max Mhz: 2000, Current Mhz: 1500, Mhz Limit: 1500
Processor Information for processor 9
  Max Mhz: 2000, Current Mhz: 1500, Mhz Limit: 1500
Processor Information for processor 10
  Max Mhz: 2000, Current Mhz: 1500, Mhz Limit: 1500
Processor Information for processor 11
  Max Mhz: 2000, Current Mhz: 1500, Mhz Limit: 1500

Memory: 4k page, system-wide physical 16076M (369M free)
TotalPageFile size 32460M (AvailPageFile size 5M)
current process WorkingSet (physical memory assigned to process): 225M, peak: 229M
current process commit charge ("private bytes"): 422M, peak: 427M

vm_info: OpenJDK 64-Bit Server VM (21.0.12.1+1-LTS) for windows-amd64 JRE (21.0.12.1+1-LTS), built on 2026-08-18T00:00:00Z by "admin" with MS VC++ 17.12 (VS2022)

END.
