#
# There is insufficient memory for the Java Runtime Environment to continue.
# Native memory allocation (malloc) failed to allocate 839776 bytes. Error detail: Chunk::new
# Possible reasons:
#   The system is out of physical RAM or swap space
#   This process is running with CompressedOops enabled, and the Java Heap may be blocking the growth of the native heap
# Possible solutions:
#   Reduce memory load on the system
#   Increase physical memory or swap space
#   Check if swap backing store is full
#   Decrease Java heap size (-Xmx/-Xms)
#   Decrease number of Java threads
#   Decrease Java thread stack sizes (-Xss)
#   Set larger code cache with -XX:ReservedCodeCacheSize=
#   JVM is running with Unscaled Compressed Oops mode in which the Java heap is
#     placed in the first 4GB address space. The Java Heap base address is the
#     maximum limit for the native heap growth. Please use -XX:HeapBaseMinAddress
#     to set the Java Heap base and to place the Java Heap above 4GB virtual address.
# This output file may be truncated or incomplete.
#
#  Out of Memory Error (arena.cpp:168), pid=26240, tid=5904
#
# JRE version: OpenJDK Runtime Environment Temurin-21.0.12.1+1 (21.0.12.1+1) (build 21.0.12.1+1-LTS)
# Java VM: OpenJDK 64-Bit Server VM Temurin-21.0.12.1+1 (21.0.12.1+1-LTS, mixed mode, sharing, tiered, compressed oops, compressed class ptrs, parallel gc, windows-amd64)
# No core dump will be written. Minidumps are not enabled by default on client versions of Windows
#

---------------  S U M M A R Y ------------

Command Line: --add-modules=ALL-SYSTEM --add-opens=java.base/java.util=ALL-UNNAMED --add-opens=java.base/java.lang=ALL-UNNAMED --add-opens=java.base/sun.nio.fs=ALL-UNNAMED -Declipse.application=org.eclipse.jdt.ls.core.id1 -Dosgi.bundles.defaultStartLevel=4 -Declipse.product=org.eclipse.jdt.ls.core.product -Djava.import.generatesMetadataFilesAtProjectRoot=false -Dm2e.project.cache.size=50 -DDetectVMInstallationsJob.disabled=true -Dfile.encoding=utf8 -XX:+UseParallelGC -XX:GCTimeRatio=4 -XX:AdaptiveSizePolicyWeight=90 -Dsun.zip.disableMemoryMapping=true -Xmx2G -Xms100m -Xlog:disable -javaagent:c:\Users\aflahal01\.vscode\extensions\redhat.java-1.56.0-win32-x64\lombok\lombok-1.18.39-4050.jar c:\Users\aflahal01\.vscode\extensions\redhat.java-1.56.0-win32-x64\server\plugins\org.eclipse.equinox.launcher_1.8.0.v20260804-1928.jar -configuration c:\Users\aflahal01\AppData\Roaming\Code\User\globalStorage\redhat.java\1.56.0\config_ss_win -data c:\Users\aflahal01\AppData\Roaming\Code\User\workspaceStorage\fdc91bf71de9f9c91827a23778d3ed4e\redhat.java\ss_ws --pipe=\\.\pipe\lsp-8183b9b38117810758e6dd9d9f74e959-sock

Host: 12th Gen Intel(R) Core(TM) i5-12450H, 12 cores, 15G,  Windows 11 , 64 bit Build 26100 (10.0.26100.9444)
Time: Mon Sep 14 03:05:51 2026 SE Asia Standard Time elapsed time: 1169.431814 seconds (0d 0h 19m 29s)

---------------  T H R E A D  ---------------

Current thread (0x000001aec53151a0):  JavaThread "C2 CompilerThread0" daemon [_thread_in_native, id=5904, stack(0x00000022a7700000,0x00000022a7800000) (1024K)]


Current CompileTask:
C2:1169432 8493       4       org.eclipse.jdt.internal.compiler.lookup.BinaryTypeBinding::createMethod (1666 bytes)

Stack: [0x00000022a7700000,0x00000022a7800000]
Native frames: (J=compiled Java code, j=interpreted, Vv=VM code, C=native code)
V  [jvm.dll+0x6d83e9]
V  [jvm.dll+0x8b5736]
V  [jvm.dll+0x8b7cee]
V  [jvm.dll+0x8b83d3]
V  [jvm.dll+0x284596]
V  [jvm.dll+0xc685d]
V  [jvm.dll+0xc6da1]
V  [jvm.dll+0x2fb5ae]
V  [jvm.dll+0x5fee94]
V  [jvm.dll+0x255d67]
V  [jvm.dll+0x24e2ca]
V  [jvm.dll+0x24bbe6]
V  [jvm.dll+0x1cb4ae]
V  [jvm.dll+0x25baad]
V  [jvm.dll+0x25a03a]
V  [jvm.dll+0x3f8aae]
V  [jvm.dll+0x8600cd]
V  [jvm.dll+0x6d6c1d]
C  [ucrtbase.dll+0x2cd30]
C  [KERNEL32.DLL+0x2cd87]
C  [ntdll.dll+0xacaec]


---------------  P R O C E S S  ---------------

Threads class SMR info:
_java_thread_list=0x000001aee33ce5d0, length=37, elements={
0x000001aec525add0, 0x000001aec52fff50, 0x000001aec5300a80, 0x000001aec5305410,
0x000001aec53080e0, 0x000001aec530a1d0, 0x000001aec530f560, 0x000001aec53151a0,
0x000001aec531c8a0, 0x000001aedd194e50, 0x000001aedd2b78f0, 0x000001aee28021a0,
0x000001aee2803550, 0x000001aee2800df0, 0x000001aee2801480, 0x000001aee28000d0,
0x000001aee2802830, 0x000001aee2800760, 0x000001aedd321a30, 0x000001aedd320680,
0x000001aedd320d10, 0x000001aedd3220c0, 0x000001aedd31fff0, 0x000001aedd31ec40,
0x000001aedd3213a0, 0x000001aedd322750, 0x000001aedd31f2d0, 0x000001aedd322de0,
0x000001aedd31f960, 0x000001aedd323470, 0x000001aedd323b00, 0x000001aedd324190,
0x000001aedd325bd0, 0x000001aedd324820, 0x000001aedd326260, 0x000001aee44e22f0,
0x000001aee44e2980
}

Java Threads: ( => current thread )
  0x000001aec525add0 JavaThread "main"                              [_thread_blocked, id=29496, stack(0x00000022a6d00000,0x00000022a6e00000) (1024K)]
  0x000001aec52fff50 JavaThread "Reference Handler"          daemon [_thread_blocked, id=31032, stack(0x00000022a7100000,0x00000022a7200000) (1024K)]
  0x000001aec5300a80 JavaThread "Finalizer"                  daemon [_thread_blocked, id=18164, stack(0x00000022a7200000,0x00000022a7300000) (1024K)]
  0x000001aec5305410 JavaThread "Signal Dispatcher"          daemon [_thread_blocked, id=33712, stack(0x00000022a7300000,0x00000022a7400000) (1024K)]
  0x000001aec53080e0 JavaThread "Attach Listener"            daemon [_thread_blocked, id=8252, stack(0x00000022a7400000,0x00000022a7500000) (1024K)]
  0x000001aec530a1d0 JavaThread "Service Thread"             daemon [_thread_blocked, id=14684, stack(0x00000022a7500000,0x00000022a7600000) (1024K)]
  0x000001aec530f560 JavaThread "Monitor Deflation Thread"   daemon [_thread_blocked, id=31832, stack(0x00000022a7600000,0x00000022a7700000) (1024K)]
=>0x000001aec53151a0 JavaThread "C2 CompilerThread0"         daemon [_thread_in_native, id=5904, stack(0x00000022a7700000,0x00000022a7800000) (1024K)]
  0x000001aec531c8a0 JavaThread "C1 CompilerThread0"         daemon [_thread_blocked, id=4404, stack(0x00000022a7800000,0x00000022a7900000) (1024K)]
  0x000001aedd194e50 JavaThread "Common-Cleaner"             daemon [_thread_blocked, id=27444, stack(0x00000022a7a00000,0x00000022a7b00000) (1024K)]
  0x000001aedd2b78f0 JavaThread "Notification Thread"        daemon [_thread_blocked, id=11016, stack(0x00000022a7900000,0x00000022a7a00000) (1024K)]
  0x000001aee28021a0 JavaThread "Active Thread: Equinox Container: b988ac0f-ee6a-4eeb-b5e8-2556dd28eb5b"        [_thread_blocked, id=26716, stack(0x00000022a8300000,0x00000022a8400000) (1024K)]
  0x000001aee2803550 JavaThread "Framework Event Dispatcher: Equinox Container: b988ac0f-ee6a-4eeb-b5e8-2556dd28eb5b" daemon [_thread_blocked, id=14988, stack(0x00000022a7b00000,0x00000022a7c00000) (1024K)]
  0x000001aee2800df0 JavaThread "Start Level: Equinox Container: b988ac0f-ee6a-4eeb-b5e8-2556dd28eb5b" daemon [_thread_blocked, id=15092, stack(0x00000022a7c00000,0x00000022a7d00000) (1024K)]
  0x000001aee2801480 JavaThread "SCR Component Actor"        daemon [_thread_blocked, id=12628, stack(0x00000022a8500000,0x00000022a8600000) (1024K)]
  0x000001aee28000d0 JavaThread "Worker-JM"                         [_thread_blocked, id=31172, stack(0x00000022a8800000,0x00000022a8900000) (1024K)]
  0x000001aee2802830 JavaThread "Worker-0"                          [_thread_blocked, id=4104, stack(0x00000022a8700000,0x00000022a8800000) (1024K)]
  0x000001aee2800760 JavaThread "JNA Cleaner"                daemon [_thread_blocked, id=3764, stack(0x00000022a8d00000,0x00000022a8e00000) (1024K)]
  0x000001aedd321a30 JavaThread "Thread-1"                   daemon [_thread_in_native, id=28600, stack(0x00000022a9000000,0x00000022a9100000) (1024K)]
  0x000001aedd320680 JavaThread "Thread-2"                   daemon [_thread_in_native, id=14532, stack(0x00000022a9100000,0x00000022a9200000) (1024K)]
  0x000001aedd320d10 JavaThread "Thread-3"                   daemon [_thread_in_native, id=12520, stack(0x00000022a9200000,0x00000022a9300000) (1024K)]
  0x000001aedd3220c0 JavaThread "Thread-4"                   daemon [_thread_in_native, id=18364, stack(0x00000022a9300000,0x00000022a9400000) (1024K)]
  0x000001aedd31fff0 JavaThread "Thread-5"                   daemon [_thread_in_native, id=27960, stack(0x00000022a9400000,0x00000022a9500000) (1024K)]
  0x000001aedd31ec40 JavaThread "Thread-6"                   daemon [_thread_in_native, id=27248, stack(0x00000022a9500000,0x00000022a9600000) (1024K)]
  0x000001aedd3213a0 JavaThread "Thread-7"                   daemon [_thread_in_native, id=9580, stack(0x00000022a9600000,0x00000022a9700000) (1024K)]
  0x000001aedd322750 JavaThread "Thread-8"                   daemon [_thread_in_native, id=21364, stack(0x00000022a9700000,0x00000022a9800000) (1024K)]
  0x000001aedd31f2d0 JavaThread "Thread-9"                   daemon [_thread_in_native, id=27636, stack(0x00000022a9800000,0x00000022a9900000) (1024K)]
  0x000001aedd322de0 JavaThread "Thread-10"                  daemon [_thread_in_native, id=27504, stack(0x00000022a9900000,0x00000022a9a00000) (1024K)]
  0x000001aedd31f960 JavaThread "Thread-11"                  daemon [_thread_in_native, id=13536, stack(0x00000022a9a00000,0x00000022a9b00000) (1024K)]
  0x000001aedd323470 JavaThread "Thread-12"                  daemon [_thread_in_native, id=18356, stack(0x00000022a9b00000,0x00000022a9c00000) (1024K)]
  0x000001aedd323b00 JavaThread "Thread-13"                  daemon [_thread_in_native, id=8492, stack(0x00000022a9c00000,0x00000022a9d00000) (1024K)]
  0x000001aedd324190 JavaThread "pool-2-thread-1"                   [_thread_blocked, id=34592, stack(0x00000022a9d00000,0x00000022a9e00000) (1024K)]
  0x000001aedd325bd0 JavaThread "WorkspaceEventsHandler"            [_thread_blocked, id=34200, stack(0x00000022a9e00000,0x00000022a9f00000) (1024K)]
  0x000001aedd324820 JavaThread "pool-1-thread-1"                   [_thread_blocked, id=18812, stack(0x00000022a9f00000,0x00000022aa000000) (1024K)]
  0x000001aedd326260 JavaThread "Worker-2: Building"                [_thread_in_native, id=26180, stack(0x00000022aa000000,0x00000022aa100000) (1024K)]
  0x000001aee44e22f0 JavaThread "Compiler Source File Reader" daemon [_thread_blocked, id=2284, stack(0x00000022a6a00000,0x00000022a6b00000) (1024K)]
  0x000001aee44e2980 JavaThread "Compiler Processing Task"   daemon [_thread_blocked, id=21056, stack(0x00000022a6b00000,0x00000022a6c00000) (1024K)]
Total: 37

Other Threads:
  0x000001aec52ffa40 VMThread "VM Thread"                           [id=12964, stack(0x00000022a7000000,0x00000022a7100000) (1024K)]
  0x000001aec50eca00 WatcherThread "VM Periodic Task Thread"        [id=33412, stack(0x00000022a6f00000,0x00000022a7000000) (1024K)]
  0x000001aec527a520 WorkerThread "GC Thread#0"                     [id=17896, stack(0x00000022a6e00000,0x00000022a6f00000) (1024K)]
  0x000001aee27f81e0 WorkerThread "GC Thread#1"                     [id=10652, stack(0x00000022a7d00000,0x00000022a7e00000) (1024K)]
  0x000001aee27f8590 WorkerThread "GC Thread#2"                     [id=26588, stack(0x00000022a7e00000,0x00000022a7f00000) (1024K)]
  0x000001aee27f6f70 WorkerThread "GC Thread#3"                     [id=10948, stack(0x00000022a7f00000,0x00000022a8000000) (1024K)]
  0x000001aee27f7e30 WorkerThread "GC Thread#4"                     [id=3184, stack(0x00000022a8000000,0x00000022a8100000) (1024K)]
  0x000001aee27f7a80 WorkerThread "GC Thread#5"                     [id=10220, stack(0x00000022a8100000,0x00000022a8200000) (1024K)]
  0x000001aee27f6bc0 WorkerThread "GC Thread#6"                     [id=3708, stack(0x00000022a8200000,0x00000022a8300000) (1024K)]
  0x000001aee27f76d0 WorkerThread "GC Thread#7"                     [id=27304, stack(0x00000022a8400000,0x00000022a8500000) (1024K)]
  0x000001aee2b72d30 WorkerThread "GC Thread#8"                     [id=3560, stack(0x00000022a8900000,0x00000022a8a00000) (1024K)]
  0x000001aee2b730e0 WorkerThread "GC Thread#9"                     [id=34440, stack(0x00000022a8a00000,0x00000022a8b00000) (1024K)]
Total: 12

Threads with active compile tasks:
C2 CompilerThread0  1169466 8493       4       org.eclipse.jdt.internal.compiler.lookup.BinaryTypeBinding::createMethod (1666 bytes)
Total: 1

VM state: not at safepoint (normal execution)

VM Mutex/Monitor currently owned by a thread: None

Heap address: 0x0000000080000000, size: 2048 MB, Compressed Oops mode: 32-bit

CDS archive(s) mapped at: [0x000001ae80000000-0x000001ae80ba0000-0x000001ae80ba0000), size 12189696, SharedBaseAddress: 0x000001ae80000000, ArchiveRelocationMode: 1.
Compressed class space mapped at: 0x000001ae81000000-0x000001aec1000000, reserved size: 1073741824
Narrow klass base: 0x000001ae80000000, Narrow klass shift: 0, Narrow klass range: 0x100000000

GC Precious Log:
 CardTable entry size: 512
 CPUs: 12 total, 12 available
 Memory: 16076M
 Large Page Support: Disabled
 NUMA Support: Disabled
 Compressed Oops: Enabled (32-bit)
 Alignments: Space 512K, Generation 512K, Heap 2M
 Heap Min Capacity: 100M
 Heap Initial Capacity: 100M
 Heap Max Capacity: 2G
 Pre-touch: Disabled
 Parallel Workers: 10

Heap:
 PSYoungGen      total 22528K, used 15617K [0x00000000d5580000, 0x00000000d6d80000, 0x0000000100000000)
  eden space 21504K, 68% used [0x00000000d5580000,0x00000000d63cc638,0x00000000d6a80000)
  from space 1024K, 95% used [0x00000000d6c80000,0x00000000d6d73fe0,0x00000000d6d80000)
  to   space 1024K, 0% used [0x00000000d6a80000,0x00000000d6a80000,0x00000000d6b80000)
 ParOldGen       total 68608K, used 38740K [0x0000000080000000, 0x0000000084300000, 0x00000000d5580000)
  object space 68608K, 56% used [0x0000000080000000,0x00000000825d5078,0x0000000084300000)
 Metaspace       used 44702K, committed 45760K, reserved 1114112K
  class space    used 4409K, committed 4864K, reserved 1048576K

Card table byte_map: [0x000001aec4c00000,0x000001aec5010000] _byte_map_base: 0x000001aec4800000

Marking Bits: (ParMarkBitMap*) 0x00007ffe2fff44a0
 Begin Bits: [0x000001aed7710000, 0x000001aed9710000)
 End Bits:   [0x000001aed9710000, 0x000001aedb710000)

Polling page: 0x000001aec3050000

Metaspace:

Usage:
  Non-class:     39.35 MB used.
      Class:      4.31 MB used.
       Both:     43.66 MB used.

Virtual space:
  Non-class space:       64.00 MB reserved,      39.94 MB ( 62%) committed,  1 nodes.
      Class space:        1.00 GB reserved,       4.75 MB ( <1%) committed,  1 nodes.
             Both:        1.06 GB reserved,      44.69 MB (  4%) committed. 

Chunk freelists:
   Non-Class:  7.91 MB
       Class:  11.14 MB
        Both:  19.04 MB

MaxMetaspaceSize: unlimited
CompressedClassSpaceSize: 1.00 GB
Initial GC threshold: 21.00 MB
Current GC threshold: 58.38 MB
CDS: on
 - commit_granule_bytes: 65536.
 - commit_granule_words: 8192.
 - virtual_space_node_default_size: 8388608.
 - enlarge_chunks_in_place: 1.
 - use_allocation_guard: 0.


Internal statistics:

num_allocs_failed_limit: 6.
num_arena_births: 944.
num_arena_deaths: 34.
num_vsnodes_births: 2.
num_vsnodes_deaths: 0.
num_space_committed: 715.
num_space_uncommitted: 0.
num_chunks_returned_to_freelist: 47.
num_chunks_taken_from_freelist: 2935.
num_chunk_merges: 13.
num_chunk_splits: 1803.
num_chunks_enlarged: 1080.
num_inconsistent_stats: 0.

CodeHeap 'non-profiled nmethods': size=120000Kb used=6525Kb max_used=6525Kb free=113474Kb
 bounds [0x000001aecff30000, 0x000001aed0590000, 0x000001aed7460000]
CodeHeap 'profiled nmethods': size=120000Kb used=20395Kb max_used=20395Kb free=99604Kb
 bounds [0x000001aec8460000, 0x000001aec9850000, 0x000001aecf990000]
CodeHeap 'non-nmethods': size=5760Kb used=1409Kb max_used=1488Kb free=4350Kb
 bounds [0x000001aecf990000, 0x000001aecfc00000, 0x000001aecff30000]
CodeCache: size=245760Kb, used=28329Kb, max_used=28408Kb, free=217428Kb
 total_blobs=8846, nmethods=8135, adapters=615, full_count=0
Compilation: enabled, stopped_count=0, restarted_count=0

Compilation events (20 events):
Event: 1169.353 Thread 0x000001aec531c8a0 nmethod 8491 0x000001aec982e190 code [0x000001aec982eba0, 0x000001aec9836ac8]
Event: 1169.353 Thread 0x000001aec531c8a0 8489       3       sun.nio.ch.FileDispatcherImpl::read (8 bytes)
Event: 1169.353 Thread 0x000001aec531c8a0 nmethod 8489 0x000001aec983c610 code [0x000001aec983c7c0, 0x000001aec983c900]
Event: 1169.356 Thread 0x000001aec531c8a0 8495       3       org.eclipse.jdt.internal.compiler.lookup.MethodVerifier::areMethodsCompatible (10 bytes)
Event: 1169.357 Thread 0x000001aec531c8a0 nmethod 8495 0x000001aec983c990 code [0x000001aec983cb80, 0x000001aec983d028]
Event: 1169.369 Thread 0x000001aec531c8a0 8498       3       org.eclipse.jdt.internal.compiler.lookup.TypeBound::<init> (9 bytes)
Event: 1169.369 Thread 0x000001aec531c8a0 nmethod 8498 0x000001aec983d210 code [0x000001aec983d3c0, 0x000001aec983d500]
Event: 1169.369 Thread 0x000001aec531c8a0 8499       3       org.eclipse.jdt.internal.compiler.lookup.InferenceContext18::pickIvarsByRank (90 bytes)
Event: 1169.371 Thread 0x000001aec531c8a0 nmethod 8499 0x000001aec983d610 code [0x000001aec983d900, 0x000001aec983eab0]
Event: 1169.371 Thread 0x000001aec531c8a0 8500       3       java.util.LinkedHashSet::spliterator (7 bytes)
Event: 1169.372 Thread 0x000001aec531c8a0 nmethod 8500 0x000001aec983f090 code [0x000001aec983f260, 0x000001aec983f4e0]
Event: 1169.413 Thread 0x000001aec531c8a0 8502       3       java.lang.Double::<init> (10 bytes)
Event: 1169.413 Thread 0x000001aec531c8a0 nmethod 8502 0x000001aec983f610 code [0x000001aec983f7c0, 0x000001aec983f988]
Event: 1169.413 Thread 0x000001aec531c8a0 8503       3       org.eclipse.jdt.internal.compiler.lookup.BinaryTypeBinding::getExactMethod (269 bytes)
Event: 1169.416 Thread 0x000001aec531c8a0 nmethod 8503 0x000001aec983fa90 code [0x000001aec983fd80, 0x000001aec9840d10]
Event: 1169.416 Thread 0x000001aec531c8a0 8504       3       org.eclipse.jdt.internal.compiler.ast.LambdaExpression::argumentsTypeElided (13 bytes)
Event: 1169.416 Thread 0x000001aec531c8a0 nmethod 8504 0x000001aec9841310 code [0x000001aec98414c0, 0x000001aec9841638]
Event: 1169.418 Thread 0x000001aec531c8a0 8505       3       org.eclipse.jdt.internal.compiler.lookup.MethodScope::referenceMethodBinding (44 bytes)
Event: 1169.418 Thread 0x000001aec531c8a0 nmethod 8505 0x000001aec9841710 code [0x000001aec98418e0, 0x000001aec9841e88]
Event: 1169.425 Thread 0x000001aec531c8a0 8507       3       org.eclipse.jdt.internal.compiler.lookup.LookupEnvironment::getInaccessibleBinding (254 bytes)

GC Heap History (20 events):
Event: 14.377 GC heap before
{Heap before GC invocations=17 (full 1):
 PSYoungGen      total 24064K, used 10739K [0x00000000d5580000, 0x00000000d7080000, 0x0000000100000000)
  eden space 21504K, 38% used [0x00000000d5580000,0x00000000d5d9c680,0x00000000d6a80000)
  from space 2560K, 95% used [0x00000000d6a80000,0x00000000d6ce08c0,0x00000000d6d00000)
  to   space 3072K, 0% used [0x00000000d6d80000,0x00000000d6d80000,0x00000000d7080000)
 ParOldGen       total 68608K, used 27195K [0x0000000080000000, 0x0000000084300000, 0x00000000d5580000)
  object space 68608K, 39% used [0x0000000080000000,0x0000000081a8efb8,0x0000000084300000)
 Metaspace       used 34891K, committed 35840K, reserved 1114112K
  class space    used 3533K, committed 3968K, reserved 1048576K
}
Event: 14.381 GC heap after
{Heap after GC invocations=17 (full 1):
 PSYoungGen      total 22528K, used 808K [0x00000000d5580000, 0x00000000d6e80000, 0x0000000100000000)
  eden space 21504K, 0% used [0x00000000d5580000,0x00000000d5580000,0x00000000d6a80000)
  from space 1024K, 78% used [0x00000000d6d80000,0x00000000d6e4a348,0x00000000d6e80000)
  to   space 1536K, 0% used [0x00000000d6b80000,0x00000000d6b80000,0x00000000d6d00000)
 ParOldGen       total 68608K, used 29249K [0x0000000080000000, 0x0000000084300000, 0x00000000d5580000)
  object space 68608K, 42% used [0x0000000080000000,0x0000000081c907c8,0x0000000084300000)
 Metaspace       used 34891K, committed 35840K, reserved 1114112K
  class space    used 3533K, committed 3968K, reserved 1048576K
}
Event: 14.381 GC heap before
{Heap before GC invocations=18 (full 2):
 PSYoungGen      total 22528K, used 808K [0x00000000d5580000, 0x00000000d6e80000, 0x0000000100000000)
  eden space 21504K, 0% used [0x00000000d5580000,0x00000000d5580000,0x00000000d6a80000)
  from space 1024K, 78% used [0x00000000d6d80000,0x00000000d6e4a348,0x00000000d6e80000)
  to   space 1536K, 0% used [0x00000000d6b80000,0x00000000d6b80000,0x00000000d6d00000)
 ParOldGen       total 68608K, used 29249K [0x0000000080000000, 0x0000000084300000, 0x00000000d5580000)
  object space 68608K, 42% used [0x0000000080000000,0x0000000081c907c8,0x0000000084300000)
 Metaspace       used 34891K, committed 35840K, reserved 1114112K
  class space    used 3533K, committed 3968K, reserved 1048576K
}
Event: 14.450 GC heap after
{Heap after GC invocations=18 (full 2):
 PSYoungGen      total 22528K, used 0K [0x00000000d5580000, 0x00000000d6e80000, 0x0000000100000000)
  eden space 21504K, 0% used [0x00000000d5580000,0x00000000d5580000,0x00000000d6a80000)
  from space 1024K, 0% used [0x00000000d6d80000,0x00000000d6d80000,0x00000000d6e80000)
  to   space 1536K, 0% used [0x00000000d6b80000,0x00000000d6b80000,0x00000000d6d00000)
 ParOldGen       total 68608K, used 28164K [0x0000000080000000, 0x0000000084300000, 0x00000000d5580000)
  object space 68608K, 41% used [0x0000000080000000,0x0000000081b81398,0x0000000084300000)
 Metaspace       used 34874K, committed 35840K, reserved 1114112K
  class space    used 3528K, committed 3968K, reserved 1048576K
}
Event: 15.461 GC heap before
{Heap before GC invocations=19 (full 2):
 PSYoungGen      total 22528K, used 21504K [0x00000000d5580000, 0x00000000d6e80000, 0x0000000100000000)
  eden space 21504K, 100% used [0x00000000d5580000,0x00000000d6a80000,0x00000000d6a80000)
  from space 1024K, 0% used [0x00000000d6d80000,0x00000000d6d80000,0x00000000d6e80000)
  to   space 1536K, 0% used [0x00000000d6b80000,0x00000000d6b80000,0x00000000d6d00000)
 ParOldGen       total 68608K, used 28164K [0x0000000080000000, 0x0000000084300000, 0x00000000d5580000)
  object space 68608K, 41% used [0x0000000080000000,0x0000000081b81398,0x0000000084300000)
 Metaspace       used 36758K, committed 37760K, reserved 1114112K
  class space    used 3761K, committed 4160K, reserved 1048576K
}
Event: 15.463 GC heap after
{Heap after GC invocations=19 (full 2):
 PSYoungGen      total 22528K, used 1004K [0x00000000d5580000, 0x00000000d6e00000, 0x0000000100000000)
  eden space 21504K, 0% used [0x00000000d5580000,0x00000000d5580000,0x00000000d6a80000)
  from space 1024K, 98% used [0x00000000d6b80000,0x00000000d6c7b348,0x00000000d6c80000)
  to   space 1536K, 0% used [0x00000000d6c80000,0x00000000d6c80000,0x00000000d6e00000)
 ParOldGen       total 68608K, used 28172K [0x0000000080000000, 0x0000000084300000, 0x00000000d5580000)
  object space 68608K, 41% used [0x0000000080000000,0x0000000081b83398,0x0000000084300000)
 Metaspace       used 36758K, committed 37760K, reserved 1114112K
  class space    used 3761K, committed 4160K, reserved 1048576K
}
Event: 16.721 GC heap before
{Heap before GC invocations=20 (full 2):
 PSYoungGen      total 22528K, used 22508K [0x00000000d5580000, 0x00000000d6e00000, 0x0000000100000000)
  eden space 21504K, 100% used [0x00000000d5580000,0x00000000d6a80000,0x00000000d6a80000)
  from space 1024K, 98% used [0x00000000d6b80000,0x00000000d6c7b348,0x00000000d6c80000)
  to   space 1536K, 0% used [0x00000000d6c80000,0x00000000d6c80000,0x00000000d6e00000)
 ParOldGen       total 68608K, used 28172K [0x0000000080000000, 0x0000000084300000, 0x00000000d5580000)
  object space 68608K, 41% used [0x0000000080000000,0x0000000081b83398,0x0000000084300000)
 Metaspace       used 38585K, committed 39552K, reserved 1114112K
  class space    used 3933K, committed 4352K, reserved 1048576K
}
Event: 16.723 GC heap after
{Heap after GC invocations=20 (full 2):
 PSYoungGen      total 22528K, used 832K [0x00000000d5580000, 0x00000000d6d80000, 0x0000000100000000)
  eden space 21504K, 0% used [0x00000000d5580000,0x00000000d5580000,0x00000000d6a80000)
  from space 1024K, 81% used [0x00000000d6c80000,0x00000000d6d50000,0x00000000d6d80000)
  to   space 1024K, 0% used [0x00000000d6b80000,0x00000000d6b80000,0x00000000d6c80000)
 ParOldGen       total 68608K, used 28955K [0x0000000080000000, 0x0000000084300000, 0x00000000d5580000)
  object space 68608K, 42% used [0x0000000080000000,0x0000000081c46e28,0x0000000084300000)
 Metaspace       used 38585K, committed 39552K, reserved 1114112K
  class space    used 3933K, committed 4352K, reserved 1048576K
}
Event: 18.268 GC heap before
{Heap before GC invocations=21 (full 2):
 PSYoungGen      total 22528K, used 22336K [0x00000000d5580000, 0x00000000d6d80000, 0x0000000100000000)
  eden space 21504K, 100% used [0x00000000d5580000,0x00000000d6a80000,0x00000000d6a80000)
  from space 1024K, 81% used [0x00000000d6c80000,0x00000000d6d50000,0x00000000d6d80000)
  to   space 1024K, 0% used [0x00000000d6b80000,0x00000000d6b80000,0x00000000d6c80000)
 ParOldGen       total 68608K, used 28955K [0x0000000080000000, 0x0000000084300000, 0x00000000d5580000)
  object space 68608K, 42% used [0x0000000080000000,0x0000000081c46e28,0x0000000084300000)
 Metaspace       used 41028K, committed 41984K, reserved 1114112K
  class space    used 4173K, committed 4608K, reserved 1048576K
}
Event: 18.273 GC heap after
{Heap after GC invocations=21 (full 2):
 PSYoungGen      total 22528K, used 1005K [0x00000000d5580000, 0x00000000d7380000, 0x0000000100000000)
  eden space 21504K, 0% used [0x00000000d5580000,0x00000000d5580000,0x00000000d6a80000)
  from space 1024K, 98% used [0x00000000d6b80000,0x00000000d6c7b5a0,0x00000000d6c80000)
  to   space 4608K, 0% used [0x00000000d6f00000,0x00000000d6f00000,0x00000000d7380000)
 ParOldGen       total 68608K, used 31577K [0x0000000080000000, 0x0000000084300000, 0x00000000d5580000)
  object space 68608K, 46% used [0x0000000080000000,0x0000000081ed6528,0x0000000084300000)
 Metaspace       used 41028K, committed 41984K, reserved 1114112K
  class space    used 4173K, committed 4608K, reserved 1048576K
}
Event: 20.340 GC heap before
{Heap before GC invocations=22 (full 2):
 PSYoungGen      total 22528K, used 22509K [0x00000000d5580000, 0x00000000d7380000, 0x0000000100000000)
  eden space 21504K, 100% used [0x00000000d5580000,0x00000000d6a80000,0x00000000d6a80000)
  from space 1024K, 98% used [0x00000000d6b80000,0x00000000d6c7b5a0,0x00000000d6c80000)
  to   space 4608K, 0% used [0x00000000d6f00000,0x00000000d6f00000,0x00000000d7380000)
 ParOldGen       total 68608K, used 31577K [0x0000000080000000, 0x0000000084300000, 0x00000000d5580000)
  object space 68608K, 46% used [0x0000000080000000,0x0000000081ed6528,0x0000000084300000)
 Metaspace       used 42548K, committed 43648K, reserved 1114112K
  class space    used 4261K, committed 4736K, reserved 1048576K
}
Event: 20.348 GC heap after
{Heap after GC invocations=22 (full 2):
 PSYoungGen      total 25600K, used 3800K [0x00000000d5580000, 0x00000000d7300000, 0x0000000100000000)
  eden space 21504K, 0% used [0x00000000d5580000,0x00000000d5580000,0x00000000d6a80000)
  from space 4096K, 92% used [0x00000000d6f00000,0x00000000d72b62c0,0x00000000d7300000)
  to   space 4096K, 0% used [0x00000000d6b00000,0x00000000d6b00000,0x00000000d6f00000)
 ParOldGen       total 68608K, used 32619K [0x0000000080000000, 0x0000000084300000, 0x00000000d5580000)
  object space 68608K, 47% used [0x0000000080000000,0x0000000081fdae30,0x0000000084300000)
 Metaspace       used 42548K, committed 43648K, reserved 1114112K
  class space    used 4261K, committed 4736K, reserved 1048576K
}
Event: 152.754 GC heap before
{Heap before GC invocations=23 (full 2):
 PSYoungGen      total 25600K, used 25304K [0x00000000d5580000, 0x00000000d7300000, 0x0000000100000000)
  eden space 21504K, 100% used [0x00000000d5580000,0x00000000d6a80000,0x00000000d6a80000)
  from space 4096K, 92% used [0x00000000d6f00000,0x00000000d72b62c0,0x00000000d7300000)
  to   space 4096K, 0% used [0x00000000d6b00000,0x00000000d6b00000,0x00000000d6f00000)
 ParOldGen       total 68608K, used 32619K [0x0000000080000000, 0x0000000084300000, 0x00000000d5580000)
  object space 68608K, 47% used [0x0000000080000000,0x0000000081fdae30,0x0000000084300000)
 Metaspace       used 43654K, committed 44672K, reserved 1114112K
  class space    used 4385K, committed 4864K, reserved 1048576K
}
Event: 152.763 GC heap after
{Heap after GC invocations=23 (full 2):
 PSYoungGen      total 24064K, used 2446K [0x00000000d5580000, 0x00000000d7080000, 0x0000000100000000)
  eden space 21504K, 0% used [0x00000000d5580000,0x00000000d5580000,0x00000000d6a80000)
  from space 2560K, 95% used [0x00000000d6b00000,0x00000000d6d63b90,0x00000000d6d80000)
  to   space 3072K, 0% used [0x00000000d6d80000,0x00000000d6d80000,0x00000000d7080000)
 ParOldGen       total 68608K, used 36187K [0x0000000080000000, 0x0000000084300000, 0x00000000d5580000)
  object space 68608K, 52% used [0x0000000080000000,0x0000000082356d90,0x0000000084300000)
 Metaspace       used 43654K, committed 44672K, reserved 1114112K
  class space    used 4385K, committed 4864K, reserved 1048576K
}
Event: 158.830 GC heap before
{Heap before GC invocations=24 (full 2):
 PSYoungGen      total 24064K, used 23950K [0x00000000d5580000, 0x00000000d7080000, 0x0000000100000000)
  eden space 21504K, 100% used [0x00000000d5580000,0x00000000d6a80000,0x00000000d6a80000)
  from space 2560K, 95% used [0x00000000d6b00000,0x00000000d6d63b90,0x00000000d6d80000)
  to   space 3072K, 0% used [0x00000000d6d80000,0x00000000d6d80000,0x00000000d7080000)
 ParOldGen       total 68608K, used 36187K [0x0000000080000000, 0x0000000084300000, 0x00000000d5580000)
  object space 68608K, 52% used [0x0000000080000000,0x0000000082356d90,0x0000000084300000)
 Metaspace       used 44031K, committed 45120K, reserved 1114112K
  class space    used 4391K, committed 4864K, reserved 1048576K
}
Event: 158.835 GC heap after
{Heap after GC invocations=24 (full 2):
 PSYoungGen      total 23552K, used 2034K [0x00000000d5580000, 0x00000000d6f80000, 0x0000000100000000)
  eden space 21504K, 0% used [0x00000000d5580000,0x00000000d5580000,0x00000000d6a80000)
  from space 2048K, 99% used [0x00000000d6d80000,0x00000000d6f7caa0,0x00000000d6f80000)
  to   space 2560K, 0% used [0x00000000d6a80000,0x00000000d6a80000,0x00000000d6d00000)
 ParOldGen       total 68608K, used 37377K [0x0000000080000000, 0x0000000084300000, 0x00000000d5580000)
  object space 68608K, 54% used [0x0000000080000000,0x00000000824804a0,0x0000000084300000)
 Metaspace       used 44031K, committed 45120K, reserved 1114112K
  class space    used 4391K, committed 4864K, reserved 1048576K
}
Event: 173.087 GC heap before
{Heap before GC invocations=25 (full 2):
 PSYoungGen      total 23552K, used 23538K [0x00000000d5580000, 0x00000000d6f80000, 0x0000000100000000)
  eden space 21504K, 100% used [0x00000000d5580000,0x00000000d6a80000,0x00000000d6a80000)
  from space 2048K, 99% used [0x00000000d6d80000,0x00000000d6f7caa0,0x00000000d6f80000)
  to   space 2560K, 0% used [0x00000000d6a80000,0x00000000d6a80000,0x00000000d6d00000)
 ParOldGen       total 68608K, used 37377K [0x0000000080000000, 0x0000000084300000, 0x00000000d5580000)
  object space 68608K, 54% used [0x0000000080000000,0x00000000824804a0,0x0000000084300000)
 Metaspace       used 44336K, committed 45440K, reserved 1114112K
  class space    used 4399K, committed 4864K, reserved 1048576K
}
Event: 173.088 GC heap after
{Heap after GC invocations=25 (full 2):
 PSYoungGen      total 22528K, used 864K [0x00000000d5580000, 0x00000000d6e00000, 0x0000000100000000)
  eden space 21504K, 0% used [0x00000000d5580000,0x00000000d5580000,0x00000000d6a80000)
  from space 1024K, 84% used [0x00000000d6a80000,0x00000000d6b58020,0x00000000d6b80000)
  to   space 1536K, 0% used [0x00000000d6c80000,0x00000000d6c80000,0x00000000d6e00000)
 ParOldGen       total 68608K, used 38093K [0x0000000080000000, 0x0000000084300000, 0x00000000d5580000)
  object space 68608K, 55% used [0x0000000080000000,0x00000000825337a0,0x0000000084300000)
 Metaspace       used 44336K, committed 45440K, reserved 1114112K
  class space    used 4399K, committed 4864K, reserved 1048576K
}
Event: 178.945 GC heap before
{Heap before GC invocations=26 (full 2):
 PSYoungGen      total 22528K, used 22368K [0x00000000d5580000, 0x00000000d6e00000, 0x0000000100000000)
  eden space 21504K, 100% used [0x00000000d5580000,0x00000000d6a80000,0x00000000d6a80000)
  from space 1024K, 84% used [0x00000000d6a80000,0x00000000d6b58020,0x00000000d6b80000)
  to   space 1536K, 0% used [0x00000000d6c80000,0x00000000d6c80000,0x00000000d6e00000)
 ParOldGen       total 68608K, used 38093K [0x0000000080000000, 0x0000000084300000, 0x00000000d5580000)
  object space 68608K, 55% used [0x0000000080000000,0x00000000825337a0,0x0000000084300000)
 Metaspace       used 44505K, committed 45568K, reserved 1114112K
  class space    used 4401K, committed 4864K, reserved 1048576K
}
Event: 178.946 GC heap after
{Heap after GC invocations=26 (full 2):
 PSYoungGen      total 22528K, used 975K [0x00000000d5580000, 0x00000000d6d80000, 0x0000000100000000)
  eden space 21504K, 0% used [0x00000000d5580000,0x00000000d5580000,0x00000000d6a80000)
  from space 1024K, 95% used [0x00000000d6c80000,0x00000000d6d73fe0,0x00000000d6d80000)
  to   space 1024K, 0% used [0x00000000d6a80000,0x00000000d6a80000,0x00000000d6b80000)
 ParOldGen       total 68608K, used 38740K [0x0000000080000000, 0x0000000084300000, 0x00000000d5580000)
  object space 68608K, 56% used [0x0000000080000000,0x00000000825d5078,0x0000000084300000)
 Metaspace       used 44505K, committed 45568K, reserved 1114112K
  class space    used 4401K, committed 4864K, reserved 1048576K
}

Dll operation events (20 events):
Event: 0.155 Attempting to load shared library C:\Users\aflahal01\.vscode\extensions\redhat.java-1.56.0-win32-x64\jre\21.0.12.1-win32-x86_64\bin\instrument.dll
Event: 0.155 Loaded shared library C:\Users\aflahal01\.vscode\extensions\redhat.java-1.56.0-win32-x64\jre\21.0.12.1-win32-x86_64\bin\instrument.dll
Event: 0.158 Attempting to load shared library C:\Users\aflahal01\.vscode\extensions\redhat.java-1.56.0-win32-x64\jre\21.0.12.1-win32-x86_64\bin\net.dll
Event: 0.226 Loaded shared library C:\Users\aflahal01\.vscode\extensions\redhat.java-1.56.0-win32-x64\jre\21.0.12.1-win32-x86_64\bin\net.dll
Event: 0.229 Attempting to load shared library C:\Users\aflahal01\.vscode\extensions\redhat.java-1.56.0-win32-x64\jre\21.0.12.1-win32-x86_64\bin\nio.dll
Event: 0.265 Loaded shared library C:\Users\aflahal01\.vscode\extensions\redhat.java-1.56.0-win32-x64\jre\21.0.12.1-win32-x86_64\bin\nio.dll
Event: 0.268 Attempting to load shared library C:\Users\aflahal01\.vscode\extensions\redhat.java-1.56.0-win32-x64\jre\21.0.12.1-win32-x86_64\bin\zip.dll
Event: 0.269 Loaded shared library C:\Users\aflahal01\.vscode\extensions\redhat.java-1.56.0-win32-x64\jre\21.0.12.1-win32-x86_64\bin\zip.dll
Event: 0.283 Attempting to load shared library C:\Users\aflahal01\.vscode\extensions\redhat.java-1.56.0-win32-x64\jre\21.0.12.1-win32-x86_64\bin\jimage.dll
Event: 0.283 Loaded shared library C:\Users\aflahal01\.vscode\extensions\redhat.java-1.56.0-win32-x64\jre\21.0.12.1-win32-x86_64\bin\jimage.dll
Event: 0.336 Attempting to load shared library c:\Users\aflahal01\.vscode\extensions\redhat.java-1.56.0-win32-x64\jre\21.0.12.1-win32-x86_64\bin\verify.dll
Event: 0.369 Loaded shared library c:\Users\aflahal01\.vscode\extensions\redhat.java-1.56.0-win32-x64\jre\21.0.12.1-win32-x86_64\bin\verify.dll
Event: 8.762 Attempting to load shared library C:\Users\aflahal01\AppData\Roaming\Code\User\globalStorage\redhat.java\1.56.0\config_ss_win\org.eclipse.equinox.launcher\org.eclipse.equinox.launcher.win32.win32.x86_64_1.3.100.v20260804-1928\eclipse_11924.dll
Event: 8.898 Loaded shared library C:\Users\aflahal01\AppData\Roaming\Code\User\globalStorage\redhat.java\1.56.0\config_ss_win\org.eclipse.equinox.launcher\org.eclipse.equinox.launcher.win32.win32.x86_64_1.3.100.v20260804-1928\eclipse_11924.dll
Event: 9.329 Attempting to load shared library C:\Users\aflahal01\.vscode\extensions\redhat.java-1.56.0-win32-x64\jre\21.0.12.1-win32-x86_64\bin\management.dll
Event: 9.357 Loaded shared library C:\Users\aflahal01\.vscode\extensions\redhat.java-1.56.0-win32-x64\jre\21.0.12.1-win32-x86_64\bin\management.dll
Event: 9.361 Attempting to load shared library C:\Users\aflahal01\.vscode\extensions\redhat.java-1.56.0-win32-x64\jre\21.0.12.1-win32-x86_64\bin\management_ext.dll
Event: 9.388 Loaded shared library C:\Users\aflahal01\.vscode\extensions\redhat.java-1.56.0-win32-x64\jre\21.0.12.1-win32-x86_64\bin\management_ext.dll
Event: 10.455 Attempting to load shared library C:\Users\aflahal01\AppData\Local\Temp\jna--1909177414\jna12113427679460887556.dll
Event: 10.548 Loaded shared library C:\Users\aflahal01\AppData\Local\Temp\jna--1909177414\jna12113427679460887556.dll

Deoptimization events (20 events):
Event: 348.953 Thread 0x000001aedd324820 Uncommon trap: trap_request=0xffffffde fr.pc=0x000001aed03ed834 relative=0x00000000000001f4
Event: 348.953 Thread 0x000001aedd324820 Uncommon trap: reason=class_check action=maybe_recompile pc=0x000001aed03ed834 method=org.eclipse.jdt.internal.core.util.Util.equalArraysOrNull([Ljava/lang/Object;[Ljava/lang/Object;)Z @ 55 c2
Event: 348.953 Thread 0x000001aedd324820 DEOPT PACKING pc=0x000001aed03ed834 sp=0x00000022a9ffe260
Event: 348.953 Thread 0x000001aedd324820 DEOPT UNPACKING pc=0x000001aecf9e3aa2 sp=0x00000022a9ffe1f8 mode 2
Event: 450.918 Thread 0x000001aedd326260 Uncommon trap: trap_request=0xffffffde fr.pc=0x000001aed013b8d4 relative=0x0000000000000634
Event: 450.918 Thread 0x000001aedd326260 Uncommon trap: reason=class_check action=maybe_recompile pc=0x000001aed013b8d4 method=java.util.Spliterators$1Adapter.hasNext()Z @ 12 c2
Event: 450.961 Thread 0x000001aedd326260 DEOPT PACKING pc=0x000001aed013b8d4 sp=0x00000022aa0fe8b0
Event: 450.962 Thread 0x000001aedd326260 DEOPT UNPACKING pc=0x000001aecf9e3aa2 sp=0x00000022aa0fe868 mode 2
Event: 1169.031 Thread 0x000001aedd326260 DEOPT PACKING pc=0x000001aec970685a sp=0x00000022aa0fe1d0
Event: 1169.032 Thread 0x000001aedd326260 DEOPT UNPACKING pc=0x000001aecf9e4242 sp=0x00000022aa0fd6e8 mode 0
Event: 1169.128 Thread 0x000001aee44e2980 Uncommon trap: trap_request=0xffffff45 fr.pc=0x000001aed03bc9bc relative=0x0000000000004dfc
Event: 1169.128 Thread 0x000001aee44e2980 Uncommon trap: reason=unstable_if action=reinterpret pc=0x000001aed03bc9bc method=org.eclipse.jdt.internal.compiler.classfmt.ClassFileReader.<init>([B[CZ)V @ 563 c2
Event: 1169.129 Thread 0x000001aee44e2980 DEOPT PACKING pc=0x000001aed03bc9bc sp=0x00000022a6bfdeb0
Event: 1169.129 Thread 0x000001aee44e2980 DEOPT UNPACKING pc=0x000001aecf9e3aa2 sp=0x00000022a6bfde60 mode 2
Event: 1169.129 Thread 0x000001aee44e2980 Uncommon trap: trap_request=0xffffff45 fr.pc=0x000001aed04530d4 relative=0x0000000000001c94
Event: 1169.129 Thread 0x000001aee44e2980 Uncommon trap: reason=unstable_if action=reinterpret pc=0x000001aed04530d4 method=org.eclipse.jdt.internal.compiler.classfmt.MethodInfo.createMethod([B[IIJ)Lorg/eclipse/jdt/internal/compiler/classfmt/MethodInfo; @ 92 c2
Event: 1169.129 Thread 0x000001aee44e2980 DEOPT PACKING pc=0x000001aed04530d4 sp=0x00000022a6bfddb0
Event: 1169.130 Thread 0x000001aee44e2980 DEOPT UNPACKING pc=0x000001aecf9e3aa2 sp=0x00000022a6bfdd48 mode 2
Event: 1169.364 Thread 0x000001aee44e2980 DEOPT PACKING pc=0x000001aec9834f22 sp=0x00000022a6bfd180
Event: 1169.364 Thread 0x000001aee44e2980 DEOPT UNPACKING pc=0x000001aecf9e4242 sp=0x00000022a6bfc6f8 mode 0

Classes loaded (20 events):
Event: 20.550 Loading class java/util/stream/Nodes$CollectorTask done
Event: 20.550 Loading class java/util/stream/Nodes$CollectorTask$OfRef done
Event: 20.550 Loading class java/util/function/LongFunction
Event: 20.550 Loading class java/util/function/LongFunction done
Event: 20.551 Loading class java/util/stream/Nodes$ConcNode
Event: 20.552 Loading class java/util/stream/Nodes$AbstractConcNode
Event: 20.552 Loading class java/util/stream/Nodes$AbstractConcNode done
Event: 20.552 Loading class java/util/stream/Nodes$ConcNode done
Event: 149.906 Loading class java/util/Collections$SynchronizedRandomAccessList
Event: 149.906 Loading class java/util/Collections$SynchronizedList
Event: 149.906 Loading class java/util/Collections$SynchronizedList done
Event: 149.906 Loading class java/util/Collections$SynchronizedRandomAccessList done
Event: 149.950 Loading class java/util/regex/PatternSyntaxException
Event: 149.950 Loading class java/util/regex/PatternSyntaxException done
Event: 150.129 Loading class java/util/stream/DistinctOps
Event: 150.129 Loading class java/util/stream/DistinctOps done
Event: 150.129 Loading class java/util/stream/DistinctOps$1
Event: 150.135 Loading class java/util/stream/DistinctOps$1 done
Event: 150.136 Loading class java/util/stream/DistinctOps$1$2
Event: 150.137 Loading class java/util/stream/DistinctOps$1$2 done

Classes unloaded (17 events):
Event: 9.995 Thread 0x000001aec52ffa40 Unloading class 0x000001ae8118dc00 'java/lang/invoke/LambdaForm$MH+0x000001ae8118dc00'
Event: 9.995 Thread 0x000001aec52ffa40 Unloading class 0x000001ae8118d800 'java/lang/invoke/LambdaForm$MH+0x000001ae8118d800'
Event: 9.995 Thread 0x000001aec52ffa40 Unloading class 0x000001ae8118d400 'java/lang/invoke/LambdaForm$MH+0x000001ae8118d400'
Event: 9.995 Thread 0x000001aec52ffa40 Unloading class 0x000001ae8118d000 'java/lang/invoke/LambdaForm$MH+0x000001ae8118d000'
Event: 9.995 Thread 0x000001aec52ffa40 Unloading class 0x000001ae8118cc00 'java/lang/invoke/LambdaForm$BMH+0x000001ae8118cc00'
Event: 9.995 Thread 0x000001aec52ffa40 Unloading class 0x000001ae8118c800 'java/lang/invoke/LambdaForm$DMH+0x000001ae8118c800'
Event: 9.995 Thread 0x000001aec52ffa40 Unloading class 0x000001ae8118b400 'java/lang/invoke/LambdaForm$DMH+0x000001ae8118b400'
Event: 14.400 Thread 0x000001aec52ffa40 Unloading class 0x000001ae813c0800 'java/lang/invoke/LambdaForm$MH+0x000001ae813c0800'
Event: 14.400 Thread 0x000001aec52ffa40 Unloading class 0x000001ae813c0400 'java/lang/invoke/LambdaForm$MH+0x000001ae813c0400'
Event: 14.400 Thread 0x000001aec52ffa40 Unloading class 0x000001ae813bf000 'java/lang/invoke/LambdaForm$MH+0x000001ae813bf000'
Event: 14.400 Thread 0x000001aec52ffa40 Unloading class 0x000001ae813bb400 'java/lang/invoke/LambdaForm$MH+0x000001ae813bb400'
Event: 14.400 Thread 0x000001aec52ffa40 Unloading class 0x000001ae813bac00 'java/lang/invoke/LambdaForm$MH+0x000001ae813bac00'
Event: 14.400 Thread 0x000001aec52ffa40 Unloading class 0x000001ae813ba800 'java/lang/invoke/LambdaForm$MH+0x000001ae813ba800'
Event: 14.400 Thread 0x000001aec52ffa40 Unloading class 0x000001ae813b9800 'java/lang/invoke/LambdaForm$MH+0x000001ae813b9800'
Event: 14.400 Thread 0x000001aec52ffa40 Unloading class 0x000001ae813b9000 'java/lang/invoke/LambdaForm$MH+0x000001ae813b9000'
Event: 14.400 Thread 0x000001aec52ffa40 Unloading class 0x000001ae813b8c00 'java/lang/invoke/LambdaForm$MH+0x000001ae813b8c00'
Event: 14.400 Thread 0x000001aec52ffa40 Unloading class 0x000001ae813b8000 'java/lang/invoke/LambdaForm$DMH+0x000001ae813b8000'

Classes redefined (0 events):
No events

Internal exceptions (20 events):
Event: 1169.104 Thread 0x000001aee44e2980 Implicit null exception at 0x000001aec925751b to 0x000001aec9257ad5
Event: 1169.104 Thread 0x000001aee44e2980 Exception <a 'java/lang/NullPointerException'{0x00000000d5fa31e8}> (0x00000000d5fa31e8) 
thrown [s\src\hotspot\share\runtime\sharedRuntime.cpp, line 625]
Event: 1169.104 Thread 0x000001aee44e2980 Implicit null exception at 0x000001aec925751b to 0x000001aec9257ad5
Event: 1169.104 Thread 0x000001aee44e2980 Exception <a 'java/lang/NullPointerException'{0x00000000d5fa37f8}> (0x00000000d5fa37f8) 
thrown [s\src\hotspot\share\runtime\sharedRuntime.cpp, line 625]
Event: 1169.104 Thread 0x000001aee44e2980 Implicit null exception at 0x000001aec925751b to 0x000001aec9257ad5
Event: 1169.104 Thread 0x000001aee44e2980 Exception <a 'java/lang/NullPointerException'{0x00000000d5fa3e08}> (0x00000000d5fa3e08) 
thrown [s\src\hotspot\share\runtime\sharedRuntime.cpp, line 625]
Event: 1169.104 Thread 0x000001aee44e2980 Implicit null exception at 0x000001aec925751b to 0x000001aec9257ad5
Event: 1169.104 Thread 0x000001aee44e2980 Exception <a 'java/lang/NullPointerException'{0x00000000d5fa4418}> (0x00000000d5fa4418) 
thrown [s\src\hotspot\share\runtime\sharedRuntime.cpp, line 625]
Event: 1169.104 Thread 0x000001aee44e2980 Implicit null exception at 0x000001aec925751b to 0x000001aec9257ad5
Event: 1169.104 Thread 0x000001aee44e2980 Exception <a 'java/lang/NullPointerException'{0x00000000d5fa4918}> (0x00000000d5fa4918) 
thrown [s\src\hotspot\share\runtime\sharedRuntime.cpp, line 625]
Event: 1169.104 Thread 0x000001aee44e2980 Implicit null exception at 0x000001aec925751b to 0x000001aec9257ad5
Event: 1169.104 Thread 0x000001aee44e2980 Exception <a 'java/lang/NullPointerException'{0x00000000d5fa66c0}> (0x00000000d5fa66c0) 
thrown [s\src\hotspot\share\runtime\sharedRuntime.cpp, line 625]
Event: 1169.104 Thread 0x000001aee44e2980 Implicit null exception at 0x000001aec925751b to 0x000001aec9257ad5
Event: 1169.104 Thread 0x000001aee44e2980 Exception <a 'java/lang/NullPointerException'{0x00000000d5fa6f60}> (0x00000000d5fa6f60) 
thrown [s\src\hotspot\share\runtime\sharedRuntime.cpp, line 625]
Event: 1169.104 Thread 0x000001aee44e2980 Implicit null exception at 0x000001aec925751b to 0x000001aec9257ad5
Event: 1169.104 Thread 0x000001aee44e2980 Exception <a 'java/lang/NullPointerException'{0x00000000d5fa7348}> (0x00000000d5fa7348) 
thrown [s\src\hotspot\share\runtime\sharedRuntime.cpp, line 625]
Event: 1169.104 Thread 0x000001aee44e2980 Implicit null exception at 0x000001aec925751b to 0x000001aec9257ad5
Event: 1169.104 Thread 0x000001aee44e2980 Exception <a 'java/lang/NullPointerException'{0x00000000d5fa79d0}> (0x00000000d5fa79d0) 
thrown [s\src\hotspot\share\runtime\sharedRuntime.cpp, line 625]
Event: 1169.104 Thread 0x000001aee44e2980 Implicit null exception at 0x000001aec925751b to 0x000001aec9257ad5
Event: 1169.104 Thread 0x000001aee44e2980 Exception <a 'java/lang/NullPointerException'{0x00000000d5fa8030}> (0x00000000d5fa8030) 
thrown [s\src\hotspot\share\runtime\sharedRuntime.cpp, line 625]

ZGC Phase Switch (0 events):
No events

VM Operations (20 events):
Event: 421.089 Executing non-safepoint VM operation: HandshakeAllThreads (HandshakeForDeflation)
Event: 421.089 Executing non-safepoint VM operation: HandshakeAllThreads (HandshakeForDeflation) done
Event: 421.089 Executing non-safepoint VM operation: RendezvousGCThreads
Event: 421.089 Executing non-safepoint VM operation: RendezvousGCThreads done
Event: 450.250 Executing safepoint VM operation: Cleanup
Event: 450.328 Executing safepoint VM operation: Cleanup done
Event: 451.338 Executing safepoint VM operation: Cleanup
Event: 451.338 Executing safepoint VM operation: Cleanup done
Event: 452.343 Executing safepoint VM operation: Cleanup
Event: 452.343 Executing safepoint VM operation: Cleanup done
Event: 481.104 Executing non-safepoint VM operation: HandshakeAllThreads (HandshakeForDeflation)
Event: 481.104 Executing non-safepoint VM operation: HandshakeAllThreads (HandshakeForDeflation) done
Event: 481.104 Executing non-safepoint VM operation: RendezvousGCThreads
Event: 481.104 Executing non-safepoint VM operation: RendezvousGCThreads done
Event: 1169.223 Executing safepoint VM operation: Cleanup
Event: 1169.230 Executing safepoint VM operation: Cleanup done
Event: 1169.230 Executing non-safepoint VM operation: HandshakeAllThreads (Deoptimize)
Event: 1169.234 Executing non-safepoint VM operation: HandshakeAllThreads (Deoptimize) done
Event: 1169.330 Executing non-safepoint VM operation: HandshakeAllThreads (Deoptimize)
Event: 1169.330 Executing non-safepoint VM operation: HandshakeAllThreads (Deoptimize) done

Memory protections (0 events):
No events

Nmethod flushes (20 events):
Event: 14.410 Thread 0x000001aec52ffa40 flushing  nmethod 0x000001aec888c790
Event: 14.410 Thread 0x000001aec52ffa40 flushing  nmethod 0x000001aec88a4a90
Event: 14.410 Thread 0x000001aec52ffa40 flushing  nmethod 0x000001aec88a6b90
Event: 14.410 Thread 0x000001aec52ffa40 flushing  nmethod 0x000001aec88a6f90
Event: 14.410 Thread 0x000001aec52ffa40 flushing  nmethod 0x000001aec88bc890
Event: 14.410 Thread 0x000001aec52ffa40 flushing  nmethod 0x000001aec88bd290
Event: 14.410 Thread 0x000001aec52ffa40 flushing  nmethod 0x000001aec88c1110
Event: 14.410 Thread 0x000001aec52ffa40 flushing  nmethod 0x000001aec88c3890
Event: 14.410 Thread 0x000001aec52ffa40 flushing  nmethod 0x000001aec8902290
Event: 14.410 Thread 0x000001aec52ffa40 flushing  nmethod 0x000001aec8902b10
Event: 14.410 Thread 0x000001aec52ffa40 flushing  nmethod 0x000001aec8902f10
Event: 14.410 Thread 0x000001aec52ffa40 flushing  nmethod 0x000001aec8903890
Event: 14.410 Thread 0x000001aec52ffa40 flushing  nmethod 0x000001aec890c190
Event: 14.410 Thread 0x000001aec52ffa40 flushing  nmethod 0x000001aec890cf90
Event: 14.410 Thread 0x000001aec52ffa40 flushing  nmethod 0x000001aec8910990
Event: 14.410 Thread 0x000001aec52ffa40 flushing  nmethod 0x000001aec8910e90
Event: 14.410 Thread 0x000001aec52ffa40 flushing  nmethod 0x000001aec8913890
Event: 14.410 Thread 0x000001aec52ffa40 flushing  nmethod 0x000001aec8914310
Event: 14.410 Thread 0x000001aec52ffa40 flushing  nmethod 0x000001aec891c310
Event: 14.410 Thread 0x000001aec52ffa40 flushing  nmethod 0x000001aec891d590

Events (20 events):
Event: 320.364 Thread 0x000001aee3b8c5c0 Thread exited: 0x000001aee3b8c5c0
Event: 320.364 Thread 0x000001aee3b8d2e0 Thread exited: 0x000001aee3b8d2e0
Event: 320.367 Thread 0x000001aee44e36a0 Thread exited: 0x000001aee44e36a0
Event: 320.369 Thread 0x000001aee3b8e690 Thread exited: 0x000001aee3b8e690
Event: 320.369 Thread 0x000001aee3b88ab0 Thread exited: 0x000001aee3b88ab0
Event: 320.489 Thread 0x000001aee44e2980 Thread exited: 0x000001aee44e2980
Event: 450.831 Thread 0x000001aee3b8a4f0 Thread exited: 0x000001aee3b8a4f0
Event: 451.182 Thread 0x000001aedd326260 Thread added: 0x000001aee44e22f0
Event: 451.282 Thread 0x000001aee44e22f0 Thread exited: 0x000001aee44e22f0
Event: 454.098 Thread 0x000001aee3b89e60 Thread exited: 0x000001aee3b89e60
Event: 454.772 Thread 0x000001aee3b88420 Thread exited: 0x000001aee3b88420
Event: 454.772 Thread 0x000001aee3b87070 Thread exited: 0x000001aee3b87070
Event: 456.082 Thread 0x000001aee3b8b210 Thread exited: 0x000001aee3b8b210
Event: 460.312 Thread 0x000001aee3b897d0 Thread exited: 0x000001aee3b897d0
Event: 473.104 Thread 0x000001aee3b8b8a0 Thread exited: 0x000001aee3b8b8a0
Event: 473.152 Thread 0x000001aee3b87d90 Thread exited: 0x000001aee3b87d90
Event: 474.762 Thread 0x000001aee3b8ab80 Thread exited: 0x000001aee3b8ab80
Event: 476.814 Thread 0x000001aee3b87700 Thread exited: 0x000001aee3b87700
Event: 1169.019 Thread 0x000001aedd326260 Thread added: 0x000001aee44e22f0
Event: 1169.100 Thread 0x000001aedd326260 Thread added: 0x000001aee44e2980


Dynamic libraries:
0x00007ff65d0d0000 - 0x00007ff65d0de000 	c:\Users\aflahal01\.vscode\extensions\redhat.java-1.56.0-win32-x64\jre\21.0.12.1-win32-x86_64\bin\java.exe
0x00007fff2d920000 - 0x00007fff2db87000 	C:\WINDOWS\SYSTEM32\ntdll.dll
0x00007fff2c0e0000 - 0x00007fff2c1ab000 	C:\WINDOWS\System32\KERNEL32.DLL
0x00007fff2ae00000 - 0x00007fff2b202000 	C:\WINDOWS\System32\KERNELBASE.dll
0x00007fff2b210000 - 0x00007fff2b35c000 	C:\WINDOWS\System32\ucrtbase.dll
0x00007ffeec3c0000 - 0x00007ffeec3d8000 	c:\Users\aflahal01\.vscode\extensions\redhat.java-1.56.0-win32-x64\jre\21.0.12.1-win32-x86_64\bin\jli.dll
0x00007fff2cbb0000 - 0x00007fff2cd7f000 	C:\WINDOWS\System32\USER32.dll
0x00007fff2b370000 - 0x00007fff2b397000 	C:\WINDOWS\System32\win32u.dll
0x00007fff2ca60000 - 0x00007fff2ca8b000 	C:\WINDOWS\System32\GDI32.dll
0x00007fff2b460000 - 0x00007fff2b589000 	C:\WINDOWS\System32\gdi32full.dll
0x00007fff2b590000 - 0x00007fff2b633000 	C:\WINDOWS\System32\msvcp_win.dll
0x00007fff0c890000 - 0x00007fff0cb20000 	C:\WINDOWS\WinSxS\amd64_microsoft.windows.common-controls_6595b64144ccf1df_6.0.26100.9278_none_3e0d1ba8e3303201\COMCTL32.dll
0x00007ffeec230000 - 0x00007ffeec24e000 	c:\Users\aflahal01\.vscode\extensions\redhat.java-1.56.0-win32-x64\jre\21.0.12.1-win32-x86_64\bin\VCRUNTIME140.dll
0x00007fff2d4c0000 - 0x00007fff2d569000 	C:\WINDOWS\System32\msvcrt.dll
0x00007fff2d2d0000 - 0x00007fff2d301000 	C:\WINDOWS\System32\IMM32.DLL
0x00007ffeec3f0000 - 0x00007ffeec3fc000 	c:\Users\aflahal01\.vscode\extensions\redhat.java-1.56.0-win32-x64\jre\21.0.12.1-win32-x86_64\bin\vcruntime140_1.dll
0x00007ffec5210000 - 0x00007ffec529d000 	c:\Users\aflahal01\.vscode\extensions\redhat.java-1.56.0-win32-x64\jre\21.0.12.1-win32-x86_64\bin\msvcp140.dll
0x00007ffe2f330000 - 0x00007ffe300d2000 	c:\Users\aflahal01\.vscode\extensions\redhat.java-1.56.0-win32-x64\jre\21.0.12.1-win32-x86_64\bin\server\jvm.dll
0x00007fff2c010000 - 0x00007fff2c0cc000 	C:\WINDOWS\System32\ADVAPI32.dll
0x00007fff2cd90000 - 0x00007fff2ce39000 	C:\WINDOWS\System32\sechost.dll
0x00007fff2ca90000 - 0x00007fff2cba8000 	C:\WINDOWS\System32\RPCRT4.dll
0x00007fff2d310000 - 0x00007fff2d390000 	C:\WINDOWS\System32\WS2_32.dll
0x00007fff2a980000 - 0x00007fff2a9de000 	C:\WINDOWS\SYSTEM32\POWRPROF.dll
0x00007fff25060000 - 0x00007fff25096000 	C:\WINDOWS\SYSTEM32\WINMM.dll
0x00007fff0cb40000 - 0x00007fff0cb4b000 	C:\WINDOWS\SYSTEM32\VERSION.dll
0x00007fff2a960000 - 0x00007fff2a975000 	C:\WINDOWS\SYSTEM32\UMPDC.dll
0x00007fff297f0000 - 0x00007fff2980b000 	C:\WINDOWS\SYSTEM32\kernel.appcore.dll
0x00007ffeec380000 - 0x00007ffeec38a000 	c:\Users\aflahal01\.vscode\extensions\redhat.java-1.56.0-win32-x64\jre\21.0.12.1-win32-x86_64\bin\jimage.dll
0x00007fff27ec0000 - 0x00007fff2810c000 	C:\WINDOWS\SYSTEM32\DBGHELP.DLL
0x00007fff2b8e0000 - 0x00007fff2bc65000 	C:\WINDOWS\System32\combase.dll
0x00007fff2c980000 - 0x00007fff2ca59000 	C:\WINDOWS\System32\OLEAUT32.dll
0x00007fff14d80000 - 0x00007fff14dbb000 	C:\WINDOWS\SYSTEM32\dbgcore.DLL
0x00007fff2ab20000 - 0x00007fff2abcc000 	C:\WINDOWS\System32\bcryptPrimitives.dll
0x00007ffeec1f0000 - 0x00007ffeec1ff000 	c:\Users\aflahal01\.vscode\extensions\redhat.java-1.56.0-win32-x64\jre\21.0.12.1-win32-x86_64\bin\instrument.dll
0x00007ffeec170000 - 0x00007ffeec190000 	c:\Users\aflahal01\.vscode\extensions\redhat.java-1.56.0-win32-x64\jre\21.0.12.1-win32-x86_64\bin\java.dll
0x00007fff2c1b0000 - 0x00007fff2c948000 	C:\WINDOWS\System32\SHELL32.dll
0x00007fff28550000 - 0x00007fff28dfe000 	C:\WINDOWS\SYSTEM32\windows.storage.dll
0x00007fff2d3b0000 - 0x00007fff2d4ab000 	C:\WINDOWS\System32\SHCORE.dll
0x00007fff2bfa0000 - 0x00007fff2c006000 	C:\WINDOWS\System32\shlwapi.dll
0x00007fff2aa40000 - 0x00007fff2aa69000 	C:\WINDOWS\SYSTEM32\profapi.dll
0x00007ffeec000000 - 0x00007ffeec018000 	c:\Users\aflahal01\.vscode\extensions\redhat.java-1.56.0-win32-x64\jre\21.0.12.1-win32-x86_64\bin\zip.dll
0x00007ffee1040000 - 0x00007ffee1050000 	C:\Users\aflahal01\.vscode\extensions\redhat.java-1.56.0-win32-x64\jre\21.0.12.1-win32-x86_64\bin\net.dll
0x00007fff19b00000 - 0x00007fff19c2a000 	C:\WINDOWS\SYSTEM32\WINHTTP.dll
0x00007fff29db0000 - 0x00007fff29e1c000 	C:\WINDOWS\system32\mswsock.dll
0x00007ffee1020000 - 0x00007ffee1036000 	C:\Users\aflahal01\.vscode\extensions\redhat.java-1.56.0-win32-x64\jre\21.0.12.1-win32-x86_64\bin\nio.dll
0x00007ffedf1d0000 - 0x00007ffedf1e0000 	c:\Users\aflahal01\.vscode\extensions\redhat.java-1.56.0-win32-x64\jre\21.0.12.1-win32-x86_64\bin\verify.dll
0x00007ffec27a0000 - 0x00007ffec27e5000 	C:\Users\aflahal01\AppData\Roaming\Code\User\globalStorage\redhat.java\1.56.0\config_ss_win\org.eclipse.equinox.launcher\org.eclipse.equinox.launcher.win32.win32.x86_64_1.3.100.v20260804-1928\eclipse_11924.dll
0x00007fff2b720000 - 0x00007fff2b8ba000 	C:\WINDOWS\System32\ole32.dll
0x00007ffede710000 - 0x00007ffede71a000 	C:\Users\aflahal01\.vscode\extensions\redhat.java-1.56.0-win32-x64\jre\21.0.12.1-win32-x86_64\bin\management.dll
0x00007ffede700000 - 0x00007ffede70c000 	C:\Users\aflahal01\.vscode\extensions\redhat.java-1.56.0-win32-x64\jre\21.0.12.1-win32-x86_64\bin\management_ext.dll
0x00007fff2d3a0000 - 0x00007fff2d3a8000 	C:\WINDOWS\System32\PSAPI.DLL
0x00007fff2a0a0000 - 0x00007fff2a0bb000 	C:\WINDOWS\SYSTEM32\CRYPTSP.dll
0x00007fff29750000 - 0x00007fff29789000 	C:\WINDOWS\system32\rsaenh.dll
0x00007fff29e60000 - 0x00007fff29e94000 	C:\WINDOWS\SYSTEM32\USERENV.dll
0x00007fff2aa10000 - 0x00007fff2aa3a000 	C:\WINDOWS\SYSTEM32\bcrypt.dll
0x00007fff2a0c0000 - 0x00007fff2a0cc000 	C:\WINDOWS\SYSTEM32\CRYPTBASE.dll
0x00007fff29230000 - 0x00007fff29263000 	C:\WINDOWS\SYSTEM32\IPHLPAPI.DLL
0x00007fff2b640000 - 0x00007fff2b64a000 	C:\WINDOWS\System32\NSI.dll
0x00007ffec0240000 - 0x00007ffec0289000 	C:\Users\aflahal01\AppData\Local\Temp\jna--1909177414\jna12113427679460887556.dll
0x00007fff212c0000 - 0x00007fff212dd000 	C:\WINDOWS\SYSTEM32\dhcpcsvc6.DLL
0x00007fff20d70000 - 0x00007fff20d95000 	C:\WINDOWS\SYSTEM32\dhcpcsvc.DLL

JVMTI agents:
c:\Users\aflahal01\.vscode\extensions\redhat.java-1.56.0-win32-x64\lombok\lombok-1.18.39-4050.jar path:c:\Users\aflahal01\.vscode\extensions\redhat.java-1.56.0-win32-x64\jre\21.0.12.1-win32-x86_64\bin\instrument.dll, loaded, initialized, instrumentlib options:none

dbghelp: loaded successfully - version: 4.0.5 - missing functions: none
symbol engine: initialized successfully - sym options: 0x614 - pdb path: .;c:\Users\aflahal01\.vscode\extensions\redhat.java-1.56.0-win32-x64\jre\21.0.12.1-win32-x86_64\bin;C:\WINDOWS\SYSTEM32;C:\WINDOWS\WinSxS\amd64_microsoft.windows.common-controls_6595b64144ccf1df_6.0.26100.9278_none_3e0d1ba8e3303201;c:\Users\aflahal01\.vscode\extensions\redhat.java-1.56.0-win32-x64\jre\21.0.12.1-win32-x86_64\bin\server;C:\Users\aflahal01\AppData\Roaming\Code\User\globalStorage\redhat.java\1.56.0\config_ss_win\org.eclipse.equinox.launcher\org.eclipse.equinox.launcher.win32.win32.x86_64_1.3.100.v20260804-1928;C:\Users\aflahal01\AppData\Local\Temp\jna--1909177414

VM Arguments:
jvm_args: --add-modules=ALL-SYSTEM --add-opens=java.base/java.util=ALL-UNNAMED --add-opens=java.base/java.lang=ALL-UNNAMED --add-opens=java.base/sun.nio.fs=ALL-UNNAMED -Declipse.application=org.eclipse.jdt.ls.core.id1 -Dosgi.bundles.defaultStartLevel=4 -Declipse.product=org.eclipse.jdt.ls.core.product -Djava.import.generatesMetadataFilesAtProjectRoot=false -Dm2e.project.cache.size=50 -DDetectVMInstallationsJob.disabled=true -Dfile.encoding=utf8 -XX:+UseParallelGC -XX:GCTimeRatio=4 -XX:AdaptiveSizePolicyWeight=90 -Dsun.zip.disableMemoryMapping=true -Xmx2G -Xms100m -Xlog:disable -javaagent:c:\Users\aflahal01\.vscode\extensions\redhat.java-1.56.0-win32-x64\lombok\lombok-1.18.39-4050.jar 
java_command: c:\Users\aflahal01\.vscode\extensions\redhat.java-1.56.0-win32-x64\server\plugins\org.eclipse.equinox.launcher_1.8.0.v20260804-1928.jar -configuration c:\Users\aflahal01\AppData\Roaming\Code\User\globalStorage\redhat.java\1.56.0\config_ss_win -data c:\Users\aflahal01\AppData\Roaming\Code\User\workspaceStorage\fdc91bf71de9f9c91827a23778d3ed4e\redhat.java\ss_ws --pipe=\\.\pipe\lsp-8183b9b38117810758e6dd9d9f74e959-sock
java_class_path (initial): c:\Users\aflahal01\.vscode\extensions\redhat.java-1.56.0-win32-x64\server\plugins\org.eclipse.equinox.launcher_1.8.0.v20260804-1928.jar
Launcher Type: SUN_STANDARD

[Global flags]
    uintx AdaptiveSizePolicyWeight                 = 90                                        {product} {command line}
     intx CICompilerCount                          = 4                                         {product} {ergonomic}
    uintx GCTimeRatio                              = 4                                         {product} {command line}
   size_t InitialHeapSize                          = 104857600                                 {product} {command line}
   size_t MaxHeapSize                              = 2147483648                                {product} {command line}
   size_t MaxNewSize                               = 715653120                                 {product} {ergonomic}
   size_t MinHeapDeltaBytes                        = 524288                                    {product} {ergonomic}
   size_t MinHeapSize                              = 104857600                                 {product} {command line}
   size_t NewSize                                  = 34603008                                  {product} {ergonomic}
    uintx NonNMethodCodeHeapSize                   = 5839372                                {pd product} {ergonomic}
    uintx NonProfiledCodeHeapSize                  = 122909434                              {pd product} {ergonomic}
   size_t OldSize                                  = 70254592                                  {product} {ergonomic}
    uintx ProfiledCodeHeapSize                     = 122909434                              {pd product} {ergonomic}
    uintx ReservedCodeCacheSize                    = 251658240                              {pd product} {ergonomic}
     bool SegmentedCodeCache                       = true                                      {product} {ergonomic}
   size_t SoftMaxHeapSize                          = 2147483648                             {manageable} {ergonomic}
     bool UseCompressedOops                        = true                           {product lp64_product} {ergonomic}
     bool UseLargePagesIndividualAllocation        = false                                  {pd product} {ergonomic}
     bool UseParallelGC                            = true                                      {product} {command line}

Logging:
Log output configuration:
 #0: stdout all=off uptime,level,tags foldmultilines=false
 #1: stderr all=off uptime,level,tags foldmultilines=false

Release file:
JAVA_VERSION="21.0.12.1" 
MODULES="java.base java.compiler java.datatransfer java.xml java.prefs java.desktop java.instrument java.logging java.management java.security.sasl java.naming java.rmi java.management.rmi java.net.http java.scripting java.security.jgss java.transaction.xa java.sql java.sql.rowset java.xml.crypto java.se java.smartcardio jdk.accessibility jdk.internal.jvmstat jdk.attach jdk.charsets jdk.internal.opt jdk.zipfs jdk.compiler jdk.crypto.ec jdk.crypto.cryptoki jdk.crypto.mscapi jdk.dynalink jdk.internal.ed jdk.editpad jdk.hotspot.agent jdk.httpserver jdk.internal.le jdk.internal.vm.ci jdk.internal.vm.compiler jdk.internal.vm.compiler.management jdk.jartool jdk.javadoc jdk.jcmd jdk.management jdk.management.agent jdk.jconsole jdk.jdeps jdk.jdwp.agent jdk.jdi jdk.jfr jdk.jshell jdk.jsobject jdk.jstatd jdk.localedata jdk.management.jfr jdk.naming.dns jdk.naming.rmi jdk.net jdk.nio.mapmode jdk.random jdk.sctp jdk.security.auth jdk.security.jgss jdk.unsupported jdk.unsupported.desktop jdk.xml.dom" 

Environment Variables:
JAVA_HOME=C:\Program Files\Microsoft\jdk-17.0.18.8-hotspot
PATH=C:\Program Files\Microsoft\jdk-17.0.18.8-hotspot\bin;C:\WINDOWS\system32;C:\WINDOWS;C:\WINDOWS\System32\Wbem;C:\WINDOWS\System32\WindowsPowerShell\v1.0\;C:\WINDOWS\System32\OpenSSH\;C:\MinGW\bin;C:\Program Files\nodejs\;C:\Program Files\Git\cmd;C:\Program Files\Microsoft\jdk-17.0.18.8-hotspot\bin;C:\Users\aflahal01\AppData\Local\Android\Sdk\platform-tools;C:\xampp\php;C:\Program Files\Common Files\Oracle\Java\javapath;C:\ProgramData\chocolatey\bin;C:\ProgramData\chocolatey\lib\maven\apache-maven-3.9.15\bin;C:\Program Files\Cloudflare\Cloudflare WARP\;C:\Program Files\dotnet\;C:\Users\aflahal01\AppData\Local\Programs\Python\Python312\Scripts\;C:\Users\aflahal01\AppData\Local\Programs\Python\Python312\;C:\Users\aflahal01\AppData\Local\Microsoft\WindowsApps;C:\Users\aflahal01\AppData\Local\Programs\Microsoft VS Code\bin;C:\Users\aflahal01\AppData\Roaming\npm;C:\Users\aflahal01\AppData\Local\Programs\Antigravity\bin;C:\src\flutter\bin;C:\Gradle\gradle-8.5\bin
USERNAME=aflahal01
OS=Windows_NT
PROCESSOR_IDENTIFIER=Intel64 Family 6 Model 154 Stepping 3, GenuineIntel
TMP=C:\Users\AFLAHA~1\AppData\Local\Temp
TEMP=C:\Users\AFLAHA~1\AppData\Local\Temp




Periodic native trim disabled

---------------  S Y S T E M  ---------------

OS:
 Windows 11 , 64 bit Build 26100 (10.0.26100.9444)
OS uptime: 2 days 9:28 hours
Hyper-V role detected

CPU: total 12 (initial active 12) (6 cores per cpu, 2 threads per core) family 6 model 154 stepping 3 microcode 0x429, cx8, cmov, fxsr, ht, mmx, 3dnowpref, sse, sse2, sse3, ssse3, sse4.1, sse4.2, popcnt, lzcnt, tsc, tscinvbit, avx, avx2, aes, erms, clmul, bmi1, bmi2, adx, sha, fma, vzeroupper, clflush, clflushopt, clwb, hv, serialize, rdtscp, rdpid, fsrm, f16c, cet_ibt, cet_ss
Processor Information for processor 0
  Max Mhz: 2000, Current Mhz: 2000, Mhz Limit: 2000
Processor Information for processor 1
  Max Mhz: 2000, Current Mhz: 2000, Mhz Limit: 2000
Processor Information for processor 2
  Max Mhz: 2000, Current Mhz: 2000, Mhz Limit: 2000
Processor Information for processor 3
  Max Mhz: 2000, Current Mhz: 2000, Mhz Limit: 2000
Processor Information for processor 4
  Max Mhz: 2000, Current Mhz: 2000, Mhz Limit: 2000
Processor Information for processor 5
  Max Mhz: 2000, Current Mhz: 2000, Mhz Limit: 2000
Processor Information for processor 6
  Max Mhz: 2000, Current Mhz: 2000, Mhz Limit: 2000
Processor Information for processor 7
  Max Mhz: 2000, Current Mhz: 2000, Mhz Limit: 2000
Processor Information for processor 8
  Max Mhz: 2000, Current Mhz: 1500, Mhz Limit: 1500
Processor Information for processor 9
  Max Mhz: 2000, Current Mhz: 1500, Mhz Limit: 1500
Processor Information for processor 10
  Max Mhz: 2000, Current Mhz: 1500, Mhz Limit: 1500
Processor Information for processor 11
  Max Mhz: 2000, Current Mhz: 1500, Mhz Limit: 1500

Memory: 4k page, system-wide physical 16076M (249M free)
TotalPageFile size 32460M (AvailPageFile size 13M)
current process WorkingSet (physical memory assigned to process): 103M, peak: 246M
current process commit charge ("private bytes"): 329M, peak: 353M

vm_info: OpenJDK 64-Bit Server VM (21.0.12.1+1-LTS) for windows-amd64 JRE (21.0.12.1+1-LTS), built on 2026-08-18T00:00:00Z by "admin" with MS VC++ 17.12 (VS2022)

END.
